[2026-08-03 19:35:57] INFO: 程序启动，日志系统初始化成功
[2026-08-03 19:35:57] INFO: 主窗口初始化完成
[2026-08-03 19:35:57] INFO: TCP控制服务器已启动，端口8888
[2026-08-03 19:35:58] INFO: ? 已连接虚拟光度计 (二进制协议)
[2026-08-03 19:35:59] INFO: 用户点击“开始测试”
[2026-08-03 19:35:59] INFO: 测试流程启动，进入预热状态
[2026-08-03 19:36:00] INFO: 采集进度: 0 / 30
[2026-08-03 19:36:00] INFO: 采集进度: 0 / 30
[2026-08-03 19:36:01] INFO: 采集进度: 0 / 30
[2026-08-03 19:36:01] INFO: 采集进度: 0 / 30
[2026-08-03 19:36:01] INFO: 预热完成，进入采集状态
[2026-08-03 19:36:04] INFO: 采集进度: 5 / 30
[2026-08-03 19:36:06] INFO: 采集进度: 10 / 30
[2026-08-03 19:36:09] INFO: 采集进度: 15 / 30
[2026-08-03 19:36:11] INFO: 采集进度: 20 / 30
[2026-08-03 19:36:14] INFO: 采集进度: 25 / 30
[2026-08-03 19:36:16] INFO: 测试完成！平均OD: 1.2982，浓度: 6.05 mmol/L
[2026-08-03 19:36:16] INFO: 计算完成，进入完成状态
[2026-08-03 19:36:16] INFO: 采集进度: 30 / 30
[2026-08-03 19:36:18] INFO: 用户点击导出PDF报告
[2026-08-03 19:36:21] INFO: PDF页面尺寸: 2145 x 3174
[2026-08-03 19:36:21] INFO: 曲线截图已嵌入，尺寸: 754x230
[2026-08-03 19:36:21] INFO: PDF报告已生成: C:/Users/22836/Desktop/Report_20260803_193618.pdf
[2026-08-03 19:38:19] INFO: ?? 虚拟光度计断开
[2026-08-03 19:38:21] INFO: 用户点击“开始测试”
[2026-08-03 19:38:21] WARNING: 点击开始测试但未连接虚拟光度计
[2026-08-03 19:38:22] INFO: 程序正常退出，日志系统关闭
