[2026-08-04 09:55:15] INFO: 程序启动，日志系统初始化成功
[2026-08-04 09:55:15] INFO: 主窗口初始化完成
[2026-08-04 09:55:15] INFO: TCP控制服务器已启动，端口8888
[2026-08-04 09:55:16] INFO: 正在连接LIS服务器 127.0.0.1:9997...
[2026-08-04 09:55:16] INFO: ? 已连接虚拟光度计 (二进制协议)
[2026-08-04 09:55:16] INFO: LIS服务器已连接
[2026-08-04 09:55:17] INFO: 用户点击“开始测试”
[2026-08-04 09:55:17] INFO: 测试流程启动，进入预热状态
[2026-08-04 09:55:17] INFO: 采集进度: 0 / 30
[2026-08-04 09:55:18] INFO: 采集进度: 0 / 30
[2026-08-04 09:55:18] INFO: 采集进度: 0 / 30
[2026-08-04 09:55:19] INFO: 采集进度: 0 / 30
[2026-08-04 09:55:19] INFO: 预热完成，进入采集状态
[2026-08-04 09:55:21] INFO: 采集进度: 5 / 30
[2026-08-04 09:55:24] INFO: 采集进度: 10 / 30
[2026-08-04 09:55:27] INFO: 采集进度: 15 / 30
[2026-08-04 09:55:29] INFO: 采集进度: 20 / 30
[2026-08-04 09:55:32] INFO: 采集进度: 25 / 30
[2026-08-04 09:55:34] INFO: 测试完成！平均OD: 1.3339，浓度: 6.24 mmol/L
[2026-08-04 09:55:34] INFO: 测试记录已保存到数据库
[2026-08-04 09:55:34] INFO: LIS数据发送成功
[2026-08-04 09:55:34] INFO: 向LIS发送结果: MSH|^~\&|VitroSim|Device001|LIS|LIS001|20260804095534||ORU^R01|MSG095534|P|2.3
PID|1||P001||Test^Patient
OBR|1|2026-08-04 09:55:34|20260804095534|OD^吸光度^L|||2026-08-04 09:55:34
OBX|1|NM|OD^吸光度||1.3339|OD|0.0-2.5|N|||F
OBX|2|NM|CONC^浓度||6.24|mmol/L|0.0-20.0|N|||F

[2026-08-04 09:55:34] INFO: 计算完成，进入完成状态
[2026-08-04 09:55:34] INFO: 采集进度: 30 / 30
[2026-08-04 09:56:00] INFO: LIS数据发送成功
[2026-08-04 09:56:00] INFO: 向LIS发送结果: MSH|^~\&|VitroSim|Device001|LIS|LIS001|20260804095534||ORU^R01|MSG095600|P|2.3
PID|1||P001||Test^Patient
OBR|1|2026-08-04 09:55:34|20260804095600|OD^吸光度^L|||2026-08-04 09:55:34
OBX|1|NM|OD^吸光度||1.3339|OD|0.0-2.5|N|||F
OBX|2|NM|CONC^浓度||6.24|mmol/L|0.0-20.0|N|||F

[2026-08-04 10:00:02] ERROR: LIS错误: The remote host closed the connection
[2026-08-04 10:00:02] WARNING: LIS服务器已断开
[2026-08-04 10:00:03] INFO: 程序正常退出，日志系统关闭
