[2026-08-03 21:49:26] INFO: 程序启动，日志系统初始化成功
[2026-08-03 21:49:26] INFO: 主窗口初始化完成
[2026-08-03 21:49:26] INFO: TCP控制服务器已启动，端口8888
[2026-08-03 21:49:27] INFO: ? 已连接虚拟光度计 (二进制协议)
[2026-08-03 21:49:28] INFO: 用户点击“开始测试”
[2026-08-03 21:49:28] INFO: 测试流程启动，进入预热状态
[2026-08-03 21:49:28] INFO: 采集进度: 0 / 30
[2026-08-03 21:49:29] INFO: 采集进度: 0 / 30
[2026-08-03 21:49:29] INFO: 采集进度: 0 / 30
[2026-08-03 21:49:30] INFO: 采集进度: 0 / 30
[2026-08-03 21:49:30] INFO: 预热完成，进入采集状态
[2026-08-03 21:49:32] INFO: 采集进度: 5 / 30
[2026-08-03 21:49:35] INFO: 采集进度: 10 / 30
[2026-08-03 21:49:37] INFO: 采集进度: 15 / 30
[2026-08-03 21:49:40] INFO: 采集进度: 20 / 30
[2026-08-03 21:49:43] INFO: 采集进度: 25 / 30
[2026-08-03 21:49:45] INFO: 测试完成！平均OD: 1.2942，浓度: 6.03 mmol/L
[2026-08-03 21:49:45] INFO: 计算完成，进入完成状态
[2026-08-03 21:49:45] INFO: 采集进度: 30 / 30
[2026-08-03 21:50:14] INFO: 用户点击导出PDF报告
[2026-08-03 21:50:16] INFO: PDF页面尺寸: 2145 x 3174
[2026-08-03 21:50:16] INFO: 曲线截图已嵌入，尺寸: 656x200
[2026-08-03 21:50:17] INFO: PDF报告已生成: C:/Users/22836/Desktop/Report_20260803_215014.pdf
[2026-08-03 21:54:36] INFO: 程序正常退出，日志系统关闭
