[2026-08-04 11:06:47] INFO: 程序启动，日志系统初始化成功
[2026-08-04 11:06:47] INFO: 主窗口初始化完成
[2026-08-04 11:06:47] INFO: TCP控制服务器已启动，端口8888
[2026-08-04 11:06:47] INFO: 正在连接LIS服务器 127.0.0.1:9997...
[2026-08-04 11:06:48] INFO: ? 已连接虚拟光度计 (多通道 JSON)
[2026-08-04 11:06:52] ERROR: LIS错误: Connection refused
[2026-08-04 11:07:00] INFO: 用户点击“开始测试”
[2026-08-04 11:07:03] INFO: 用户点击“开始测试”
[2026-08-04 11:07:03] INFO: 通道 1 采集进度: 0 / 30
[2026-08-04 11:07:04] INFO: 通道 1 采集进度: 0 / 30
[2026-08-04 11:07:04] INFO: 通道 1 采集进度: 0 / 30
[2026-08-04 11:07:05] INFO: 通道 1 采集进度: 0 / 30
[2026-08-04 11:07:05] INFO: 通道 1 采集进度: 0 / 30
[2026-08-04 11:07:06] INFO: 通道 1 采集进度: 0 / 30
[2026-08-04 11:07:06] INFO: 通道 1 采集进度: 0 / 30
[2026-08-04 11:07:07] INFO: 通道 1 采集进度: 0 / 30
[2026-08-04 11:07:07] INFO: 通道 1 采集进度: 0 / 30
[2026-08-04 11:07:08] INFO: 通道 1 采集进度: 0 / 30
[2026-08-04 11:07:08] INFO: 通道 1 采集进度: 0 / 30
[2026-08-04 11:07:09] INFO: 通道 1 采集进度: 0 / 30
[2026-08-04 11:07:09] INFO: 通道 1 采集进度: 0 / 30
[2026-08-04 11:07:10] INFO: 通道 1 采集进度: 0 / 30
[2026-08-04 11:07:10] INFO: 通道 1 采集进度: 0 / 30
[2026-08-04 11:07:11] INFO: 通道 1 采集进度: 0 / 30
[2026-08-04 11:07:11] INFO: 通道 1 采集进度: 0 / 30
[2026-08-04 11:07:12] INFO: 通道 1 采集进度: 0 / 30
[2026-08-04 11:07:12] INFO: 通道 1 采集进度: 0 / 30
[2026-08-04 11:07:13] INFO: 通道 1 采集进度: 0 / 30
[2026-08-04 11:07:13] INFO: 通道 1 采集进度: 0 / 30
[2026-08-04 11:07:14] INFO: 通道 1 采集进度: 0 / 30
[2026-08-04 11:07:15] INFO: 通道 1 采集进度: 0 / 30
[2026-08-04 11:07:15] INFO: 通道 1 采集进度: 0 / 30
[2026-08-04 11:07:16] INFO: 通道 1 采集进度: 0 / 30
[2026-08-04 11:07:16] INFO: 通道 1 采集进度: 0 / 30
[2026-08-04 11:07:17] INFO: 通道 1 采集进度: 0 / 30
[2026-08-04 11:07:17] INFO: 通道 1 采集进度: 0 / 30
[2026-08-04 11:07:18] INFO: 通道 1 采集进度: 0 / 30
[2026-08-04 11:07:18] INFO: 通道 1 采集进度: 0 / 30
[2026-08-04 11:07:19] INFO: 通道 1 采集进度: 0 / 30
[2026-08-04 11:07:19] INFO: 通道 1 采集进度: 0 / 30
[2026-08-04 11:07:20] INFO: 通道 1 采集进度: 0 / 30
[2026-08-04 11:07:20] INFO: 通道 1 采集进度: 0 / 30
[2026-08-04 11:07:21] INFO: 通道 1 采集进度: 0 / 30
[2026-08-04 11:07:21] INFO: 通道 1 采集进度: 0 / 30
[2026-08-04 11:07:22] INFO: 通道 1 采集进度: 0 / 30
[2026-08-04 11:07:22] INFO: 通道 10 采集进度: 30 / 30
[2026-08-04 11:07:23] INFO: 通道 11 采集进度: 30 / 30
[2026-08-04 11:07:23] INFO: 通道 11 采集进度: 30 / 30
[2026-08-04 11:07:24] INFO: 通道 10 采集进度: 30 / 30
[2026-08-04 11:07:24] INFO: 通道 9 采集进度: 30 / 30
[2026-08-04 11:07:25] INFO: 通道 9 采集进度: 30 / 30
[2026-08-04 11:07:25] INFO: 通道 9 采集进度: 30 / 30
[2026-08-04 11:07:26] INFO: 通道 9 采集进度: 30 / 30
[2026-08-04 11:07:26] INFO: 通道 9 采集进度: 30 / 30
[2026-08-04 11:07:27] INFO: 通道 9 采集进度: 30 / 30
[2026-08-04 11:07:27] INFO: 通道 9 采集进度: 30 / 30
[2026-08-04 11:07:28] INFO: 通道 9 采集进度: 30 / 30
[2026-08-04 11:07:28] INFO: 通道 9 采集进度: 30 / 30
[2026-08-04 11:07:29] INFO: 通道 9 采集进度: 30 / 30
[2026-08-04 11:07:29] INFO: 通道 9 采集进度: 30 / 30
[2026-08-04 11:07:30] INFO: 通道 9 采集进度: 30 / 30
[2026-08-04 11:07:30] INFO: 通道 9 采集进度: 30 / 30
[2026-08-04 11:07:31] INFO: 通道 10 采集进度: 30 / 30
[2026-08-04 11:07:31] INFO: 通道 10 采集进度: 30 / 30
[2026-08-04 11:07:32] INFO: 通道 10 采集进度: 30 / 30
[2026-08-04 11:07:32] INFO: 通道 10 采集进度: 30 / 30
[2026-08-04 11:07:33] INFO: 通道 11 采集进度: 30 / 30
[2026-08-04 11:07:33] INFO: 通道 11 采集进度: 30 / 30
[2026-08-04 11:07:34] INFO: 通道 11 采集进度: 30 / 30
[2026-08-04 11:07:34] INFO: 通道 11 采集进度: 30 / 30
[2026-08-04 11:07:35] INFO: 通道 11 采集进度: 30 / 30
[2026-08-04 11:07:35] INFO: 通道 11 采集进度: 30 / 30
[2026-08-04 11:07:36] INFO: 通道 11 采集进度: 30 / 30
[2026-08-04 11:07:36] INFO: 通道 11 采集进度: 30 / 30
[2026-08-04 11:07:37] INFO: 通道 11 采集进度: 30 / 30
[2026-08-04 11:07:37] INFO: 通道 11 采集进度: 30 / 30
[2026-08-04 11:07:38] INFO: 通道 11 采集进度: 30 / 30
[2026-08-04 11:07:38] INFO: 通道 11 采集进度: 30 / 30
[2026-08-04 11:07:39] INFO: 通道 11 采集进度: 30 / 30
[2026-08-04 11:07:39] INFO: 通道 11 采集进度: 30 / 30
[2026-08-04 11:07:40] INFO: 通道 11 采集进度: 30 / 30
[2026-08-04 11:07:40] INFO: 通道 11 采集进度: 30 / 30
[2026-08-04 11:07:41] INFO: 通道 11 采集进度: 30 / 30
[2026-08-04 11:07:41] INFO: 通道 11 采集进度: 30 / 30
[2026-08-04 11:07:42] INFO: 通道 11 采集进度: 30 / 30
[2026-08-04 11:07:42] INFO: 通道 11 采集进度: 30 / 30
[2026-08-04 11:07:43] INFO: 通道 11 采集进度: 30 / 30
[2026-08-04 11:07:43] INFO: 通道 11 采集进度: 30 / 30
[2026-08-04 11:07:44] INFO: 通道 11 采集进度: 30 / 30
[2026-08-04 11:07:45] INFO: 通道 11 采集进度: 30 / 30
[2026-08-04 11:07:45] INFO: 通道 11 采集进度: 30 / 30
[2026-08-04 11:07:46] INFO: 通道 11 采集进度: 30 / 30
[2026-08-04 11:07:46] INFO: 通道 11 采集进度: 30 / 30
[2026-08-04 11:07:47] INFO: 通道 11 采集进度: 30 / 30
[2026-08-04 11:07:47] INFO: 通道 11 采集进度: 30 / 30
[2026-08-04 11:07:48] INFO: 通道 11 采集进度: 30 / 30
[2026-08-04 11:07:48] INFO: 通道 11 采集进度: 30 / 30
[2026-08-04 11:07:49] INFO: 通道 11 采集进度: 30 / 30
[2026-08-04 11:07:49] INFO: 通道 11 采集进度: 30 / 30
[2026-08-04 11:07:50] INFO: 通道 11 采集进度: 30 / 30
[2026-08-04 11:07:50] INFO: 通道 11 采集进度: 30 / 30
[2026-08-04 11:07:51] INFO: 通道 11 采集进度: 30 / 30
[2026-08-04 11:07:51] INFO: 通道 11 采集进度: 30 / 30
[2026-08-04 11:07:52] INFO: 通道 11 采集进度: 30 / 30
[2026-08-04 11:07:52] INFO: 通道 11 采集进度: 30 / 30
[2026-08-04 11:07:53] INFO: 通道 11 采集进度: 30 / 30
[2026-08-04 11:07:53] INFO: 通道 11 采集进度: 30 / 30
[2026-08-04 11:07:54] INFO: 通道 11 采集进度: 30 / 30
[2026-08-04 11:07:54] INFO: 通道 11 采集进度: 30 / 30
[2026-08-04 11:07:55] INFO: 通道 11 采集进度: 30 / 30
[2026-08-04 11:07:55] INFO: 通道 11 采集进度: 30 / 30
[2026-08-04 11:07:56] INFO: 通道 11 采集进度: 30 / 30
[2026-08-04 11:07:56] INFO: 通道 11 采集进度: 30 / 30
[2026-08-04 11:07:57] INFO: 通道 11 采集进度: 30 / 30
[2026-08-04 11:07:57] INFO: 通道 11 采集进度: 30 / 30
[2026-08-04 11:07:58] INFO: 通道 11 采集进度: 30 / 30
[2026-08-04 11:07:58] INFO: 通道 11 采集进度: 30 / 30
[2026-08-04 11:07:59] INFO: 通道 11 采集进度: 30 / 30
[2026-08-04 11:07:59] INFO: 通道 11 采集进度: 30 / 30
[2026-08-04 11:08:00] INFO: 通道 11 采集进度: 30 / 30
[2026-08-04 11:08:00] INFO: 通道 11 采集进度: 30 / 30
[2026-08-04 11:08:01] INFO: 通道 11 采集进度: 30 / 30
[2026-08-04 11:08:01] INFO: 通道 11 采集进度: 30 / 30
[2026-08-04 11:08:02] INFO: 通道 11 采集进度: 30 / 30
[2026-08-04 11:08:02] INFO: 通道 11 采集进度: 30 / 30
[2026-08-04 11:08:03] INFO: 通道 11 采集进度: 30 / 30
[2026-08-04 11:08:03] INFO: 通道 11 采集进度: 30 / 30
[2026-08-04 11:08:04] INFO: 通道 11 采集进度: 30 / 30
[2026-08-04 11:08:04] INFO: 通道 11 采集进度: 30 / 30
[2026-08-04 11:08:05] INFO: 通道 11 采集进度: 30 / 30
[2026-08-04 11:08:05] INFO: 通道 11 采集进度: 30 / 30
[2026-08-04 11:08:06] INFO: 通道 11 采集进度: 30 / 30
[2026-08-04 11:08:06] INFO: 通道 11 采集进度: 30 / 30
[2026-08-04 11:08:07] INFO: 通道 11 采集进度: 30 / 30
[2026-08-04 11:08:07] INFO: 通道 11 采集进度: 30 / 30
[2026-08-04 11:08:08] INFO: 通道 11 采集进度: 30 / 30
[2026-08-04 11:08:08] INFO: 通道 11 采集进度: 30 / 30
[2026-08-04 11:08:09] INFO: 通道 11 采集进度: 30 / 30
[2026-08-04 11:08:09] INFO: 通道 11 采集进度: 30 / 30
[2026-08-04 11:08:10] INFO: 通道 11 采集进度: 30 / 30
[2026-08-04 11:08:10] INFO: 通道 11 采集进度: 30 / 30
[2026-08-04 11:08:11] INFO: 通道 11 采集进度: 30 / 30
[2026-08-04 11:08:11] INFO: 通道 11 采集进度: 30 / 30
[2026-08-04 11:08:12] INFO: 通道 11 采集进度: 30 / 30
[2026-08-04 11:08:12] INFO: 通道 11 采集进度: 30 / 30
[2026-08-04 11:08:13] INFO: 通道 11 采集进度: 30 / 30
[2026-08-04 11:08:13] INFO: 通道 11 采集进度: 30 / 30
[2026-08-04 11:08:14] INFO: 通道 11 采集进度: 30 / 30
[2026-08-04 11:08:14] INFO: 通道 11 采集进度: 30 / 30
[2026-08-04 11:08:15] INFO: 通道 11 采集进度: 30 / 30
[2026-08-04 11:08:15] INFO: 通道 11 采集进度: 30 / 30
[2026-08-04 11:08:16] INFO: 通道 11 采集进度: 30 / 30
[2026-08-04 11:08:17] INFO: 通道 11 采集进度: 30 / 30
[2026-08-04 11:08:17] INFO: 通道 11 采集进度: 30 / 30
[2026-08-04 11:08:18] INFO: 通道 11 采集进度: 30 / 30
[2026-08-04 11:08:18] INFO: 通道 11 采集进度: 30 / 30
[2026-08-04 11:08:19] INFO: 通道 11 采集进度: 30 / 30
[2026-08-04 11:08:19] INFO: 通道 11 采集进度: 30 / 30
[2026-08-04 11:08:20] INFO: 通道 11 采集进度: 30 / 30
[2026-08-04 11:08:20] INFO: 通道 11 采集进度: 30 / 30
[2026-08-04 11:08:21] INFO: 通道 11 采集进度: 30 / 30
[2026-08-04 11:08:21] INFO: 通道 11 采集进度: 30 / 30
[2026-08-04 11:08:22] INFO: 通道 11 采集进度: 30 / 30
[2026-08-04 11:08:22] INFO: 通道 11 采集进度: 30 / 30
[2026-08-04 11:08:23] INFO: 通道 11 采集进度: 30 / 30
[2026-08-04 11:08:23] INFO: 通道 11 采集进度: 30 / 30
[2026-08-04 11:08:24] INFO: 通道 11 采集进度: 30 / 30
[2026-08-04 11:08:24] INFO: 通道 11 采集进度: 30 / 30
[2026-08-04 11:08:25] INFO: 通道 11 采集进度: 30 / 30
[2026-08-04 11:08:25] INFO: 通道 11 采集进度: 30 / 30
[2026-08-04 11:08:26] INFO: 通道 11 采集进度: 30 / 30
[2026-08-04 11:08:26] INFO: 通道 11 采集进度: 30 / 30
[2026-08-04 11:08:27] INFO: 通道 11 采集进度: 30 / 30
[2026-08-04 11:08:27] INFO: 通道 11 采集进度: 30 / 30
[2026-08-04 11:08:28] INFO: 通道 11 采集进度: 30 / 30
[2026-08-04 11:08:28] INFO: 通道 11 采集进度: 30 / 30
[2026-08-04 11:08:29] INFO: 通道 11 采集进度: 30 / 30
[2026-08-04 11:08:29] INFO: 通道 11 采集进度: 30 / 30
[2026-08-04 11:08:30] INFO: 通道 11 采集进度: 30 / 30
[2026-08-04 11:08:30] INFO: 通道 11 采集进度: 30 / 30
[2026-08-04 11:08:31] INFO: 通道 11 采集进度: 30 / 30
[2026-08-04 11:08:31] INFO: 通道 11 采集进度: 30 / 30
[2026-08-04 11:08:32] INFO: 通道 11 采集进度: 30 / 30
[2026-08-04 11:08:32] INFO: 通道 11 采集进度: 30 / 30
[2026-08-04 11:08:33] INFO: 通道 11 采集进度: 30 / 30
[2026-08-04 11:08:33] INFO: 通道 11 采集进度: 30 / 30
[2026-08-04 11:08:34] INFO: 通道 11 采集进度: 30 / 30
[2026-08-04 11:08:34] INFO: 通道 11 采集进度: 30 / 30
[2026-08-04 11:08:35] INFO: 通道 11 采集进度: 30 / 30
[2026-08-04 11:08:35] INFO: 通道 11 采集进度: 30 / 30
[2026-08-04 11:08:36] INFO: 通道 11 采集进度: 30 / 30
[2026-08-04 11:08:36] INFO: 通道 11 采集进度: 30 / 30
[2026-08-04 11:08:37] INFO: 通道 11 采集进度: 30 / 30
[2026-08-04 11:08:37] INFO: 通道 11 采集进度: 30 / 30
[2026-08-04 11:08:38] INFO: 通道 11 采集进度: 30 / 30
[2026-08-04 11:08:38] INFO: 通道 11 采集进度: 30 / 30
[2026-08-04 11:08:39] INFO: 通道 11 采集进度: 30 / 30
[2026-08-04 11:08:39] INFO: 通道 11 采集进度: 30 / 30
[2026-08-04 11:08:40] INFO: 通道 11 采集进度: 30 / 30
[2026-08-04 11:08:40] INFO: 通道 11 采集进度: 30 / 30
[2026-08-04 11:08:41] INFO: 通道 11 采集进度: 30 / 30
[2026-08-04 11:08:41] INFO: 通道 11 采集进度: 30 / 30
[2026-08-04 11:08:42] INFO: 通道 11 采集进度: 30 / 30
[2026-08-04 11:08:42] INFO: 通道 11 采集进度: 30 / 30
[2026-08-04 11:08:43] INFO: 通道 11 采集进度: 30 / 30
[2026-08-04 11:08:44] INFO: 通道 11 采集进度: 30 / 30
[2026-08-04 11:08:44] INFO: 通道 11 采集进度: 30 / 30
[2026-08-04 11:08:45] INFO: 通道 11 采集进度: 30 / 30
[2026-08-04 11:08:45] INFO: 通道 11 采集进度: 30 / 30
[2026-08-04 11:08:46] INFO: 通道 11 采集进度: 30 / 30
[2026-08-04 11:08:46] INFO: 通道 11 采集进度: 30 / 30
[2026-08-04 11:08:47] INFO: 通道 11 采集进度: 30 / 30
[2026-08-04 11:08:47] INFO: 通道 11 采集进度: 30 / 30
[2026-08-04 11:08:48] INFO: 通道 11 采集进度: 30 / 30
[2026-08-04 11:08:48] INFO: 通道 11 采集进度: 30 / 30
[2026-08-04 11:08:49] INFO: 通道 11 采集进度: 30 / 30
[2026-08-04 11:08:49] INFO: 通道 11 采集进度: 30 / 30
[2026-08-04 11:08:50] INFO: 通道 11 采集进度: 30 / 30
[2026-08-04 11:08:50] INFO: 通道 11 采集进度: 30 / 30
[2026-08-04 11:08:51] INFO: 通道 11 采集进度: 30 / 30
[2026-08-04 11:08:51] INFO: 通道 11 采集进度: 30 / 30
[2026-08-04 11:08:52] INFO: 通道 11 采集进度: 30 / 30
[2026-08-04 11:08:52] INFO: 通道 11 采集进度: 30 / 30
[2026-08-04 11:08:53] INFO: 通道 11 采集进度: 30 / 30
[2026-08-04 11:08:53] INFO: 通道 11 采集进度: 30 / 30
[2026-08-04 11:08:54] INFO: 通道 11 采集进度: 30 / 30
[2026-08-04 11:08:54] INFO: 通道 11 采集进度: 30 / 30
[2026-08-04 11:08:55] INFO: 通道 11 采集进度: 30 / 30
[2026-08-04 11:08:55] INFO: 通道 11 采集进度: 30 / 30
[2026-08-04 11:08:56] INFO: 通道 11 采集进度: 30 / 30
[2026-08-04 11:08:56] INFO: 通道 11 采集进度: 30 / 30
[2026-08-04 11:08:57] INFO: 通道 11 采集进度: 30 / 30
[2026-08-04 11:08:57] INFO: 通道 11 采集进度: 30 / 30
[2026-08-04 11:08:58] INFO: 通道 11 采集进度: 30 / 30
[2026-08-04 11:08:58] INFO: 通道 11 采集进度: 30 / 30
[2026-08-04 11:08:59] INFO: 通道 11 采集进度: 30 / 30
[2026-08-04 11:08:59] INFO: 通道 11 采集进度: 30 / 30
[2026-08-04 11:09:00] INFO: 通道 11 采集进度: 30 / 30
[2026-08-04 11:09:00] INFO: 通道 11 采集进度: 30 / 30
[2026-08-04 11:09:01] INFO: 通道 11 采集进度: 30 / 30
[2026-08-04 11:09:01] INFO: 通道 11 采集进度: 30 / 30
[2026-08-04 11:09:02] INFO: 通道 11 采集进度: 30 / 30
[2026-08-04 11:09:02] INFO: 通道 11 采集进度: 30 / 30
[2026-08-04 11:09:03] INFO: 通道 11 采集进度: 30 / 30
[2026-08-04 11:09:03] INFO: 通道 11 采集进度: 30 / 30
[2026-08-04 11:09:04] INFO: 通道 11 采集进度: 30 / 30
[2026-08-04 11:09:04] INFO: 通道 11 采集进度: 30 / 30
[2026-08-04 11:09:05] INFO: 通道 11 采集进度: 30 / 30
[2026-08-04 11:09:05] INFO: 通道 11 采集进度: 30 / 30
[2026-08-04 11:09:06] INFO: 通道 11 采集进度: 30 / 30
[2026-08-04 11:09:06] INFO: 通道 11 采集进度: 30 / 30
[2026-08-04 11:09:07] INFO: 通道 11 采集进度: 30 / 30
[2026-08-04 11:09:07] INFO: 通道 11 采集进度: 30 / 30
[2026-08-04 11:09:08] INFO: 通道 11 采集进度: 30 / 30
[2026-08-04 11:09:08] INFO: 通道 11 采集进度: 30 / 30
[2026-08-04 11:09:09] INFO: 通道 11 采集进度: 30 / 30
[2026-08-04 11:09:09] INFO: 通道 11 采集进度: 30 / 30
[2026-08-04 11:09:10] INFO: 通道 11 采集进度: 30 / 30
[2026-08-04 11:09:10] INFO: 通道 11 采集进度: 30 / 30
[2026-08-04 11:09:11] INFO: 通道 11 采集进度: 30 / 30
[2026-08-04 11:09:11] INFO: 通道 11 采集进度: 30 / 30
[2026-08-04 11:09:12] INFO: 通道 11 采集进度: 30 / 30
[2026-08-04 11:09:12] INFO: 通道 11 采集进度: 30 / 30
[2026-08-04 11:09:13] INFO: 通道 11 采集进度: 30 / 30
[2026-08-04 11:09:13] INFO: 通道 11 采集进度: 30 / 30
[2026-08-04 11:09:14] INFO: 通道 11 采集进度: 30 / 30
[2026-08-04 11:09:14] INFO: 通道 11 采集进度: 30 / 30
[2026-08-04 11:09:15] INFO: 通道 11 采集进度: 30 / 30
[2026-08-04 11:09:16] INFO: 通道 11 采集进度: 30 / 30
[2026-08-04 11:09:16] INFO: 通道 11 采集进度: 30 / 30
[2026-08-04 11:09:17] INFO: 通道 11 采集进度: 30 / 30
[2026-08-04 11:09:17] INFO: 通道 11 采集进度: 30 / 30
[2026-08-04 11:09:18] INFO: 通道 11 采集进度: 30 / 30
[2026-08-04 11:09:18] INFO: 通道 11 采集进度: 30 / 30
[2026-08-04 11:09:19] INFO: 通道 11 采集进度: 30 / 30
[2026-08-04 11:09:19] INFO: 通道 11 采集进度: 30 / 30
[2026-08-04 11:09:20] INFO: 通道 11 采集进度: 30 / 30
[2026-08-04 11:09:20] INFO: 通道 11 采集进度: 30 / 30
[2026-08-04 11:09:21] INFO: 通道 11 采集进度: 30 / 30
[2026-08-04 11:09:21] INFO: 通道 11 采集进度: 30 / 30
[2026-08-04 11:09:22] INFO: 通道 11 采集进度: 30 / 30
[2026-08-04 11:09:22] INFO: 通道 11 采集进度: 30 / 30
[2026-08-04 11:09:23] INFO: 通道 11 采集进度: 30 / 30
[2026-08-04 11:09:23] INFO: 通道 11 采集进度: 30 / 30
[2026-08-04 11:09:24] INFO: 通道 11 采集进度: 30 / 30
[2026-08-04 11:09:24] INFO: 通道 11 采集进度: 30 / 30
[2026-08-04 11:09:25] INFO: 通道 11 采集进度: 30 / 30
[2026-08-04 11:09:25] INFO: 通道 11 采集进度: 30 / 30
[2026-08-04 11:09:26] INFO: 通道 11 采集进度: 30 / 30
[2026-08-04 11:09:26] INFO: 通道 11 采集进度: 30 / 30
[2026-08-04 11:09:27] INFO: 通道 11 采集进度: 30 / 30
[2026-08-04 11:09:27] INFO: 通道 11 采集进度: 30 / 30
[2026-08-04 11:09:28] INFO: 通道 11 采集进度: 30 / 30
[2026-08-04 11:09:28] INFO: 通道 11 采集进度: 30 / 30
[2026-08-04 11:09:29] INFO: 通道 11 采集进度: 30 / 30
[2026-08-04 11:09:29] INFO: 通道 11 采集进度: 30 / 30
[2026-08-04 11:09:30] INFO: 通道 11 采集进度: 30 / 30
[2026-08-04 11:09:30] INFO: 通道 11 采集进度: 30 / 30
[2026-08-04 11:09:31] INFO: 通道 11 采集进度: 30 / 30
[2026-08-04 11:09:31] INFO: 通道 11 采集进度: 30 / 30
[2026-08-04 11:09:32] INFO: 通道 11 采集进度: 30 / 30
[2026-08-04 11:09:32] INFO: 通道 11 采集进度: 30 / 30
[2026-08-04 11:09:33] INFO: 通道 11 采集进度: 30 / 30
[2026-08-04 11:09:33] INFO: 通道 11 采集进度: 30 / 30
[2026-08-04 11:09:34] INFO: 通道 11 采集进度: 30 / 30
[2026-08-04 11:09:34] INFO: 通道 11 采集进度: 30 / 30
[2026-08-04 11:09:35] INFO: 通道 11 采集进度: 30 / 30
[2026-08-04 11:09:35] INFO: 通道 11 采集进度: 30 / 30
[2026-08-04 11:09:36] INFO: 通道 11 采集进度: 30 / 30
[2026-08-04 11:09:36] INFO: 通道 11 采集进度: 30 / 30
[2026-08-04 11:09:37] INFO: 通道 11 采集进度: 30 / 30
[2026-08-04 11:09:37] INFO: 通道 11 采集进度: 30 / 30
[2026-08-04 11:09:38] INFO: 通道 11 采集进度: 30 / 30
[2026-08-04 11:09:38] INFO: 通道 11 采集进度: 30 / 30
[2026-08-04 11:09:39] INFO: 通道 11 采集进度: 30 / 30
[2026-08-04 11:09:39] INFO: 通道 11 采集进度: 30 / 30
[2026-08-04 11:09:40] INFO: 通道 11 采集进度: 30 / 30
[2026-08-04 11:09:40] INFO: 通道 11 采集进度: 30 / 30
[2026-08-04 11:09:41] INFO: 通道 11 采集进度: 30 / 30
[2026-08-04 11:09:41] INFO: 通道 11 采集进度: 30 / 30
[2026-08-04 11:09:42] INFO: 通道 11 采集进度: 30 / 30
[2026-08-04 11:09:42] INFO: 通道 11 采集进度: 30 / 30
[2026-08-04 11:09:43] INFO: 通道 11 采集进度: 30 / 30
[2026-08-04 11:09:43] INFO: 通道 11 采集进度: 30 / 30
[2026-08-04 11:09:44] INFO: 通道 11 采集进度: 30 / 30
[2026-08-04 11:09:44] INFO: 通道 11 采集进度: 30 / 30
[2026-08-04 11:09:45] INFO: 通道 11 采集进度: 30 / 30
[2026-08-04 11:09:46] INFO: 通道 11 采集进度: 30 / 30
[2026-08-04 11:09:46] INFO: 通道 11 采集进度: 30 / 30
[2026-08-04 11:09:47] INFO: 通道 11 采集进度: 30 / 30
[2026-08-04 11:09:47] INFO: 通道 11 采集进度: 30 / 30
[2026-08-04 11:09:48] INFO: 通道 11 采集进度: 30 / 30
[2026-08-04 11:09:48] INFO: 通道 11 采集进度: 30 / 30
[2026-08-04 11:09:49] INFO: 通道 11 采集进度: 30 / 30
[2026-08-04 11:09:49] INFO: 通道 11 采集进度: 30 / 30
[2026-08-04 11:09:50] INFO: 通道 11 采集进度: 30 / 30
[2026-08-04 11:09:50] INFO: 通道 11 采集进度: 30 / 30
[2026-08-04 11:09:51] INFO: 通道 11 采集进度: 30 / 30
[2026-08-04 11:09:51] INFO: 通道 11 采集进度: 30 / 30
[2026-08-04 11:09:52] INFO: 通道 11 采集进度: 30 / 30
[2026-08-04 11:09:52] INFO: 通道 11 采集进度: 30 / 30
[2026-08-04 11:09:53] INFO: 通道 11 采集进度: 30 / 30
[2026-08-04 11:09:53] INFO: 通道 11 采集进度: 30 / 30
[2026-08-04 11:09:54] INFO: 通道 11 采集进度: 30 / 30
[2026-08-04 11:09:54] INFO: 通道 11 采集进度: 30 / 30
[2026-08-04 11:09:55] INFO: 通道 11 采集进度: 30 / 30
[2026-08-04 11:09:55] INFO: 通道 11 采集进度: 30 / 30
[2026-08-04 11:09:56] INFO: 通道 11 采集进度: 30 / 30
[2026-08-04 11:09:56] INFO: 通道 11 采集进度: 30 / 30
[2026-08-04 11:09:57] INFO: 通道 11 采集进度: 30 / 30
[2026-08-04 11:09:57] INFO: 通道 11 采集进度: 30 / 30
[2026-08-04 11:09:58] INFO: 通道 11 采集进度: 30 / 30
[2026-08-04 11:09:58] INFO: 通道 11 采集进度: 30 / 30
[2026-08-04 11:09:59] INFO: 通道 11 采集进度: 30 / 30
[2026-08-04 11:09:59] INFO: 通道 11 采集进度: 30 / 30
[2026-08-04 11:10:00] INFO: 通道 11 采集进度: 30 / 30
[2026-08-04 11:10:00] INFO: 通道 11 采集进度: 30 / 30
[2026-08-04 11:10:01] INFO: 通道 11 采集进度: 30 / 30
[2026-08-04 11:10:01] INFO: 通道 11 采集进度: 30 / 30
[2026-08-04 11:10:02] INFO: 通道 11 采集进度: 30 / 30
[2026-08-04 11:10:02] INFO: 通道 11 采集进度: 30 / 30
[2026-08-04 11:10:03] INFO: 通道 11 采集进度: 30 / 30
[2026-08-04 11:10:03] INFO: 通道 11 采集进度: 30 / 30
[2026-08-04 11:10:04] INFO: 通道 11 采集进度: 30 / 30
[2026-08-04 11:10:04] INFO: 通道 11 采集进度: 30 / 30
[2026-08-04 11:10:05] INFO: 通道 11 采集进度: 30 / 30
[2026-08-04 11:10:05] INFO: 通道 11 采集进度: 30 / 30
[2026-08-04 11:10:06] INFO: 通道 11 采集进度: 30 / 30
[2026-08-04 11:10:06] INFO: 通道 11 采集进度: 30 / 30
[2026-08-04 11:10:07] INFO: 通道 11 采集进度: 30 / 30
[2026-08-04 11:10:07] INFO: 通道 11 采集进度: 30 / 30
[2026-08-04 11:10:08] INFO: 通道 11 采集进度: 30 / 30
[2026-08-04 11:10:08] INFO: 通道 11 采集进度: 30 / 30
[2026-08-04 11:10:09] INFO: 通道 11 采集进度: 30 / 30
[2026-08-04 11:10:09] INFO: 通道 11 采集进度: 30 / 30
[2026-08-04 11:10:10] INFO: 通道 11 采集进度: 30 / 30
[2026-08-04 11:10:10] INFO: 通道 11 采集进度: 30 / 30
[2026-08-04 11:10:11] INFO: 通道 11 采集进度: 30 / 30
[2026-08-04 11:10:11] INFO: 通道 11 采集进度: 30 / 30
[2026-08-04 11:10:12] INFO: 通道 11 采集进度: 30 / 30
[2026-08-04 11:10:12] INFO: 通道 11 采集进度: 30 / 30
[2026-08-04 11:10:13] INFO: 通道 11 采集进度: 30 / 30
[2026-08-04 11:10:13] INFO: 通道 11 采集进度: 30 / 30
[2026-08-04 11:10:14] INFO: 通道 11 采集进度: 30 / 30
[2026-08-04 11:10:14] INFO: 通道 11 采集进度: 30 / 30
[2026-08-04 11:10:15] INFO: 通道 11 采集进度: 30 / 30
[2026-08-04 11:10:16] INFO: 通道 11 采集进度: 30 / 30
[2026-08-04 11:10:16] INFO: 通道 11 采集进度: 30 / 30
[2026-08-04 11:10:17] INFO: 通道 11 采集进度: 30 / 30
[2026-08-04 11:10:17] INFO: 通道 11 采集进度: 30 / 30
[2026-08-04 11:10:18] INFO: 通道 11 采集进度: 30 / 30
[2026-08-04 11:10:18] INFO: 通道 11 采集进度: 30 / 30
[2026-08-04 11:10:19] INFO: 通道 11 采集进度: 30 / 30
[2026-08-04 11:10:19] INFO: 通道 11 采集进度: 30 / 30
[2026-08-04 11:10:20] INFO: 通道 11 采集进度: 30 / 30
[2026-08-04 11:10:20] INFO: 通道 11 采集进度: 30 / 30
[2026-08-04 11:10:21] INFO: 通道 11 采集进度: 30 / 30
[2026-08-04 11:10:21] INFO: 通道 11 采集进度: 30 / 30
[2026-08-04 11:10:22] INFO: 通道 11 采集进度: 30 / 30
[2026-08-04 11:10:22] INFO: 通道 11 采集进度: 30 / 30
[2026-08-04 11:10:23] INFO: 通道 11 采集进度: 30 / 30
[2026-08-04 11:10:23] INFO: 通道 11 采集进度: 30 / 30
[2026-08-04 11:10:24] INFO: 通道 11 采集进度: 30 / 30
[2026-08-04 11:10:24] INFO: 通道 11 采集进度: 30 / 30
[2026-08-04 11:10:25] INFO: 通道 11 采集进度: 30 / 30
[2026-08-04 11:10:25] INFO: 通道 11 采集进度: 30 / 30
[2026-08-04 11:10:26] INFO: 通道 11 采集进度: 30 / 30
[2026-08-04 11:10:26] INFO: 通道 11 采集进度: 30 / 30
[2026-08-04 11:10:27] INFO: 通道 11 采集进度: 30 / 30
[2026-08-04 11:10:27] INFO: 通道 11 采集进度: 30 / 30
[2026-08-04 11:10:28] INFO: 通道 11 采集进度: 30 / 30
[2026-08-04 11:10:28] INFO: 通道 11 采集进度: 30 / 30
[2026-08-04 11:10:29] INFO: 通道 11 采集进度: 30 / 30
[2026-08-04 11:10:29] INFO: 通道 11 采集进度: 30 / 30
[2026-08-04 11:10:30] INFO: 通道 11 采集进度: 30 / 30
[2026-08-04 11:10:30] INFO: 通道 11 采集进度: 30 / 30
[2026-08-04 11:10:31] INFO: 通道 11 采集进度: 30 / 30
[2026-08-04 11:10:31] INFO: 通道 11 采集进度: 30 / 30
[2026-08-04 11:10:32] INFO: 通道 11 采集进度: 30 / 30
[2026-08-04 11:10:32] INFO: 通道 11 采集进度: 30 / 30
[2026-08-04 11:10:33] INFO: 通道 11 采集进度: 30 / 30
[2026-08-04 11:10:33] INFO: 通道 11 采集进度: 30 / 30
[2026-08-04 11:10:34] INFO: 通道 11 采集进度: 30 / 30
[2026-08-04 11:10:34] INFO: 通道 11 采集进度: 30 / 30
[2026-08-04 11:10:35] INFO: 通道 11 采集进度: 30 / 30
[2026-08-04 11:10:35] INFO: 通道 11 采集进度: 30 / 30
[2026-08-04 11:10:36] INFO: 通道 11 采集进度: 30 / 30
[2026-08-04 11:10:36] INFO: 通道 11 采集进度: 30 / 30
[2026-08-04 11:10:37] INFO: 通道 11 采集进度: 30 / 30
[2026-08-04 11:10:37] INFO: 通道 11 采集进度: 30 / 30
[2026-08-04 11:10:38] INFO: 通道 11 采集进度: 30 / 30
[2026-08-04 11:10:38] INFO: 通道 11 采集进度: 30 / 30
[2026-08-04 11:10:39] INFO: 通道 11 采集进度: 30 / 30
[2026-08-04 11:10:39] INFO: 通道 11 采集进度: 30 / 30
[2026-08-04 11:10:40] INFO: 通道 11 采集进度: 30 / 30
[2026-08-04 11:10:40] INFO: 通道 11 采集进度: 30 / 30
[2026-08-04 11:10:41] INFO: 通道 11 采集进度: 30 / 30
[2026-08-04 11:10:41] INFO: 通道 11 采集进度: 30 / 30
[2026-08-04 11:10:42] INFO: 通道 11 采集进度: 30 / 30
[2026-08-04 11:10:42] INFO: 通道 11 采集进度: 30 / 30
[2026-08-04 11:10:43] INFO: 通道 11 采集进度: 30 / 30
[2026-08-04 11:10:43] INFO: 通道 11 采集进度: 30 / 30
[2026-08-04 11:10:44] INFO: 通道 11 采集进度: 30 / 30
[2026-08-04 11:10:44] INFO: 通道 11 采集进度: 30 / 30
[2026-08-04 11:10:45] INFO: 通道 11 采集进度: 30 / 30
[2026-08-04 11:10:45] INFO: 通道 11 采集进度: 30 / 30
[2026-08-04 11:10:46] INFO: 通道 11 采集进度: 30 / 30
[2026-08-04 11:10:46] INFO: 通道 11 采集进度: 30 / 30
[2026-08-04 11:10:47] INFO: 通道 11 采集进度: 30 / 30
[2026-08-04 11:10:48] INFO: 通道 11 采集进度: 30 / 30
[2026-08-04 11:10:48] INFO: 通道 11 采集进度: 30 / 30
[2026-08-04 11:10:49] INFO: 通道 11 采集进度: 30 / 30
[2026-08-04 11:10:49] INFO: 通道 11 采集进度: 30 / 30
[2026-08-04 11:10:50] INFO: 通道 11 采集进度: 30 / 30
[2026-08-04 11:10:50] INFO: 通道 11 采集进度: 30 / 30
[2026-08-04 11:10:51] INFO: 通道 11 采集进度: 30 / 30
[2026-08-04 11:10:51] INFO: 通道 11 采集进度: 30 / 30
[2026-08-04 11:10:52] INFO: 通道 11 采集进度: 30 / 30
[2026-08-04 11:10:52] INFO: 通道 11 采集进度: 30 / 30
[2026-08-04 11:10:53] INFO: 通道 11 采集进度: 30 / 30
[2026-08-04 11:10:53] INFO: 通道 11 采集进度: 30 / 30
[2026-08-04 11:10:54] INFO: 通道 11 采集进度: 30 / 30
[2026-08-04 11:10:54] INFO: 通道 11 采集进度: 30 / 30
[2026-08-04 11:10:55] INFO: 通道 11 采集进度: 30 / 30
[2026-08-04 11:10:55] INFO: 通道 11 采集进度: 30 / 30
[2026-08-04 11:10:56] INFO: 通道 11 采集进度: 30 / 30
[2026-08-04 11:10:56] INFO: 通道 11 采集进度: 30 / 30
[2026-08-04 11:10:57] INFO: 通道 11 采集进度: 30 / 30
[2026-08-04 11:10:57] INFO: 通道 11 采集进度: 30 / 30
[2026-08-04 11:10:58] INFO: 通道 11 采集进度: 30 / 30
[2026-08-04 11:10:58] INFO: 通道 11 采集进度: 30 / 30
[2026-08-04 11:10:59] INFO: 通道 11 采集进度: 30 / 30
[2026-08-04 11:10:59] INFO: 通道 11 采集进度: 30 / 30
[2026-08-04 11:11:00] INFO: 通道 11 采集进度: 30 / 30
[2026-08-04 11:11:00] INFO: 通道 11 采集进度: 30 / 30
[2026-08-04 11:11:01] INFO: 通道 11 采集进度: 30 / 30
[2026-08-04 11:11:01] INFO: 通道 11 采集进度: 30 / 30
[2026-08-04 11:11:02] INFO: 通道 11 采集进度: 30 / 30
[2026-08-04 11:11:02] INFO: 通道 11 采集进度: 30 / 30
[2026-08-04 11:11:03] INFO: 通道 11 采集进度: 30 / 30
[2026-08-04 11:11:03] INFO: 通道 11 采集进度: 30 / 30
[2026-08-04 11:11:04] INFO: 通道 11 采集进度: 30 / 30
[2026-08-04 11:11:04] INFO: 通道 11 采集进度: 30 / 30
[2026-08-04 11:11:05] INFO: 通道 11 采集进度: 30 / 30
[2026-08-04 11:11:05] INFO: 通道 11 采集进度: 30 / 30
[2026-08-04 11:11:06] INFO: 通道 11 采集进度: 30 / 30
[2026-08-04 11:11:06] INFO: 通道 11 采集进度: 30 / 30
[2026-08-04 11:11:07] INFO: 通道 11 采集进度: 30 / 30
[2026-08-04 11:11:07] INFO: 通道 11 采集进度: 30 / 30
[2026-08-04 11:11:08] INFO: 通道 11 采集进度: 30 / 30
[2026-08-04 11:11:08] INFO: 通道 11 采集进度: 30 / 30
[2026-08-04 11:11:09] INFO: 通道 11 采集进度: 30 / 30
[2026-08-04 11:11:09] INFO: 通道 11 采集进度: 30 / 30
[2026-08-04 11:11:10] INFO: 通道 11 采集进度: 30 / 30
[2026-08-04 11:11:10] INFO: 通道 11 采集进度: 30 / 30
[2026-08-04 11:11:11] INFO: 通道 11 采集进度: 30 / 30
[2026-08-04 11:11:11] INFO: 通道 11 采集进度: 30 / 30
[2026-08-04 11:11:12] INFO: 通道 11 采集进度: 30 / 30
[2026-08-04 11:11:12] INFO: 通道 11 采集进度: 30 / 30
[2026-08-04 11:11:13] INFO: 通道 11 采集进度: 30 / 30
[2026-08-04 11:11:13] INFO: 通道 11 采集进度: 30 / 30
[2026-08-04 11:11:14] INFO: 通道 11 采集进度: 30 / 30
[2026-08-04 11:11:14] INFO: 通道 11 采集进度: 30 / 30
[2026-08-04 11:11:15] INFO: 通道 11 采集进度: 30 / 30
[2026-08-04 11:11:15] INFO: 通道 11 采集进度: 30 / 30
[2026-08-04 11:11:16] INFO: 通道 11 采集进度: 30 / 30
[2026-08-04 11:11:16] INFO: 通道 11 采集进度: 30 / 30
[2026-08-04 11:11:17] INFO: 通道 11 采集进度: 30 / 30
[2026-08-04 11:11:18] INFO: 通道 11 采集进度: 30 / 30
[2026-08-04 11:11:18] INFO: 通道 11 采集进度: 30 / 30
[2026-08-04 11:11:19] INFO: 通道 11 采集进度: 30 / 30
[2026-08-04 11:11:19] INFO: 通道 11 采集进度: 30 / 30
[2026-08-04 11:11:20] INFO: 通道 11 采集进度: 30 / 30
[2026-08-04 11:11:20] INFO: 通道 11 采集进度: 30 / 30
[2026-08-04 11:11:21] INFO: 通道 11 采集进度: 30 / 30
[2026-08-04 11:11:21] INFO: 通道 11 采集进度: 30 / 30
[2026-08-04 11:11:22] INFO: 通道 11 采集进度: 30 / 30
[2026-08-04 11:11:22] INFO: 通道 11 采集进度: 30 / 30
[2026-08-04 11:11:23] INFO: 通道 11 采集进度: 30 / 30
[2026-08-04 11:11:23] INFO: 通道 11 采集进度: 30 / 30
[2026-08-04 11:11:24] INFO: 通道 11 采集进度: 30 / 30
[2026-08-04 11:11:24] INFO: 通道 11 采集进度: 30 / 30
[2026-08-04 11:11:25] INFO: 通道 11 采集进度: 30 / 30
[2026-08-04 11:11:25] INFO: 通道 11 采集进度: 30 / 30
[2026-08-04 11:11:26] INFO: 通道 11 采集进度: 30 / 30
[2026-08-04 11:11:26] INFO: 通道 11 采集进度: 30 / 30
[2026-08-04 11:11:27] INFO: 通道 11 采集进度: 30 / 30
[2026-08-04 11:11:27] INFO: 通道 11 采集进度: 30 / 30
[2026-08-04 11:11:28] INFO: 通道 11 采集进度: 30 / 30
[2026-08-04 11:11:28] INFO: 通道 11 采集进度: 30 / 30
[2026-08-04 11:11:29] INFO: 通道 11 采集进度: 30 / 30
[2026-08-04 11:11:29] INFO: 通道 11 采集进度: 30 / 30
[2026-08-04 11:11:30] INFO: 通道 11 采集进度: 30 / 30
[2026-08-04 11:11:30] INFO: 通道 11 采集进度: 30 / 30
[2026-08-04 11:11:31] INFO: 通道 11 采集进度: 30 / 30
[2026-08-04 11:11:31] INFO: 通道 11 采集进度: 30 / 30
[2026-08-04 11:11:32] INFO: 通道 11 采集进度: 30 / 30
[2026-08-04 11:11:32] INFO: 通道 11 采集进度: 30 / 30
[2026-08-04 11:11:33] INFO: 通道 11 采集进度: 30 / 30
[2026-08-04 11:11:33] INFO: 通道 11 采集进度: 30 / 30
[2026-08-04 11:11:34] INFO: 通道 11 采集进度: 30 / 30
[2026-08-04 11:11:34] INFO: 通道 11 采集进度: 30 / 30
[2026-08-04 11:11:35] INFO: 通道 11 采集进度: 30 / 30
[2026-08-04 11:11:35] INFO: 通道 11 采集进度: 30 / 30
[2026-08-04 11:11:36] INFO: 通道 11 采集进度: 30 / 30
[2026-08-04 11:11:36] INFO: 通道 11 采集进度: 30 / 30
[2026-08-04 11:11:37] INFO: 通道 11 采集进度: 30 / 30
[2026-08-04 11:11:37] INFO: 通道 11 采集进度: 30 / 30
[2026-08-04 11:11:38] INFO: 通道 11 采集进度: 30 / 30
[2026-08-04 11:11:38] INFO: 通道 11 采集进度: 30 / 30
[2026-08-04 11:11:39] INFO: 通道 11 采集进度: 30 / 30
[2026-08-04 11:11:39] INFO: 通道 11 采集进度: 30 / 30
[2026-08-04 11:11:40] INFO: 通道 11 采集进度: 30 / 30
[2026-08-04 11:11:40] INFO: 通道 11 采集进度: 30 / 30
[2026-08-04 11:11:41] INFO: 通道 11 采集进度: 30 / 30
[2026-08-04 11:11:41] INFO: 通道 11 采集进度: 30 / 30
[2026-08-04 11:11:42] INFO: 通道 11 采集进度: 30 / 30
[2026-08-04 11:11:42] INFO: 通道 11 采集进度: 30 / 30
[2026-08-04 11:11:43] INFO: 通道 11 采集进度: 30 / 30
[2026-08-04 11:11:43] INFO: 通道 11 采集进度: 30 / 30
[2026-08-04 11:11:44] INFO: 通道 11 采集进度: 30 / 30
[2026-08-04 11:11:44] INFO: 通道 11 采集进度: 30 / 30
[2026-08-04 11:11:45] INFO: 通道 11 采集进度: 30 / 30
[2026-08-04 11:11:45] INFO: 通道 11 采集进度: 30 / 30
[2026-08-04 11:11:46] INFO: 通道 11 采集进度: 30 / 30
[2026-08-04 11:11:46] INFO: 通道 11 采集进度: 30 / 30
[2026-08-04 11:11:47] INFO: 通道 11 采集进度: 30 / 30
[2026-08-04 11:11:47] INFO: 通道 11 采集进度: 30 / 30
[2026-08-04 11:11:48] INFO: 通道 11 采集进度: 30 / 30
[2026-08-04 11:11:48] INFO: 通道 11 采集进度: 30 / 30
[2026-08-04 11:11:49] INFO: 通道 11 采集进度: 30 / 30
[2026-08-04 11:11:49] INFO: 通道 11 采集进度: 30 / 30
[2026-08-04 11:11:50] INFO: 通道 11 采集进度: 30 / 30
[2026-08-04 11:11:50] INFO: 通道 11 采集进度: 30 / 30
[2026-08-04 11:11:51] INFO: 通道 11 采集进度: 30 / 30
[2026-08-04 11:11:51] INFO: 通道 11 采集进度: 30 / 30
[2026-08-04 11:11:52] INFO: 通道 11 采集进度: 30 / 30
[2026-08-04 11:11:53] INFO: 通道 11 采集进度: 30 / 30
[2026-08-04 11:11:53] INFO: 通道 11 采集进度: 30 / 30
[2026-08-04 11:11:54] INFO: 通道 11 采集进度: 30 / 30
[2026-08-04 11:11:54] INFO: 通道 11 采集进度: 30 / 30
[2026-08-04 11:11:55] INFO: 通道 11 采集进度: 30 / 30
[2026-08-04 11:11:55] INFO: 通道 11 采集进度: 30 / 30
[2026-08-04 11:11:56] INFO: 通道 11 采集进度: 30 / 30
[2026-08-04 11:11:56] INFO: 通道 11 采集进度: 30 / 30
[2026-08-04 11:11:57] INFO: 通道 11 采集进度: 30 / 30
[2026-08-04 11:11:57] INFO: 通道 11 采集进度: 30 / 30
[2026-08-04 11:11:58] INFO: 通道 11 采集进度: 30 / 30
[2026-08-04 11:11:58] INFO: 通道 11 采集进度: 30 / 30
[2026-08-04 11:11:59] INFO: 通道 11 采集进度: 30 / 30
[2026-08-04 11:11:59] INFO: 通道 11 采集进度: 30 / 30
[2026-08-04 11:12:00] INFO: 通道 11 采集进度: 30 / 30
[2026-08-04 11:12:00] INFO: 通道 11 采集进度: 30 / 30
[2026-08-04 11:12:01] INFO: 通道 11 采集进度: 30 / 30
[2026-08-04 11:12:01] INFO: 通道 11 采集进度: 30 / 30
[2026-08-04 11:12:02] INFO: 通道 11 采集进度: 30 / 30
[2026-08-04 11:12:02] INFO: 通道 11 采集进度: 30 / 30
[2026-08-04 11:12:03] INFO: 通道 11 采集进度: 30 / 30
[2026-08-04 11:12:03] INFO: 通道 11 采集进度: 30 / 30
[2026-08-04 11:12:04] INFO: 通道 11 采集进度: 30 / 30
[2026-08-04 11:12:04] INFO: 通道 11 采集进度: 30 / 30
[2026-08-04 11:12:05] INFO: 通道 11 采集进度: 30 / 30
[2026-08-04 11:12:05] INFO: 通道 11 采集进度: 30 / 30
[2026-08-04 11:12:06] INFO: 通道 11 采集进度: 30 / 30
[2026-08-04 11:12:06] INFO: 通道 11 采集进度: 30 / 30
[2026-08-04 11:12:07] INFO: 通道 11 采集进度: 30 / 30
[2026-08-04 11:12:07] INFO: 通道 11 采集进度: 30 / 30
[2026-08-04 11:12:08] INFO: 通道 11 采集进度: 30 / 30
[2026-08-04 11:12:08] INFO: 通道 11 采集进度: 30 / 30
[2026-08-04 11:12:09] INFO: 通道 11 采集进度: 30 / 30
[2026-08-04 11:12:09] INFO: 通道 11 采集进度: 30 / 30
[2026-08-04 11:12:10] INFO: 通道 11 采集进度: 30 / 30
[2026-08-04 11:12:10] INFO: 通道 11 采集进度: 30 / 30
[2026-08-04 11:12:11] INFO: 通道 11 采集进度: 30 / 30
[2026-08-04 11:12:11] INFO: 通道 11 采集进度: 30 / 30
[2026-08-04 11:12:12] INFO: 通道 11 采集进度: 30 / 30
[2026-08-04 11:12:12] INFO: 通道 11 采集进度: 30 / 30
[2026-08-04 11:12:13] INFO: 通道 11 采集进度: 30 / 30
[2026-08-04 11:12:13] INFO: 通道 11 采集进度: 30 / 30
[2026-08-04 11:12:14] INFO: 通道 11 采集进度: 30 / 30
[2026-08-04 11:12:14] INFO: 通道 11 采集进度: 30 / 30
[2026-08-04 11:12:15] INFO: 通道 11 采集进度: 30 / 30
[2026-08-04 11:12:15] INFO: 通道 11 采集进度: 30 / 30
[2026-08-04 11:12:16] INFO: 通道 11 采集进度: 30 / 30
[2026-08-04 11:12:16] INFO: 通道 11 采集进度: 30 / 30
[2026-08-04 11:12:17] INFO: 通道 11 采集进度: 30 / 30
[2026-08-04 11:12:17] INFO: 通道 11 采集进度: 30 / 30
[2026-08-04 11:12:18] INFO: ?? 虚拟光度计断开
[2026-08-04 11:12:20] INFO: 程序正常退出，日志系统关闭
