[2026-08-03 22:06:35] INFO: 程序启动，日志系统初始化成功
[2026-08-03 22:06:35] INFO: 主窗口初始化完成
[2026-08-03 22:06:35] INFO: TCP控制服务器已启动，端口8888
[2026-08-03 22:06:36] INFO: ? 已连接虚拟光度计 (二进制协议)
[2026-08-03 22:06:39] INFO: 用户点击“开始测试”
[2026-08-03 22:06:39] INFO: 测试流程启动，进入预热状态
[2026-08-03 22:06:39] INFO: 采集进度: 0 / 30
[2026-08-03 22:06:40] INFO: 采集进度: 0 / 30
[2026-08-03 22:06:40] INFO: 采集进度: 0 / 30
[2026-08-03 22:06:41] INFO: 采集进度: 0 / 30
[2026-08-03 22:06:41] INFO: 预热完成，进入采集状态
[2026-08-03 22:06:44] INFO: 采集进度: 5 / 30
[2026-08-03 22:06:46] INFO: 采集进度: 10 / 30
[2026-08-03 22:06:49] INFO: 采集进度: 15 / 30
[2026-08-03 22:06:51] INFO: 采集进度: 20 / 30
[2026-08-03 22:06:54] INFO: 采集进度: 25 / 30
[2026-08-03 22:06:56] INFO: 测试完成！平均OD: 1.1449，浓度: 5.27 mmol/L
[2026-08-03 22:06:56] INFO: 测试记录已保存到数据库
[2026-08-03 22:06:56] INFO: 计算完成，进入完成状态
[2026-08-03 22:06:56] INFO: 采集进度: 30 / 30
[2026-08-03 22:08:11] INFO: 用户点击导出PDF报告
[2026-08-03 22:08:13] INFO: PDF页面尺寸: 2145 x 3174
[2026-08-03 22:08:13] INFO: 曲线截图已嵌入，尺寸: 656x200
[2026-08-03 22:08:13] INFO: PDF报告已生成: C:/Users/22836/Desktop/Report_20260803_220811.pdf
[2026-08-03 22:08:47] INFO: 用户点击“复位”
[2026-08-03 22:08:47] INFO: 测试已复位
[2026-08-03 22:08:48] INFO: 用户点击“开始测试”
[2026-08-03 22:08:48] INFO: 测试流程启动，进入预热状态
[2026-08-03 22:08:48] INFO: 采集进度: 0 / 30
[2026-08-03 22:08:49] INFO: 采集进度: 0 / 30
[2026-08-03 22:08:49] INFO: 采集进度: 0 / 30
[2026-08-03 22:08:50] INFO: 预热完成，进入采集状态
[2026-08-03 22:08:52] INFO: 采集进度: 5 / 30
[2026-08-03 22:08:54] INFO: 采集进度: 10 / 30
[2026-08-03 22:08:57] INFO: 采集进度: 15 / 30
[2026-08-03 22:09:00] INFO: 采集进度: 20 / 30
[2026-08-03 22:09:02] INFO: 采集进度: 25 / 30
[2026-08-03 22:09:05] INFO: 测试完成！平均OD: 1.0847，浓度: 4.96 mmol/L
[2026-08-03 22:09:05] INFO: 测试记录已保存到数据库
[2026-08-03 22:09:05] INFO: 计算完成，进入完成状态
[2026-08-03 22:09:05] INFO: 采集进度: 30 / 30
[2026-08-03 22:09:10] INFO: 用户点击“复位”
[2026-08-03 22:09:10] INFO: 测试已复位
[2026-08-03 22:09:14] INFO: 程序正常退出，日志系统关闭
