[2026-08-04 10:45:05] INFO: 程序启动，日志系统初始化成功
[2026-08-04 10:45:05] INFO: 主窗口初始化完成
[2026-08-04 10:45:05] INFO: TCP控制服务器已启动，端口8888
[2026-08-04 10:45:06] INFO: 正在连接LIS服务器 127.0.0.1:9997...
[2026-08-04 10:45:06] INFO: ? 已连接虚拟光度计 (多通道 JSON)
[2026-08-04 10:45:10] ERROR: LIS错误: Connection refused
[2026-08-04 10:45:11] INFO: 用户点击“开始测试”
[2026-08-04 10:45:12] INFO: 通道 1 采集进度: 0 / 30
[2026-08-04 10:45:12] INFO: 通道 1 采集进度: 0 / 30
[2026-08-04 10:45:13] INFO: 通道 1 采集进度: 0 / 30
[2026-08-04 10:45:13] INFO: 通道 1 采集进度: 0 / 30
[2026-08-04 10:45:14] INFO: 通道 1 采集进度: 0 / 30
[2026-08-04 10:45:14] INFO: 通道 1 采集进度: 0 / 30
[2026-08-04 10:45:15] INFO: 通道 1 采集进度: 0 / 30
[2026-08-04 10:45:15] INFO: 通道 1 采集进度: 0 / 30
[2026-08-04 10:45:16] INFO: 通道 1 采集进度: 0 / 30
[2026-08-04 10:45:16] INFO: 通道 1 采集进度: 0 / 30
[2026-08-04 10:45:17] INFO: 通道 1 采集进度: 0 / 30
[2026-08-04 10:45:17] INFO: 通道 1 采集进度: 0 / 30
[2026-08-04 10:45:18] INFO: 通道 1 采集进度: 0 / 30
[2026-08-04 10:45:18] INFO: 通道 1 采集进度: 0 / 30
[2026-08-04 10:45:19] INFO: 通道 1 采集进度: 0 / 30
[2026-08-04 10:45:19] INFO: 通道 1 采集进度: 0 / 30
[2026-08-04 10:45:20] INFO: 通道 1 采集进度: 0 / 30
[2026-08-04 10:45:20] INFO: 通道 1 采集进度: 0 / 30
[2026-08-04 10:45:21] INFO: 通道 1 采集进度: 0 / 30
[2026-08-04 10:45:22] INFO: 通道 1 采集进度: 0 / 30
[2026-08-04 10:45:22] INFO: 通道 1 采集进度: 0 / 30
[2026-08-04 10:45:23] INFO: 通道 1 采集进度: 0 / 30
[2026-08-04 10:45:23] INFO: 通道 1 采集进度: 0 / 30
[2026-08-04 10:45:24] INFO: 通道 1 采集进度: 0 / 30
[2026-08-04 10:45:24] INFO: 通道 1 采集进度: 0 / 30
[2026-08-04 10:45:25] INFO: 通道 1 采集进度: 0 / 30
[2026-08-04 10:45:25] INFO: 通道 1 采集进度: 0 / 30
[2026-08-04 10:45:26] INFO: 通道 1 采集进度: 0 / 30
[2026-08-04 10:45:26] INFO: 通道 1 采集进度: 0 / 30
[2026-08-04 10:45:27] INFO: 通道 1 采集进度: 0 / 30
[2026-08-04 10:45:27] INFO: 通道 1 采集进度: 0 / 30
[2026-08-04 10:45:28] INFO: 通道 1 采集进度: 0 / 30
[2026-08-04 10:45:28] INFO: 通道 1 采集进度: 0 / 30
[2026-08-04 10:45:29] INFO: 通道 1 采集进度: 0 / 30
[2026-08-04 10:45:29] INFO: 通道 1 采集进度: 0 / 30
[2026-08-04 10:45:30] INFO: 通道 1 采集进度: 0 / 30
[2026-08-04 10:45:30] INFO: 通道 1 采集进度: 0 / 30
[2026-08-04 10:45:31] INFO: 通道 1 采集进度: 0 / 30
[2026-08-04 10:45:34] INFO: 通道 11 采集进度: 35 / 30
[2026-08-04 10:45:41] INFO: 通道 13 采集进度: 40 / 30
[2026-08-04 10:45:43] INFO: 通道 13 采集进度: 45 / 30
[2026-08-04 10:45:44] INFO: 通道 11 采集进度: 45 / 30
[2026-08-04 10:45:47] INFO: 通道 11 采集进度: 50 / 30
[2026-08-04 10:45:49] INFO: 通道 11 采集进度: 55 / 30
[2026-08-04 10:45:51] INFO: 通道 13 采集进度: 60 / 30
[2026-08-04 10:45:52] INFO: 通道 13 采集进度: 60 / 30
[2026-08-04 10:45:52] INFO: 通道 13 采集进度: 60 / 30
[2026-08-04 10:45:53] INFO: 通道 13 采集进度: 60 / 30
[2026-08-04 10:45:53] INFO: 通道 13 采集进度: 60 / 30
[2026-08-04 10:45:54] INFO: 通道 13 采集进度: 60 / 30
[2026-08-04 10:45:54] INFO: 通道 13 采集进度: 60 / 30
[2026-08-04 10:45:55] INFO: 通道 12 采集进度: 65 / 30
[2026-08-04 10:45:58] INFO: 通道 13 采集进度: 65 / 30
[2026-08-04 10:46:06] INFO: 程序正常退出，日志系统关闭
