[2026-08-04 10:53:18] INFO: 程序启动，日志系统初始化成功
[2026-08-04 10:53:18] INFO: 主窗口初始化完成
[2026-08-04 10:53:18] INFO: TCP控制服务器已启动，端口8888
[2026-08-04 10:53:18] INFO: 正在连接LIS服务器 127.0.0.1:9997...
[2026-08-04 10:53:19] INFO: ? 已连接虚拟光度计 (多通道 JSON)
[2026-08-04 10:53:21] INFO: 用户点击“开始测试”
[2026-08-04 10:53:22] INFO: 通道 1 采集进度: 0 / 30
[2026-08-04 10:53:22] INFO: 通道 1 采集进度: 0 / 30
[2026-08-04 10:53:23] ERROR: LIS错误: Connection refused
[2026-08-04 10:53:23] INFO: 通道 1 采集进度: 0 / 30
[2026-08-04 10:53:23] INFO: 通道 1 采集进度: 0 / 30
[2026-08-04 10:53:24] INFO: 通道 1 采集进度: 0 / 30
[2026-08-04 10:53:24] INFO: 通道 1 采集进度: 0 / 30
[2026-08-04 10:53:25] INFO: 通道 1 采集进度: 0 / 30
[2026-08-04 10:53:25] INFO: 通道 1 采集进度: 0 / 30
[2026-08-04 10:53:26] INFO: 通道 1 采集进度: 0 / 30
[2026-08-04 10:53:26] INFO: 通道 1 采集进度: 0 / 30
[2026-08-04 10:53:27] INFO: 通道 1 采集进度: 0 / 30
[2026-08-04 10:53:27] INFO: 通道 1 采集进度: 0 / 30
[2026-08-04 10:53:28] INFO: 通道 1 采集进度: 0 / 30
[2026-08-04 10:53:28] INFO: 通道 1 采集进度: 0 / 30
[2026-08-04 10:53:29] INFO: 通道 1 采集进度: 0 / 30
[2026-08-04 10:53:29] INFO: 通道 1 采集进度: 0 / 30
[2026-08-04 10:53:30] INFO: 通道 1 采集进度: 0 / 30
[2026-08-04 10:53:30] INFO: 通道 1 采集进度: 0 / 30
[2026-08-04 10:53:31] INFO: 通道 1 采集进度: 0 / 30
[2026-08-04 10:53:31] INFO: 通道 1 采集进度: 0 / 30
[2026-08-04 10:53:32] INFO: 通道 1 采集进度: 0 / 30
[2026-08-04 10:53:32] INFO: 通道 1 采集进度: 0 / 30
[2026-08-04 10:53:33] INFO: 通道 1 采集进度: 0 / 30
[2026-08-04 10:53:33] INFO: 通道 1 采集进度: 0 / 30
[2026-08-04 10:53:34] INFO: 通道 1 采集进度: 0 / 30
[2026-08-04 10:53:34] INFO: 通道 1 采集进度: 0 / 30
[2026-08-04 10:53:35] INFO: 通道 1 采集进度: 0 / 30
[2026-08-04 10:53:35] INFO: 通道 1 采集进度: 0 / 30
[2026-08-04 10:53:36] INFO: 通道 1 采集进度: 0 / 30
[2026-08-04 10:53:36] INFO: 通道 1 采集进度: 0 / 30
[2026-08-04 10:53:37] INFO: 通道 1 采集进度: 0 / 30
[2026-08-04 10:53:37] INFO: 通道 1 采集进度: 0 / 30
[2026-08-04 10:53:38] INFO: 通道 1 采集进度: 0 / 30
[2026-08-04 10:53:38] INFO: 通道 1 采集进度: 0 / 30
[2026-08-04 10:53:39] INFO: 通道 1 采集进度: 0 / 30
[2026-08-04 10:53:39] INFO: 通道 1 采集进度: 0 / 30
[2026-08-04 10:53:40] INFO: 通道 1 采集进度: 0 / 30
[2026-08-04 10:53:40] INFO: 通道 1 采集进度: 0 / 30
[2026-08-04 10:53:41] INFO: 通道 1 采集进度: 0 / 30
[2026-08-04 10:53:41] INFO: 通道 1 采集进度: 0 / 30
[2026-08-04 10:53:42] INFO: 通道 1 采集进度: 0 / 30
[2026-08-04 10:53:42] INFO: 通道 1 采集进度: 0 / 30
[2026-08-04 10:53:43] INFO: 通道 1 采集进度: 0 / 30
[2026-08-04 10:53:43] INFO: 通道 1 采集进度: 0 / 30
[2026-08-04 10:53:44] INFO: 通道 1 采集进度: 0 / 30
[2026-08-04 10:53:44] INFO: 通道 1 采集进度: 0 / 30
[2026-08-04 10:53:45] INFO: 通道 12 采集进度: 30 / 30
[2026-08-04 10:53:45] INFO: 通道 12 采集进度: 30 / 30
[2026-08-04 10:53:46] INFO: 通道 11 采集进度: 30 / 30
[2026-08-04 10:53:46] INFO: 通道 10 采集进度: 30 / 30
[2026-08-04 10:53:47] INFO: 通道 10 采集进度: 30 / 30
[2026-08-04 10:53:47] INFO: 通道 10 采集进度: 30 / 30
[2026-08-04 10:53:48] INFO: 通道 10 采集进度: 30 / 30
[2026-08-04 10:53:48] INFO: 通道 10 采集进度: 30 / 30
[2026-08-04 10:53:49] INFO: 通道 10 采集进度: 30 / 30
[2026-08-04 10:53:50] INFO: 通道 10 采集进度: 30 / 30
[2026-08-04 10:53:50] INFO: 通道 10 采集进度: 30 / 30
[2026-08-04 10:53:51] INFO: 通道 11 采集进度: 30 / 30
[2026-08-04 10:53:51] INFO: 通道 11 采集进度: 30 / 30
[2026-08-04 10:53:52] INFO: 通道 11 采集进度: 30 / 30
[2026-08-04 10:53:52] INFO: 通道 12 采集进度: 30 / 30
[2026-08-04 10:53:53] INFO: 通道 11 采集进度: 30 / 30
[2026-08-04 10:53:53] INFO: 通道 11 采集进度: 30 / 30
[2026-08-04 10:53:54] INFO: 通道 11 采集进度: 30 / 30
[2026-08-04 10:53:54] INFO: 通道 10 采集进度: 30 / 30
[2026-08-04 10:53:55] INFO: 通道 10 采集进度: 30 / 30
[2026-08-04 10:53:55] INFO: 通道 10 采集进度: 30 / 30
[2026-08-04 10:53:56] INFO: 通道 11 采集进度: 30 / 30
[2026-08-04 10:53:56] INFO: 通道 11 采集进度: 30 / 30
[2026-08-04 10:53:57] INFO: 通道 12 采集进度: 30 / 30
[2026-08-04 10:53:57] INFO: 通道 12 采集进度: 30 / 30
[2026-08-04 10:53:58] INFO: 通道 12 采集进度: 30 / 30
[2026-08-04 10:53:58] INFO: 通道 12 采集进度: 30 / 30
[2026-08-04 10:53:59] INFO: 通道 12 采集进度: 30 / 30
[2026-08-04 10:53:59] INFO: 通道 12 采集进度: 30 / 30
[2026-08-04 10:54:00] INFO: 通道 12 采集进度: 30 / 30
[2026-08-04 10:54:00] INFO: 通道 12 采集进度: 30 / 30
[2026-08-04 10:54:01] INFO: 通道 12 采集进度: 30 / 30
[2026-08-04 10:54:01] INFO: 通道 12 采集进度: 30 / 30
[2026-08-04 10:54:02] INFO: 通道 12 采集进度: 30 / 30
[2026-08-04 10:54:02] INFO: 通道 12 采集进度: 30 / 30
[2026-08-04 10:54:03] INFO: 通道 12 采集进度: 30 / 30
[2026-08-04 10:54:03] INFO: 通道 12 采集进度: 30 / 30
[2026-08-04 10:54:04] INFO: 通道 12 采集进度: 30 / 30
[2026-08-04 10:54:04] INFO: 通道 12 采集进度: 30 / 30
[2026-08-04 10:54:05] INFO: 通道 12 采集进度: 30 / 30
[2026-08-04 10:54:05] INFO: 通道 12 采集进度: 30 / 30
[2026-08-04 10:54:06] INFO: 通道 12 采集进度: 30 / 30
[2026-08-04 10:54:06] INFO: 通道 12 采集进度: 30 / 30
[2026-08-04 10:54:07] INFO: 通道 12 采集进度: 30 / 30
[2026-08-04 10:54:07] INFO: 通道 12 采集进度: 30 / 30
[2026-08-04 10:54:08] INFO: 通道 12 采集进度: 30 / 30
[2026-08-04 10:54:08] INFO: 通道 12 采集进度: 30 / 30
[2026-08-04 10:54:09] INFO: 通道 12 采集进度: 30 / 30
[2026-08-04 10:54:09] INFO: 通道 12 采集进度: 30 / 30
[2026-08-04 10:54:10] INFO: 通道 12 采集进度: 30 / 30
[2026-08-04 10:54:10] INFO: 通道 12 采集进度: 30 / 30
[2026-08-04 10:54:11] INFO: 通道 12 采集进度: 30 / 30
[2026-08-04 10:54:11] INFO: 通道 12 采集进度: 30 / 30
[2026-08-04 10:54:12] INFO: 通道 12 采集进度: 30 / 30
[2026-08-04 10:54:12] INFO: 通道 12 采集进度: 30 / 30
[2026-08-04 10:54:13] INFO: 通道 11 采集进度: 30 / 30
[2026-08-04 10:54:13] INFO: 通道 11 采集进度: 30 / 30
[2026-08-04 10:54:14] INFO: 通道 10 采集进度: 30 / 30
[2026-08-04 10:54:14] INFO: 通道 10 采集进度: 30 / 30
[2026-08-04 10:54:15] INFO: 通道 10 采集进度: 30 / 30
[2026-08-04 10:54:15] INFO: 通道 10 采集进度: 30 / 30
[2026-08-04 10:54:16] INFO: 通道 10 采集进度: 30 / 30
[2026-08-04 10:54:16] INFO: 通道 10 采集进度: 30 / 30
[2026-08-04 10:54:17] INFO: 通道 10 采集进度: 30 / 30
[2026-08-04 10:54:17] INFO: 通道 10 采集进度: 30 / 30
[2026-08-04 10:54:18] INFO: 通道 10 采集进度: 30 / 30
[2026-08-04 10:54:18] INFO: 通道 10 采集进度: 30 / 30
[2026-08-04 10:54:19] INFO: 通道 10 采集进度: 30 / 30
[2026-08-04 10:54:19] INFO: 通道 10 采集进度: 30 / 30
[2026-08-04 10:54:20] INFO: 通道 10 采集进度: 30 / 30
[2026-08-04 10:54:20] INFO: 通道 10 采集进度: 30 / 30
[2026-08-04 10:54:21] INFO: 通道 10 采集进度: 30 / 30
[2026-08-04 10:54:21] INFO: 通道 10 采集进度: 30 / 30
[2026-08-04 10:54:22] INFO: 通道 10 采集进度: 30 / 30
[2026-08-04 10:54:22] INFO: 通道 10 采集进度: 30 / 30
[2026-08-04 10:54:23] INFO: 通道 10 采集进度: 30 / 30
[2026-08-04 10:54:23] INFO: 通道 11 采集进度: 30 / 30
[2026-08-04 10:54:24] INFO: 通道 11 采集进度: 30 / 30
[2026-08-04 10:54:24] INFO: 通道 11 采集进度: 30 / 30
[2026-08-04 10:54:25] INFO: 通道 11 采集进度: 30 / 30
[2026-08-04 10:54:26] INFO: 通道 12 采集进度: 30 / 30
[2026-08-04 10:54:26] INFO: 通道 12 采集进度: 30 / 30
[2026-08-04 10:54:27] INFO: 通道 12 采集进度: 30 / 30
[2026-08-04 10:54:27] INFO: 通道 12 采集进度: 30 / 30
[2026-08-04 10:54:28] INFO: 通道 12 采集进度: 30 / 30
[2026-08-04 10:54:28] INFO: 通道 10 采集进度: 30 / 30
[2026-08-04 10:54:29] INFO: 通道 10 采集进度: 30 / 30
[2026-08-04 10:54:29] INFO: 通道 11 采集进度: 30 / 30
[2026-08-04 10:54:30] INFO: 通道 12 采集进度: 30 / 30
[2026-08-04 10:54:30] INFO: 通道 12 采集进度: 30 / 30
[2026-08-04 10:54:31] INFO: 通道 12 采集进度: 30 / 30
[2026-08-04 10:54:31] INFO: 通道 12 采集进度: 30 / 30
[2026-08-04 10:54:32] INFO: 通道 12 采集进度: 30 / 30
[2026-08-04 10:54:32] INFO: 通道 12 采集进度: 30 / 30
[2026-08-04 10:54:33] INFO: 通道 12 采集进度: 30 / 30
[2026-08-04 10:54:33] INFO: 通道 12 采集进度: 30 / 30
[2026-08-04 10:54:34] INFO: 通道 12 采集进度: 30 / 30
[2026-08-04 10:54:34] INFO: 通道 12 采集进度: 30 / 30
[2026-08-04 10:54:35] INFO: 通道 12 采集进度: 30 / 30
[2026-08-04 10:54:35] INFO: 通道 12 采集进度: 30 / 30
[2026-08-04 10:54:36] INFO: 通道 12 采集进度: 30 / 30
[2026-08-04 10:54:36] INFO: 通道 12 采集进度: 30 / 30
[2026-08-04 10:54:37] INFO: 通道 12 采集进度: 30 / 30
[2026-08-04 10:54:37] INFO: 通道 12 采集进度: 30 / 30
[2026-08-04 10:54:38] INFO: 通道 12 采集进度: 30 / 30
[2026-08-04 10:54:38] INFO: 通道 12 采集进度: 30 / 30
[2026-08-04 10:54:39] INFO: 通道 12 采集进度: 30 / 30
[2026-08-04 10:54:39] INFO: 通道 12 采集进度: 30 / 30
[2026-08-04 10:54:40] INFO: 通道 12 采集进度: 30 / 30
[2026-08-04 10:54:40] INFO: 通道 12 采集进度: 30 / 30
[2026-08-04 10:54:41] INFO: 通道 12 采集进度: 30 / 30
[2026-08-04 10:54:41] INFO: 通道 12 采集进度: 30 / 30
[2026-08-04 10:54:42] INFO: 通道 12 采集进度: 30 / 30
[2026-08-04 10:54:42] INFO: 通道 12 采集进度: 30 / 30
[2026-08-04 10:54:43] INFO: 通道 12 采集进度: 30 / 30
[2026-08-04 10:54:43] INFO: 通道 12 采集进度: 30 / 30
[2026-08-04 10:54:44] INFO: 通道 12 采集进度: 30 / 30
[2026-08-04 10:54:44] INFO: 通道 12 采集进度: 30 / 30
[2026-08-04 10:54:45] INFO: 通道 12 采集进度: 30 / 30
[2026-08-04 10:54:45] INFO: 通道 12 采集进度: 30 / 30
[2026-08-04 10:54:46] INFO: 通道 12 采集进度: 30 / 30
[2026-08-04 10:54:46] INFO: 通道 12 采集进度: 30 / 30
[2026-08-04 10:54:47] INFO: 通道 12 采集进度: 30 / 30
[2026-08-04 10:54:47] INFO: 通道 12 采集进度: 30 / 30
[2026-08-04 10:54:48] INFO: 通道 12 采集进度: 30 / 30
[2026-08-04 10:54:48] INFO: 通道 12 采集进度: 30 / 30
[2026-08-04 10:54:49] INFO: 通道 12 采集进度: 30 / 30
[2026-08-04 10:54:49] INFO: 通道 12 采集进度: 30 / 30
[2026-08-04 10:54:50] INFO: 通道 12 采集进度: 30 / 30
[2026-08-04 10:54:50] INFO: 通道 12 采集进度: 30 / 30
[2026-08-04 10:54:51] INFO: 通道 12 采集进度: 30 / 30
[2026-08-04 10:54:51] INFO: 通道 12 采集进度: 30 / 30
[2026-08-04 10:54:52] INFO: 通道 12 采集进度: 30 / 30
[2026-08-04 10:54:52] INFO: 通道 12 采集进度: 30 / 30
[2026-08-04 10:54:53] INFO: 通道 12 采集进度: 30 / 30
[2026-08-04 10:54:53] INFO: 通道 12 采集进度: 30 / 30
[2026-08-04 10:54:54] INFO: 通道 12 采集进度: 30 / 30
[2026-08-04 10:54:54] INFO: 通道 12 采集进度: 30 / 30
[2026-08-04 10:54:55] INFO: 通道 12 采集进度: 30 / 30
[2026-08-04 10:54:55] INFO: 通道 12 采集进度: 30 / 30
[2026-08-04 10:54:56] INFO: 通道 12 采集进度: 30 / 30
[2026-08-04 10:54:56] INFO: 通道 12 采集进度: 30 / 30
[2026-08-04 10:54:57] INFO: 通道 12 采集进度: 30 / 30
[2026-08-04 10:54:57] INFO: 通道 12 采集进度: 30 / 30
[2026-08-04 10:54:58] INFO: 通道 12 采集进度: 30 / 30
[2026-08-04 10:54:58] INFO: 通道 12 采集进度: 30 / 30
[2026-08-04 10:54:59] INFO: 通道 12 采集进度: 30 / 30
[2026-08-04 10:54:59] INFO: 通道 12 采集进度: 30 / 30
[2026-08-04 10:55:00] INFO: 通道 12 采集进度: 30 / 30
[2026-08-04 10:55:00] INFO: 通道 12 采集进度: 30 / 30
[2026-08-04 10:55:01] INFO: 通道 12 采集进度: 30 / 30
[2026-08-04 10:55:02] INFO: 通道 12 采集进度: 30 / 30
[2026-08-04 10:55:02] INFO: 通道 12 采集进度: 30 / 30
[2026-08-04 10:55:03] INFO: 通道 12 采集进度: 30 / 30
[2026-08-04 10:55:03] INFO: 通道 12 采集进度: 30 / 30
[2026-08-04 10:55:04] INFO: 通道 12 采集进度: 30 / 30
[2026-08-04 10:55:04] INFO: 通道 12 采集进度: 30 / 30
[2026-08-04 10:55:05] INFO: 通道 12 采集进度: 30 / 30
[2026-08-04 10:55:05] INFO: 通道 12 采集进度: 30 / 30
[2026-08-04 10:55:06] INFO: 通道 12 采集进度: 30 / 30
[2026-08-04 10:55:06] INFO: 通道 12 采集进度: 30 / 30
[2026-08-04 10:55:07] INFO: 通道 12 采集进度: 30 / 30
[2026-08-04 10:55:07] INFO: 通道 12 采集进度: 30 / 30
[2026-08-04 10:55:08] INFO: 通道 12 采集进度: 30 / 30
[2026-08-04 10:55:08] INFO: 通道 12 采集进度: 30 / 30
[2026-08-04 10:55:09] INFO: 通道 12 采集进度: 30 / 30
[2026-08-04 10:55:09] INFO: 通道 12 采集进度: 30 / 30
[2026-08-04 10:55:10] INFO: 通道 12 采集进度: 30 / 30
[2026-08-04 10:55:10] INFO: 通道 12 采集进度: 30 / 30
[2026-08-04 10:55:11] INFO: 通道 12 采集进度: 30 / 30
[2026-08-04 10:55:11] INFO: 通道 12 采集进度: 30 / 30
[2026-08-04 10:55:12] INFO: 通道 12 采集进度: 30 / 30
[2026-08-04 10:55:12] INFO: 通道 12 采集进度: 30 / 30
[2026-08-04 10:55:13] INFO: 通道 12 采集进度: 30 / 30
[2026-08-04 10:55:13] INFO: 通道 12 采集进度: 30 / 30
[2026-08-04 10:55:14] INFO: 通道 12 采集进度: 30 / 30
[2026-08-04 10:55:14] INFO: 通道 12 采集进度: 30 / 30
[2026-08-04 10:55:15] INFO: 通道 12 采集进度: 30 / 30
[2026-08-04 10:55:15] INFO: 通道 12 采集进度: 30 / 30
[2026-08-04 10:55:16] INFO: 通道 12 采集进度: 30 / 30
[2026-08-04 10:55:16] INFO: 通道 12 采集进度: 30 / 30
[2026-08-04 10:55:17] INFO: 通道 12 采集进度: 30 / 30
[2026-08-04 10:55:17] INFO: 通道 12 采集进度: 30 / 30
[2026-08-04 10:55:18] INFO: 通道 12 采集进度: 30 / 30
[2026-08-04 10:55:18] INFO: 通道 12 采集进度: 30 / 30
[2026-08-04 10:55:19] INFO: 通道 12 采集进度: 30 / 30
[2026-08-04 10:55:19] INFO: 通道 12 采集进度: 30 / 30
[2026-08-04 10:55:20] INFO: 通道 12 采集进度: 30 / 30
[2026-08-04 10:55:20] INFO: 通道 12 采集进度: 30 / 30
[2026-08-04 10:55:21] INFO: 通道 12 采集进度: 30 / 30
[2026-08-04 10:55:21] INFO: 通道 12 采集进度: 30 / 30
[2026-08-04 10:55:22] INFO: 通道 12 采集进度: 30 / 30
[2026-08-04 10:55:22] INFO: 通道 12 采集进度: 30 / 30
[2026-08-04 10:55:23] INFO: 通道 12 采集进度: 30 / 30
[2026-08-04 10:55:23] INFO: 通道 12 采集进度: 30 / 30
[2026-08-04 10:55:24] INFO: 通道 12 采集进度: 30 / 30
[2026-08-04 10:55:24] INFO: 通道 12 采集进度: 30 / 30
[2026-08-04 10:55:25] INFO: 通道 12 采集进度: 30 / 30
[2026-08-04 10:55:25] INFO: 通道 12 采集进度: 30 / 30
[2026-08-04 10:55:26] INFO: 通道 12 采集进度: 30 / 30
[2026-08-04 10:55:26] INFO: 通道 12 采集进度: 30 / 30
[2026-08-04 10:55:27] INFO: 通道 12 采集进度: 30 / 30
[2026-08-04 10:55:27] INFO: 通道 12 采集进度: 30 / 30
[2026-08-04 10:55:28] INFO: 通道 12 采集进度: 30 / 30
[2026-08-04 10:55:28] INFO: 通道 12 采集进度: 30 / 30
[2026-08-04 10:55:29] INFO: 通道 12 采集进度: 30 / 30
[2026-08-04 10:55:29] INFO: 通道 12 采集进度: 30 / 30
[2026-08-04 10:55:30] INFO: 通道 12 采集进度: 30 / 30
[2026-08-04 10:55:30] INFO: 通道 12 采集进度: 30 / 30
[2026-08-04 10:55:31] INFO: 通道 12 采集进度: 30 / 30
[2026-08-04 10:55:31] INFO: 通道 12 采集进度: 30 / 30
[2026-08-04 10:55:32] INFO: 通道 12 采集进度: 30 / 30
[2026-08-04 10:55:32] INFO: 通道 12 采集进度: 30 / 30
[2026-08-04 10:55:33] INFO: 通道 12 采集进度: 30 / 30
[2026-08-04 10:55:33] INFO: 通道 12 采集进度: 30 / 30
[2026-08-04 10:55:34] INFO: 通道 12 采集进度: 30 / 30
[2026-08-04 10:55:34] INFO: 通道 12 采集进度: 30 / 30
[2026-08-04 10:55:35] INFO: 通道 12 采集进度: 30 / 30
[2026-08-04 10:55:35] INFO: 通道 12 采集进度: 30 / 30
[2026-08-04 10:55:36] INFO: 通道 12 采集进度: 30 / 30
[2026-08-04 10:55:36] INFO: 通道 12 采集进度: 30 / 30
[2026-08-04 10:55:37] INFO: 通道 12 采集进度: 30 / 30
[2026-08-04 10:55:37] INFO: 通道 12 采集进度: 30 / 30
[2026-08-04 10:55:38] INFO: 通道 12 采集进度: 30 / 30
[2026-08-04 10:55:39] INFO: 通道 12 采集进度: 30 / 30
[2026-08-04 10:55:39] INFO: 通道 12 采集进度: 30 / 30
[2026-08-04 10:55:40] INFO: 通道 12 采集进度: 30 / 30
[2026-08-04 10:55:40] INFO: 通道 12 采集进度: 30 / 30
[2026-08-04 10:55:41] INFO: 通道 12 采集进度: 30 / 30
[2026-08-04 10:55:41] INFO: 通道 12 采集进度: 30 / 30
[2026-08-04 10:55:42] INFO: 通道 12 采集进度: 30 / 30
[2026-08-04 10:55:42] INFO: 通道 12 采集进度: 30 / 30
[2026-08-04 10:55:43] INFO: 通道 12 采集进度: 30 / 30
[2026-08-04 10:55:43] INFO: 通道 12 采集进度: 30 / 30
[2026-08-04 10:55:44] INFO: 通道 12 采集进度: 30 / 30
[2026-08-04 10:55:44] INFO: 通道 12 采集进度: 30 / 30
[2026-08-04 10:55:45] INFO: 通道 12 采集进度: 30 / 30
[2026-08-04 10:55:45] INFO: 通道 12 采集进度: 30 / 30
[2026-08-04 10:55:46] INFO: 通道 12 采集进度: 30 / 30
[2026-08-04 10:55:46] INFO: 通道 12 采集进度: 30 / 30
[2026-08-04 10:55:47] INFO: 通道 12 采集进度: 30 / 30
[2026-08-04 10:55:47] INFO: 通道 12 采集进度: 30 / 30
[2026-08-04 10:55:48] INFO: 通道 12 采集进度: 30 / 30
[2026-08-04 10:55:48] INFO: 通道 12 采集进度: 30 / 30
[2026-08-04 10:55:49] INFO: 通道 12 采集进度: 30 / 30
[2026-08-04 10:55:49] INFO: 通道 12 采集进度: 30 / 30
[2026-08-04 10:55:50] INFO: 通道 12 采集进度: 30 / 30
[2026-08-04 10:55:50] INFO: 通道 12 采集进度: 30 / 30
[2026-08-04 10:55:51] INFO: 通道 12 采集进度: 30 / 30
[2026-08-04 10:55:51] INFO: 通道 12 采集进度: 30 / 30
[2026-08-04 10:55:52] INFO: 通道 12 采集进度: 30 / 30
[2026-08-04 10:55:52] INFO: 通道 12 采集进度: 30 / 30
[2026-08-04 10:55:53] INFO: 通道 12 采集进度: 30 / 30
[2026-08-04 10:55:53] INFO: 通道 12 采集进度: 30 / 30
[2026-08-04 10:55:54] INFO: 通道 12 采集进度: 30 / 30
[2026-08-04 10:55:54] INFO: 通道 12 采集进度: 30 / 30
[2026-08-04 10:55:55] INFO: 通道 12 采集进度: 30 / 30
[2026-08-04 10:55:55] INFO: 通道 12 采集进度: 30 / 30
[2026-08-04 10:55:56] INFO: 通道 12 采集进度: 30 / 30
[2026-08-04 10:55:56] INFO: 通道 12 采集进度: 30 / 30
[2026-08-04 10:55:57] INFO: 通道 12 采集进度: 30 / 30
[2026-08-04 10:55:57] INFO: 通道 12 采集进度: 30 / 30
[2026-08-04 10:55:58] INFO: 通道 12 采集进度: 30 / 30
[2026-08-04 10:55:58] INFO: 通道 12 采集进度: 30 / 30
[2026-08-04 10:55:59] INFO: 通道 12 采集进度: 30 / 30
[2026-08-04 10:55:59] INFO: 通道 12 采集进度: 30 / 30
[2026-08-04 10:56:00] INFO: 通道 12 采集进度: 30 / 30
[2026-08-04 10:56:00] INFO: 通道 12 采集进度: 30 / 30
[2026-08-04 10:56:01] INFO: 通道 12 采集进度: 30 / 30
[2026-08-04 10:56:01] INFO: 通道 12 采集进度: 30 / 30
[2026-08-04 10:56:02] INFO: 通道 12 采集进度: 30 / 30
[2026-08-04 10:56:02] INFO: 通道 12 采集进度: 30 / 30
[2026-08-04 10:56:03] INFO: 通道 12 采集进度: 30 / 30
[2026-08-04 10:56:03] INFO: 通道 12 采集进度: 30 / 30
[2026-08-04 10:56:04] INFO: 通道 12 采集进度: 30 / 30
[2026-08-04 10:56:04] INFO: 通道 12 采集进度: 30 / 30
[2026-08-04 10:56:05] INFO: 通道 12 采集进度: 30 / 30
[2026-08-04 10:56:05] INFO: 通道 12 采集进度: 30 / 30
[2026-08-04 10:56:06] INFO: 通道 12 采集进度: 30 / 30
[2026-08-04 10:56:06] INFO: 通道 12 采集进度: 30 / 30
[2026-08-04 10:56:07] INFO: 通道 12 采集进度: 30 / 30
[2026-08-04 10:56:07] INFO: 通道 12 采集进度: 30 / 30
[2026-08-04 10:56:08] INFO: 通道 12 采集进度: 30 / 30
[2026-08-04 10:56:08] INFO: 通道 12 采集进度: 30 / 30
[2026-08-04 10:56:09] INFO: 通道 12 采集进度: 30 / 30
[2026-08-04 10:56:09] INFO: 通道 12 采集进度: 30 / 30
[2026-08-04 10:56:10] INFO: 通道 12 采集进度: 30 / 30
[2026-08-04 10:56:10] INFO: 通道 12 采集进度: 30 / 30
[2026-08-04 10:56:11] INFO: 通道 12 采集进度: 30 / 30
[2026-08-04 10:56:11] INFO: 通道 12 采集进度: 30 / 30
[2026-08-04 10:56:12] INFO: 通道 12 采集进度: 30 / 30
[2026-08-04 10:56:12] INFO: 通道 12 采集进度: 30 / 30
[2026-08-04 10:56:13] INFO: 通道 12 采集进度: 30 / 30
[2026-08-04 10:56:13] INFO: 通道 12 采集进度: 30 / 30
[2026-08-04 10:56:14] INFO: 通道 12 采集进度: 30 / 30
[2026-08-04 10:56:14] INFO: 通道 12 采集进度: 30 / 30
[2026-08-04 10:56:15] INFO: 通道 12 采集进度: 30 / 30
[2026-08-04 10:56:15] INFO: 通道 12 采集进度: 30 / 30
[2026-08-04 10:56:16] INFO: 通道 12 采集进度: 30 / 30
[2026-08-04 10:56:16] INFO: 通道 12 采集进度: 30 / 30
[2026-08-04 10:56:17] INFO: 通道 12 采集进度: 30 / 30
[2026-08-04 10:56:18] INFO: 通道 12 采集进度: 30 / 30
[2026-08-04 10:56:18] INFO: 通道 12 采集进度: 30 / 30
[2026-08-04 10:56:19] INFO: 通道 12 采集进度: 30 / 30
[2026-08-04 10:56:19] INFO: 通道 12 采集进度: 30 / 30
[2026-08-04 10:56:20] INFO: 通道 12 采集进度: 30 / 30
[2026-08-04 10:56:20] INFO: 通道 12 采集进度: 30 / 30
[2026-08-04 10:56:21] INFO: 通道 12 采集进度: 30 / 30
[2026-08-04 10:56:21] INFO: 通道 12 采集进度: 30 / 30
[2026-08-04 10:56:22] INFO: 通道 12 采集进度: 30 / 30
[2026-08-04 10:56:22] INFO: 通道 12 采集进度: 30 / 30
[2026-08-04 10:56:23] INFO: 通道 12 采集进度: 30 / 30
[2026-08-04 10:56:23] INFO: 通道 12 采集进度: 30 / 30
[2026-08-04 10:56:24] INFO: 通道 12 采集进度: 30 / 30
[2026-08-04 10:56:24] INFO: 通道 12 采集进度: 30 / 30
[2026-08-04 10:56:25] INFO: 通道 12 采集进度: 30 / 30
[2026-08-04 10:56:25] INFO: 通道 12 采集进度: 30 / 30
[2026-08-04 10:56:26] INFO: 通道 12 采集进度: 30 / 30
[2026-08-04 10:56:26] INFO: 通道 12 采集进度: 30 / 30
[2026-08-04 10:56:27] INFO: 通道 12 采集进度: 30 / 30
[2026-08-04 10:56:27] INFO: 通道 12 采集进度: 30 / 30
[2026-08-04 10:56:28] INFO: 通道 12 采集进度: 30 / 30
[2026-08-04 10:56:28] INFO: 通道 12 采集进度: 30 / 30
[2026-08-04 10:56:29] INFO: 通道 12 采集进度: 30 / 30
[2026-08-04 10:56:29] INFO: 通道 12 采集进度: 30 / 30
[2026-08-04 10:56:30] INFO: 通道 12 采集进度: 30 / 30
[2026-08-04 10:56:30] INFO: 通道 12 采集进度: 30 / 30
[2026-08-04 10:56:31] INFO: 通道 12 采集进度: 30 / 30
[2026-08-04 10:56:31] INFO: 通道 12 采集进度: 30 / 30
[2026-08-04 10:56:32] INFO: 通道 12 采集进度: 30 / 30
[2026-08-04 10:56:32] INFO: 通道 12 采集进度: 30 / 30
[2026-08-04 10:56:33] INFO: 通道 12 采集进度: 30 / 30
[2026-08-04 10:56:33] INFO: 通道 12 采集进度: 30 / 30
[2026-08-04 10:56:34] INFO: 通道 12 采集进度: 30 / 30
[2026-08-04 10:56:34] INFO: 通道 12 采集进度: 30 / 30
[2026-08-04 10:56:35] INFO: 通道 12 采集进度: 30 / 30
[2026-08-04 10:56:35] INFO: 通道 12 采集进度: 30 / 30
[2026-08-04 10:56:36] INFO: 通道 12 采集进度: 30 / 30
[2026-08-04 10:56:36] INFO: 通道 12 采集进度: 30 / 30
[2026-08-04 10:56:37] INFO: 通道 12 采集进度: 30 / 30
[2026-08-04 10:56:37] INFO: 通道 12 采集进度: 30 / 30
[2026-08-04 10:56:38] INFO: 通道 12 采集进度: 30 / 30
[2026-08-04 10:56:38] INFO: 通道 12 采集进度: 30 / 30
[2026-08-04 10:56:39] INFO: 通道 12 采集进度: 30 / 30
[2026-08-04 10:56:39] INFO: 通道 12 采集进度: 30 / 30
[2026-08-04 10:56:40] INFO: 通道 12 采集进度: 30 / 30
[2026-08-04 10:56:40] INFO: 通道 12 采集进度: 30 / 30
[2026-08-04 10:56:41] INFO: 通道 12 采集进度: 30 / 30
[2026-08-04 10:56:41] INFO: 通道 12 采集进度: 30 / 30
[2026-08-04 10:56:42] INFO: 通道 12 采集进度: 30 / 30
[2026-08-04 10:56:42] INFO: 通道 12 采集进度: 30 / 30
[2026-08-04 10:56:43] INFO: 通道 12 采集进度: 30 / 30
[2026-08-04 10:56:43] INFO: 通道 12 采集进度: 30 / 30
[2026-08-04 10:56:44] INFO: 通道 12 采集进度: 30 / 30
[2026-08-04 10:56:44] INFO: 通道 12 采集进度: 30 / 30
[2026-08-04 10:56:45] INFO: 通道 12 采集进度: 30 / 30
[2026-08-04 10:56:45] INFO: 通道 12 采集进度: 30 / 30
[2026-08-04 10:56:46] INFO: 通道 12 采集进度: 30 / 30
[2026-08-04 10:56:46] INFO: 通道 12 采集进度: 30 / 30
[2026-08-04 10:56:47] INFO: 通道 12 采集进度: 30 / 30
[2026-08-04 10:56:47] INFO: 通道 12 采集进度: 30 / 30
[2026-08-04 10:56:48] INFO: 通道 12 采集进度: 30 / 30
[2026-08-04 10:56:48] INFO: 通道 12 采集进度: 30 / 30
[2026-08-04 10:56:49] INFO: 通道 12 采集进度: 30 / 30
[2026-08-04 10:56:49] INFO: 通道 12 采集进度: 30 / 30
[2026-08-04 10:56:50] INFO: 通道 12 采集进度: 30 / 30
[2026-08-04 10:56:50] INFO: 通道 12 采集进度: 30 / 30
[2026-08-04 10:56:51] INFO: 通道 12 采集进度: 30 / 30
[2026-08-04 10:56:51] INFO: 通道 12 采集进度: 30 / 30
[2026-08-04 10:56:52] INFO: 通道 12 采集进度: 30 / 30
[2026-08-04 10:56:52] INFO: 通道 12 采集进度: 30 / 30
[2026-08-04 10:56:53] INFO: 通道 12 采集进度: 30 / 30
[2026-08-04 10:56:53] INFO: 通道 12 采集进度: 30 / 30
[2026-08-04 10:56:54] INFO: 通道 12 采集进度: 30 / 30
[2026-08-04 10:56:55] INFO: 通道 12 采集进度: 30 / 30
[2026-08-04 10:56:55] INFO: 通道 12 采集进度: 30 / 30
[2026-08-04 10:56:56] INFO: 通道 12 采集进度: 30 / 30
[2026-08-04 10:56:56] INFO: 通道 12 采集进度: 30 / 30
[2026-08-04 10:56:57] INFO: 通道 12 采集进度: 30 / 30
[2026-08-04 10:56:57] INFO: 通道 12 采集进度: 30 / 30
[2026-08-04 10:56:58] INFO: 通道 12 采集进度: 30 / 30
[2026-08-04 10:56:58] INFO: 通道 12 采集进度: 30 / 30
[2026-08-04 10:56:59] INFO: 通道 12 采集进度: 30 / 30
[2026-08-04 10:56:59] INFO: 通道 12 采集进度: 30 / 30
[2026-08-04 10:57:00] INFO: 通道 12 采集进度: 30 / 30
[2026-08-04 10:57:00] INFO: 通道 12 采集进度: 30 / 30
[2026-08-04 10:57:01] INFO: 通道 12 采集进度: 30 / 30
[2026-08-04 10:57:01] INFO: 通道 12 采集进度: 30 / 30
[2026-08-04 10:57:02] INFO: 通道 12 采集进度: 30 / 30
[2026-08-04 10:57:02] INFO: 通道 12 采集进度: 30 / 30
[2026-08-04 10:57:03] INFO: 通道 12 采集进度: 30 / 30
[2026-08-04 10:57:03] INFO: 通道 12 采集进度: 30 / 30
[2026-08-04 10:57:04] INFO: 通道 12 采集进度: 30 / 30
[2026-08-04 10:57:04] INFO: 通道 12 采集进度: 30 / 30
[2026-08-04 10:57:05] INFO: 通道 12 采集进度: 30 / 30
[2026-08-04 10:57:05] INFO: 通道 12 采集进度: 30 / 30
[2026-08-04 10:57:06] INFO: 通道 12 采集进度: 30 / 30
[2026-08-04 10:57:06] INFO: 通道 12 采集进度: 30 / 30
[2026-08-04 10:57:07] INFO: 通道 12 采集进度: 30 / 30
[2026-08-04 10:57:07] INFO: 通道 12 采集进度: 30 / 30
[2026-08-04 10:57:08] INFO: 通道 12 采集进度: 30 / 30
[2026-08-04 10:57:08] INFO: 通道 12 采集进度: 30 / 30
[2026-08-04 10:57:09] INFO: 通道 12 采集进度: 30 / 30
[2026-08-04 10:57:09] INFO: 通道 12 采集进度: 30 / 30
[2026-08-04 10:57:10] INFO: 通道 12 采集进度: 30 / 30
[2026-08-04 10:57:10] INFO: 通道 12 采集进度: 30 / 30
[2026-08-04 10:57:11] INFO: 通道 12 采集进度: 30 / 30
[2026-08-04 10:57:11] INFO: 通道 12 采集进度: 30 / 30
[2026-08-04 10:57:12] INFO: 通道 12 采集进度: 30 / 30
[2026-08-04 10:57:12] INFO: 通道 12 采集进度: 30 / 30
[2026-08-04 10:57:13] INFO: 通道 12 采集进度: 30 / 30
[2026-08-04 10:57:13] INFO: 通道 12 采集进度: 30 / 30
[2026-08-04 10:57:14] INFO: 通道 12 采集进度: 30 / 30
[2026-08-04 10:57:14] INFO: 通道 12 采集进度: 30 / 30
[2026-08-04 10:57:15] INFO: 通道 12 采集进度: 30 / 30
[2026-08-04 10:57:15] INFO: 通道 12 采集进度: 30 / 30
[2026-08-04 10:57:16] INFO: 通道 12 采集进度: 30 / 30
[2026-08-04 10:57:16] INFO: 通道 12 采集进度: 30 / 30
[2026-08-04 10:57:17] INFO: 通道 12 采集进度: 30 / 30
[2026-08-04 10:57:17] INFO: 通道 12 采集进度: 30 / 30
[2026-08-04 10:57:18] INFO: 通道 12 采集进度: 30 / 30
[2026-08-04 10:57:18] INFO: 通道 12 采集进度: 30 / 30
[2026-08-04 10:57:19] INFO: 通道 12 采集进度: 30 / 30
[2026-08-04 10:57:19] INFO: 通道 12 采集进度: 30 / 30
[2026-08-04 10:57:20] INFO: 通道 12 采集进度: 30 / 30
[2026-08-04 10:57:20] INFO: 通道 12 采集进度: 30 / 30
[2026-08-04 10:57:21] INFO: 通道 12 采集进度: 30 / 30
[2026-08-04 10:57:21] INFO: 通道 12 采集进度: 30 / 30
[2026-08-04 10:57:22] INFO: 通道 12 采集进度: 30 / 30
[2026-08-04 10:57:22] INFO: 通道 12 采集进度: 30 / 30
[2026-08-04 10:57:23] INFO: 通道 12 采集进度: 30 / 30
[2026-08-04 10:57:23] INFO: 通道 12 采集进度: 30 / 30
[2026-08-04 10:57:24] INFO: 通道 12 采集进度: 30 / 30
[2026-08-04 10:57:24] INFO: 通道 12 采集进度: 30 / 30
[2026-08-04 10:57:25] INFO: 通道 12 采集进度: 30 / 30
[2026-08-04 10:57:25] INFO: 通道 12 采集进度: 30 / 30
[2026-08-04 10:57:26] INFO: 通道 12 采集进度: 30 / 30
[2026-08-04 10:57:26] INFO: 通道 12 采集进度: 30 / 30
[2026-08-04 10:57:27] INFO: 通道 12 采集进度: 30 / 30
[2026-08-04 10:57:27] INFO: 通道 12 采集进度: 30 / 30
[2026-08-04 10:57:28] INFO: 通道 12 采集进度: 30 / 30
[2026-08-04 10:57:28] INFO: 通道 12 采集进度: 30 / 30
[2026-08-04 10:57:29] INFO: 通道 12 采集进度: 30 / 30
[2026-08-04 10:57:29] INFO: 通道 12 采集进度: 30 / 30
[2026-08-04 10:57:30] INFO: 通道 12 采集进度: 30 / 30
[2026-08-04 10:57:30] INFO: 通道 12 采集进度: 30 / 30
[2026-08-04 10:57:31] INFO: 通道 12 采集进度: 30 / 30
[2026-08-04 10:57:31] INFO: 通道 12 采集进度: 30 / 30
[2026-08-04 10:57:32] INFO: 通道 12 采集进度: 30 / 30
[2026-08-04 10:57:32] INFO: 通道 12 采集进度: 30 / 30
[2026-08-04 10:57:33] INFO: 通道 12 采集进度: 30 / 30
[2026-08-04 10:57:33] INFO: 通道 12 采集进度: 30 / 30
[2026-08-04 10:57:34] INFO: 通道 12 采集进度: 30 / 30
[2026-08-04 10:57:34] INFO: 通道 12 采集进度: 30 / 30
[2026-08-04 10:57:35] INFO: 通道 12 采集进度: 30 / 30
[2026-08-04 10:57:35] INFO: 通道 12 采集进度: 30 / 30
[2026-08-04 10:57:36] INFO: 通道 12 采集进度: 30 / 30
[2026-08-04 10:57:37] INFO: 通道 12 采集进度: 30 / 30
[2026-08-04 10:57:37] INFO: 通道 12 采集进度: 30 / 30
[2026-08-04 10:57:38] INFO: 通道 12 采集进度: 30 / 30
[2026-08-04 10:57:38] INFO: 通道 12 采集进度: 30 / 30
[2026-08-04 10:57:39] INFO: 通道 12 采集进度: 30 / 30
[2026-08-04 10:57:39] INFO: 通道 12 采集进度: 30 / 30
[2026-08-04 10:57:40] INFO: 通道 12 采集进度: 30 / 30
[2026-08-04 10:57:40] INFO: 通道 12 采集进度: 30 / 30
[2026-08-04 10:57:41] INFO: 通道 12 采集进度: 30 / 30
[2026-08-04 10:57:41] INFO: 通道 12 采集进度: 30 / 30
[2026-08-04 10:57:42] INFO: 通道 12 采集进度: 30 / 30
[2026-08-04 10:57:42] INFO: 通道 12 采集进度: 30 / 30
[2026-08-04 10:57:43] INFO: 通道 12 采集进度: 30 / 30
[2026-08-04 10:57:43] INFO: 通道 12 采集进度: 30 / 30
[2026-08-04 10:57:44] INFO: 通道 12 采集进度: 30 / 30
[2026-08-04 10:57:44] INFO: 通道 12 采集进度: 30 / 30
[2026-08-04 10:57:45] INFO: 通道 12 采集进度: 30 / 30
[2026-08-04 10:57:45] INFO: 通道 12 采集进度: 30 / 30
[2026-08-04 10:57:46] INFO: 通道 12 采集进度: 30 / 30
[2026-08-04 10:57:46] INFO: 通道 12 采集进度: 30 / 30
[2026-08-04 10:57:47] INFO: 通道 12 采集进度: 30 / 30
[2026-08-04 10:57:47] INFO: 通道 12 采集进度: 30 / 30
[2026-08-04 10:57:48] INFO: 通道 12 采集进度: 30 / 30
[2026-08-04 10:57:48] INFO: 通道 12 采集进度: 30 / 30
[2026-08-04 10:57:49] INFO: 通道 12 采集进度: 30 / 30
[2026-08-04 10:57:49] INFO: 通道 12 采集进度: 30 / 30
[2026-08-04 10:57:50] INFO: 通道 12 采集进度: 30 / 30
[2026-08-04 10:57:50] INFO: 通道 12 采集进度: 30 / 30
[2026-08-04 10:57:51] INFO: 通道 12 采集进度: 30 / 30
[2026-08-04 10:57:51] INFO: 通道 12 采集进度: 30 / 30
[2026-08-04 10:57:52] INFO: 通道 12 采集进度: 30 / 30
[2026-08-04 10:57:52] INFO: 通道 12 采集进度: 30 / 30
[2026-08-04 10:57:53] INFO: 通道 12 采集进度: 30 / 30
[2026-08-04 10:57:53] INFO: 通道 12 采集进度: 30 / 30
[2026-08-04 10:57:54] INFO: 通道 12 采集进度: 30 / 30
[2026-08-04 10:57:54] INFO: 通道 12 采集进度: 30 / 30
[2026-08-04 10:57:55] INFO: 通道 12 采集进度: 30 / 30
[2026-08-04 10:57:55] INFO: 通道 12 采集进度: 30 / 30
[2026-08-04 10:57:56] INFO: 通道 12 采集进度: 30 / 30
[2026-08-04 10:57:56] INFO: 通道 12 采集进度: 30 / 30
[2026-08-04 10:57:57] INFO: 通道 12 采集进度: 30 / 30
[2026-08-04 10:57:57] INFO: 通道 12 采集进度: 30 / 30
[2026-08-04 10:57:58] INFO: 通道 12 采集进度: 30 / 30
[2026-08-04 10:57:58] INFO: 通道 12 采集进度: 30 / 30
[2026-08-04 10:57:59] INFO: 通道 12 采集进度: 30 / 30
[2026-08-04 10:57:59] INFO: 通道 12 采集进度: 30 / 30
[2026-08-04 10:58:00] INFO: 通道 12 采集进度: 30 / 30
[2026-08-04 10:58:00] INFO: 通道 12 采集进度: 30 / 30
[2026-08-04 10:58:01] INFO: 通道 12 采集进度: 30 / 30
[2026-08-04 10:58:01] INFO: 通道 12 采集进度: 30 / 30
[2026-08-04 10:58:02] INFO: 通道 12 采集进度: 30 / 30
[2026-08-04 10:58:02] INFO: 通道 12 采集进度: 30 / 30
[2026-08-04 10:58:03] INFO: 通道 12 采集进度: 30 / 30
[2026-08-04 10:58:03] INFO: 通道 12 采集进度: 30 / 30
[2026-08-04 10:58:04] INFO: 通道 12 采集进度: 30 / 30
[2026-08-04 10:58:04] INFO: 通道 12 采集进度: 30 / 30
[2026-08-04 10:58:05] INFO: 通道 12 采集进度: 30 / 30
[2026-08-04 10:58:05] INFO: 通道 12 采集进度: 30 / 30
[2026-08-04 10:58:06] INFO: 通道 12 采集进度: 30 / 30
[2026-08-04 10:58:06] INFO: 通道 12 采集进度: 30 / 30
[2026-08-04 10:58:07] INFO: 通道 12 采集进度: 30 / 30
[2026-08-04 10:58:07] INFO: 通道 12 采集进度: 30 / 30
[2026-08-04 10:58:08] INFO: 通道 12 采集进度: 30 / 30
[2026-08-04 10:58:08] INFO: 通道 12 采集进度: 30 / 30
[2026-08-04 10:58:09] INFO: 通道 12 采集进度: 30 / 30
[2026-08-04 10:58:09] INFO: 通道 12 采集进度: 30 / 30
[2026-08-04 10:58:10] INFO: 通道 12 采集进度: 30 / 30
[2026-08-04 10:58:10] INFO: 通道 12 采集进度: 30 / 30
[2026-08-04 10:58:11] INFO: 通道 12 采集进度: 30 / 30
[2026-08-04 10:58:11] INFO: 通道 12 采集进度: 30 / 30
[2026-08-04 10:58:12] INFO: 通道 12 采集进度: 30 / 30
[2026-08-04 10:58:12] INFO: 通道 12 采集进度: 30 / 30
[2026-08-04 10:58:13] INFO: 通道 12 采集进度: 30 / 30
[2026-08-04 10:58:13] INFO: 通道 12 采集进度: 30 / 30
[2026-08-04 10:58:14] INFO: 通道 12 采集进度: 30 / 30
[2026-08-04 10:58:14] INFO: 通道 12 采集进度: 30 / 30
[2026-08-04 10:58:15] INFO: 通道 12 采集进度: 30 / 30
[2026-08-04 10:58:16] INFO: 通道 12 采集进度: 30 / 30
[2026-08-04 10:58:16] INFO: 通道 12 采集进度: 30 / 30
[2026-08-04 10:58:17] INFO: 通道 12 采集进度: 30 / 30
[2026-08-04 10:58:17] INFO: 通道 12 采集进度: 30 / 30
[2026-08-04 10:58:18] INFO: 通道 12 采集进度: 30 / 30
[2026-08-04 10:58:18] INFO: 通道 12 采集进度: 30 / 30
[2026-08-04 10:58:19] INFO: 通道 12 采集进度: 30 / 30
[2026-08-04 10:58:19] INFO: 通道 12 采集进度: 30 / 30
[2026-08-04 10:58:20] INFO: 通道 12 采集进度: 30 / 30
[2026-08-04 10:58:20] INFO: 通道 12 采集进度: 30 / 30
[2026-08-04 10:58:21] INFO: 通道 12 采集进度: 30 / 30
[2026-08-04 10:58:21] INFO: 通道 12 采集进度: 30 / 30
[2026-08-04 10:58:22] INFO: 通道 12 采集进度: 30 / 30
[2026-08-04 10:58:22] INFO: 通道 12 采集进度: 30 / 30
[2026-08-04 10:58:23] INFO: 通道 12 采集进度: 30 / 30
[2026-08-04 10:58:23] INFO: 通道 12 采集进度: 30 / 30
[2026-08-04 10:58:24] INFO: 通道 12 采集进度: 30 / 30
[2026-08-04 10:58:24] INFO: 通道 12 采集进度: 30 / 30
[2026-08-04 10:58:25] INFO: 通道 12 采集进度: 30 / 30
[2026-08-04 10:58:25] INFO: 通道 12 采集进度: 30 / 30
[2026-08-04 10:58:26] INFO: 通道 12 采集进度: 30 / 30
[2026-08-04 10:58:26] INFO: 通道 12 采集进度: 30 / 30
[2026-08-04 10:58:27] INFO: 通道 12 采集进度: 30 / 30
[2026-08-04 10:58:27] INFO: 通道 12 采集进度: 30 / 30
[2026-08-04 10:58:28] INFO: 通道 12 采集进度: 30 / 30
[2026-08-04 10:58:28] INFO: 通道 12 采集进度: 30 / 30
[2026-08-04 10:58:29] INFO: 通道 12 采集进度: 30 / 30
[2026-08-04 10:58:29] INFO: 通道 12 采集进度: 30 / 30
[2026-08-04 10:58:30] INFO: 通道 12 采集进度: 30 / 30
[2026-08-04 10:58:30] INFO: 通道 12 采集进度: 30 / 30
[2026-08-04 10:58:31] INFO: 通道 12 采集进度: 30 / 30
[2026-08-04 10:58:31] INFO: 通道 12 采集进度: 30 / 30
[2026-08-04 10:58:32] INFO: 通道 12 采集进度: 30 / 30
[2026-08-04 10:58:32] INFO: 通道 12 采集进度: 30 / 30
[2026-08-04 10:58:33] INFO: 通道 12 采集进度: 30 / 30
[2026-08-04 10:58:33] INFO: 通道 12 采集进度: 30 / 30
[2026-08-04 10:58:34] INFO: 通道 12 采集进度: 30 / 30
[2026-08-04 10:58:34] INFO: 通道 12 采集进度: 30 / 30
[2026-08-04 10:58:35] INFO: 通道 12 采集进度: 30 / 30
[2026-08-04 10:58:35] INFO: 通道 12 采集进度: 30 / 30
[2026-08-04 10:58:36] INFO: 通道 12 采集进度: 30 / 30
[2026-08-04 10:58:36] INFO: 通道 12 采集进度: 30 / 30
[2026-08-04 10:58:37] INFO: 通道 12 采集进度: 30 / 30
[2026-08-04 10:58:37] INFO: 通道 12 采集进度: 30 / 30
[2026-08-04 10:58:38] INFO: 通道 12 采集进度: 30 / 30
[2026-08-04 10:58:38] INFO: 通道 12 采集进度: 30 / 30
[2026-08-04 10:58:39] INFO: 通道 12 采集进度: 30 / 30
[2026-08-04 10:58:39] INFO: 通道 12 采集进度: 30 / 30
[2026-08-04 10:58:40] INFO: 通道 12 采集进度: 30 / 30
[2026-08-04 10:58:40] INFO: 通道 12 采集进度: 30 / 30
[2026-08-04 10:58:41] INFO: 通道 12 采集进度: 30 / 30
[2026-08-04 10:58:41] INFO: 通道 12 采集进度: 30 / 30
[2026-08-04 10:58:42] INFO: 通道 12 采集进度: 30 / 30
[2026-08-04 10:58:42] INFO: 通道 12 采集进度: 30 / 30
[2026-08-04 10:58:43] INFO: 通道 12 采集进度: 30 / 30
[2026-08-04 10:58:43] INFO: 通道 12 采集进度: 30 / 30
[2026-08-04 10:58:44] INFO: 通道 12 采集进度: 30 / 30
[2026-08-04 10:58:44] INFO: 通道 12 采集进度: 30 / 30
[2026-08-04 10:58:45] INFO: 通道 12 采集进度: 30 / 30
[2026-08-04 10:58:45] INFO: 通道 12 采集进度: 30 / 30
[2026-08-04 10:58:46] INFO: 通道 12 采集进度: 30 / 30
[2026-08-04 10:58:46] INFO: 通道 12 采集进度: 30 / 30
[2026-08-04 10:58:47] INFO: 通道 12 采集进度: 30 / 30
[2026-08-04 10:58:47] INFO: 通道 12 采集进度: 30 / 30
[2026-08-04 10:58:48] INFO: 通道 12 采集进度: 30 / 30
[2026-08-04 10:58:48] INFO: 通道 12 采集进度: 30 / 30
[2026-08-04 10:58:49] INFO: 通道 12 采集进度: 30 / 30
[2026-08-04 10:58:49] INFO: 通道 12 采集进度: 30 / 30
[2026-08-04 10:58:50] INFO: 通道 12 采集进度: 30 / 30
[2026-08-04 10:58:50] INFO: 通道 12 采集进度: 30 / 30
[2026-08-04 10:58:51] INFO: 通道 12 采集进度: 30 / 30
[2026-08-04 10:58:51] INFO: 通道 12 采集进度: 30 / 30
[2026-08-04 10:58:52] INFO: 通道 12 采集进度: 30 / 30
[2026-08-04 10:58:52] INFO: 通道 12 采集进度: 30 / 30
[2026-08-04 10:58:53] INFO: 通道 12 采集进度: 30 / 30
[2026-08-04 10:58:54] INFO: 通道 12 采集进度: 30 / 30
[2026-08-04 10:58:54] INFO: 通道 12 采集进度: 30 / 30
[2026-08-04 10:58:55] INFO: 通道 12 采集进度: 30 / 30
[2026-08-04 10:58:55] INFO: 通道 12 采集进度: 30 / 30
[2026-08-04 10:58:56] INFO: 通道 12 采集进度: 30 / 30
[2026-08-04 10:58:56] INFO: 通道 12 采集进度: 30 / 30
[2026-08-04 10:58:57] INFO: 通道 12 采集进度: 30 / 30
[2026-08-04 10:58:57] INFO: 通道 12 采集进度: 30 / 30
[2026-08-04 10:58:58] INFO: 通道 12 采集进度: 30 / 30
[2026-08-04 10:58:58] INFO: 通道 12 采集进度: 30 / 30
[2026-08-04 10:58:59] INFO: 通道 12 采集进度: 30 / 30
[2026-08-04 10:58:59] INFO: 通道 12 采集进度: 30 / 30
[2026-08-04 10:59:00] INFO: 通道 12 采集进度: 30 / 30
[2026-08-04 10:59:00] INFO: 通道 12 采集进度: 30 / 30
[2026-08-04 10:59:01] INFO: 通道 12 采集进度: 30 / 30
[2026-08-04 10:59:01] INFO: 通道 12 采集进度: 30 / 30
[2026-08-04 10:59:02] INFO: 通道 12 采集进度: 30 / 30
[2026-08-04 10:59:02] INFO: 通道 12 采集进度: 30 / 30
[2026-08-04 10:59:03] INFO: 通道 12 采集进度: 30 / 30
[2026-08-04 10:59:03] INFO: 通道 12 采集进度: 30 / 30
[2026-08-04 10:59:04] INFO: 通道 12 采集进度: 30 / 30
[2026-08-04 10:59:04] INFO: 通道 12 采集进度: 30 / 30
[2026-08-04 10:59:05] INFO: 通道 12 采集进度: 30 / 30
[2026-08-04 10:59:05] INFO: 通道 12 采集进度: 30 / 30
[2026-08-04 10:59:06] INFO: 通道 12 采集进度: 30 / 30
[2026-08-04 10:59:06] INFO: 通道 12 采集进度: 30 / 30
[2026-08-04 10:59:07] INFO: 通道 12 采集进度: 30 / 30
[2026-08-04 10:59:07] INFO: 通道 12 采集进度: 30 / 30
[2026-08-04 10:59:08] INFO: 通道 12 采集进度: 30 / 30
[2026-08-04 10:59:08] INFO: 通道 12 采集进度: 30 / 30
[2026-08-04 10:59:09] INFO: 通道 12 采集进度: 30 / 30
[2026-08-04 10:59:09] INFO: 通道 12 采集进度: 30 / 30
[2026-08-04 10:59:10] INFO: 通道 12 采集进度: 30 / 30
[2026-08-04 10:59:10] INFO: 通道 12 采集进度: 30 / 30
[2026-08-04 10:59:11] INFO: 通道 12 采集进度: 30 / 30
[2026-08-04 10:59:11] INFO: 通道 12 采集进度: 30 / 30
[2026-08-04 10:59:12] INFO: 通道 12 采集进度: 30 / 30
[2026-08-04 10:59:12] INFO: 通道 12 采集进度: 30 / 30
[2026-08-04 10:59:13] INFO: 通道 12 采集进度: 30 / 30
[2026-08-04 10:59:13] INFO: 通道 12 采集进度: 30 / 30
[2026-08-04 10:59:14] INFO: 通道 12 采集进度: 30 / 30
[2026-08-04 10:59:14] INFO: 通道 12 采集进度: 30 / 30
[2026-08-04 10:59:15] INFO: 通道 12 采集进度: 30 / 30
[2026-08-04 10:59:15] INFO: 通道 12 采集进度: 30 / 30
[2026-08-04 10:59:16] INFO: 通道 12 采集进度: 30 / 30
[2026-08-04 10:59:16] INFO: 通道 12 采集进度: 30 / 30
[2026-08-04 10:59:17] INFO: 通道 12 采集进度: 30 / 30
[2026-08-04 10:59:17] INFO: 通道 12 采集进度: 30 / 30
[2026-08-04 10:59:18] INFO: 通道 12 采集进度: 30 / 30
[2026-08-04 10:59:18] INFO: 通道 12 采集进度: 30 / 30
[2026-08-04 10:59:19] INFO: 通道 12 采集进度: 30 / 30
[2026-08-04 10:59:19] INFO: 通道 12 采集进度: 30 / 30
[2026-08-04 10:59:20] INFO: 通道 12 采集进度: 30 / 30
[2026-08-04 10:59:20] INFO: 通道 12 采集进度: 30 / 30
[2026-08-04 10:59:21] INFO: 通道 12 采集进度: 30 / 30
[2026-08-04 10:59:21] INFO: 通道 12 采集进度: 30 / 30
[2026-08-04 10:59:22] INFO: 通道 12 采集进度: 30 / 30
[2026-08-04 10:59:22] INFO: 通道 12 采集进度: 30 / 30
[2026-08-04 10:59:23] INFO: 通道 12 采集进度: 30 / 30
[2026-08-04 10:59:23] INFO: 通道 12 采集进度: 30 / 30
[2026-08-04 10:59:24] INFO: 通道 12 采集进度: 30 / 30
[2026-08-04 10:59:24] INFO: 通道 12 采集进度: 30 / 30
[2026-08-04 10:59:25] INFO: 通道 12 采集进度: 30 / 30
[2026-08-04 10:59:25] INFO: 通道 12 采集进度: 30 / 30
[2026-08-04 10:59:26] INFO: 通道 12 采集进度: 30 / 30
[2026-08-04 10:59:26] INFO: 通道 12 采集进度: 30 / 30
[2026-08-04 10:59:27] INFO: 通道 12 采集进度: 30 / 30
[2026-08-04 10:59:27] INFO: 通道 12 采集进度: 30 / 30
[2026-08-04 10:59:28] INFO: 通道 12 采集进度: 30 / 30
[2026-08-04 10:59:28] INFO: 通道 12 采集进度: 30 / 30
[2026-08-04 10:59:29] INFO: 通道 12 采集进度: 30 / 30
[2026-08-04 10:59:29] INFO: 通道 12 采集进度: 30 / 30
[2026-08-04 10:59:30] INFO: 通道 12 采集进度: 30 / 30
[2026-08-04 10:59:30] INFO: 通道 12 采集进度: 30 / 30
[2026-08-04 10:59:31] INFO: 通道 12 采集进度: 30 / 30
[2026-08-04 10:59:31] INFO: 通道 12 采集进度: 30 / 30
[2026-08-04 10:59:32] INFO: 通道 12 采集进度: 30 / 30
[2026-08-04 10:59:32] INFO: 通道 12 采集进度: 30 / 30
[2026-08-04 10:59:33] INFO: 通道 12 采集进度: 30 / 30
[2026-08-04 10:59:33] INFO: 通道 12 采集进度: 30 / 30
[2026-08-04 10:59:34] INFO: 通道 12 采集进度: 30 / 30
[2026-08-04 10:59:35] INFO: 通道 12 采集进度: 30 / 30
[2026-08-04 10:59:35] INFO: 通道 12 采集进度: 30 / 30
[2026-08-04 10:59:36] INFO: 通道 12 采集进度: 30 / 30
[2026-08-04 10:59:36] INFO: 通道 12 采集进度: 30 / 30
[2026-08-04 10:59:37] INFO: 通道 12 采集进度: 30 / 30
[2026-08-04 10:59:37] INFO: 通道 12 采集进度: 30 / 30
[2026-08-04 10:59:38] INFO: 通道 12 采集进度: 30 / 30
[2026-08-04 10:59:38] INFO: 通道 12 采集进度: 30 / 30
[2026-08-04 10:59:39] INFO: 通道 12 采集进度: 30 / 30
[2026-08-04 10:59:39] INFO: 通道 12 采集进度: 30 / 30
[2026-08-04 10:59:40] INFO: 通道 12 采集进度: 30 / 30
[2026-08-04 10:59:40] INFO: 通道 12 采集进度: 30 / 30
[2026-08-04 10:59:41] INFO: 通道 12 采集进度: 30 / 30
[2026-08-04 10:59:41] INFO: 通道 12 采集进度: 30 / 30
[2026-08-04 10:59:42] INFO: 通道 12 采集进度: 30 / 30
[2026-08-04 10:59:42] INFO: 通道 12 采集进度: 30 / 30
[2026-08-04 10:59:43] INFO: 通道 12 采集进度: 30 / 30
[2026-08-04 10:59:43] INFO: 通道 12 采集进度: 30 / 30
[2026-08-04 10:59:44] INFO: 通道 12 采集进度: 30 / 30
[2026-08-04 10:59:44] INFO: 通道 12 采集进度: 30 / 30
[2026-08-04 10:59:45] INFO: 通道 12 采集进度: 30 / 30
[2026-08-04 10:59:45] INFO: 通道 12 采集进度: 30 / 30
[2026-08-04 10:59:46] INFO: 通道 12 采集进度: 30 / 30
[2026-08-04 10:59:46] INFO: 通道 12 采集进度: 30 / 30
[2026-08-04 10:59:47] INFO: 通道 12 采集进度: 30 / 30
[2026-08-04 10:59:47] INFO: 通道 12 采集进度: 30 / 30
[2026-08-04 10:59:48] INFO: 通道 12 采集进度: 30 / 30
[2026-08-04 10:59:48] INFO: 通道 12 采集进度: 30 / 30
[2026-08-04 10:59:49] INFO: 通道 12 采集进度: 30 / 30
[2026-08-04 10:59:49] INFO: 通道 12 采集进度: 30 / 30
[2026-08-04 10:59:50] INFO: 通道 12 采集进度: 30 / 30
[2026-08-04 10:59:50] INFO: 通道 12 采集进度: 30 / 30
[2026-08-04 10:59:51] INFO: 通道 12 采集进度: 30 / 30
[2026-08-04 10:59:51] INFO: 通道 12 采集进度: 30 / 30
[2026-08-04 10:59:52] INFO: 通道 12 采集进度: 30 / 30
[2026-08-04 10:59:52] INFO: 通道 12 采集进度: 30 / 30
[2026-08-04 10:59:53] INFO: 通道 12 采集进度: 30 / 30
[2026-08-04 10:59:53] INFO: 通道 12 采集进度: 30 / 30
[2026-08-04 10:59:54] INFO: 通道 12 采集进度: 30 / 30
[2026-08-04 10:59:54] INFO: 通道 12 采集进度: 30 / 30
[2026-08-04 10:59:55] INFO: 通道 12 采集进度: 30 / 30
[2026-08-04 10:59:55] INFO: 通道 12 采集进度: 30 / 30
[2026-08-04 10:59:56] INFO: 通道 12 采集进度: 30 / 30
[2026-08-04 10:59:56] INFO: 通道 12 采集进度: 30 / 30
[2026-08-04 10:59:57] INFO: 通道 12 采集进度: 30 / 30
[2026-08-04 10:59:57] INFO: 通道 12 采集进度: 30 / 30
[2026-08-04 10:59:58] INFO: 通道 12 采集进度: 30 / 30
[2026-08-04 10:59:58] INFO: 通道 12 采集进度: 30 / 30
[2026-08-04 10:59:59] INFO: 通道 12 采集进度: 30 / 30
[2026-08-04 10:59:59] INFO: 通道 12 采集进度: 30 / 30
[2026-08-04 11:00:00] INFO: 通道 12 采集进度: 30 / 30
[2026-08-04 11:00:00] INFO: 通道 12 采集进度: 30 / 30
[2026-08-04 11:00:01] INFO: 通道 12 采集进度: 30 / 30
[2026-08-04 11:00:01] INFO: 通道 12 采集进度: 30 / 30
[2026-08-04 11:00:02] INFO: 通道 12 采集进度: 30 / 30
[2026-08-04 11:00:02] INFO: 通道 12 采集进度: 30 / 30
[2026-08-04 11:00:03] INFO: 通道 12 采集进度: 30 / 30
[2026-08-04 11:00:03] INFO: 通道 12 采集进度: 30 / 30
[2026-08-04 11:00:04] INFO: 通道 12 采集进度: 30 / 30
[2026-08-04 11:00:04] INFO: 通道 12 采集进度: 30 / 30
[2026-08-04 11:00:05] INFO: 通道 12 采集进度: 30 / 30
[2026-08-04 11:00:05] INFO: 通道 12 采集进度: 30 / 30
[2026-08-04 11:00:06] INFO: 通道 12 采集进度: 30 / 30
[2026-08-04 11:00:06] INFO: 通道 12 采集进度: 30 / 30
[2026-08-04 11:00:07] INFO: 通道 12 采集进度: 30 / 30
[2026-08-04 11:00:07] INFO: 通道 12 采集进度: 30 / 30
[2026-08-04 11:00:08] INFO: 通道 12 采集进度: 30 / 30
[2026-08-04 11:00:08] INFO: 通道 12 采集进度: 30 / 30
[2026-08-04 11:00:09] INFO: 通道 12 采集进度: 30 / 30
[2026-08-04 11:00:09] INFO: 通道 12 采集进度: 30 / 30
[2026-08-04 11:00:10] INFO: 通道 12 采集进度: 30 / 30
[2026-08-04 11:00:10] INFO: 通道 12 采集进度: 30 / 30
[2026-08-04 11:00:11] INFO: 通道 12 采集进度: 30 / 30
[2026-08-04 11:00:11] INFO: 通道 12 采集进度: 30 / 30
[2026-08-04 11:00:12] INFO: 通道 12 采集进度: 30 / 30
[2026-08-04 11:00:12] INFO: 通道 12 采集进度: 30 / 30
[2026-08-04 11:00:13] INFO: 通道 12 采集进度: 30 / 30
[2026-08-04 11:00:14] INFO: 通道 12 采集进度: 30 / 30
[2026-08-04 11:00:14] INFO: 通道 12 采集进度: 30 / 30
[2026-08-04 11:00:15] INFO: 通道 12 采集进度: 30 / 30
[2026-08-04 11:00:15] INFO: 通道 12 采集进度: 30 / 30
[2026-08-04 11:00:16] INFO: 通道 12 采集进度: 30 / 30
[2026-08-04 11:00:16] INFO: 通道 12 采集进度: 30 / 30
[2026-08-04 11:00:17] INFO: 通道 12 采集进度: 30 / 30
[2026-08-04 11:00:17] INFO: 通道 12 采集进度: 30 / 30
[2026-08-04 11:00:18] INFO: 通道 12 采集进度: 30 / 30
[2026-08-04 11:00:18] INFO: 通道 12 采集进度: 30 / 30
[2026-08-04 11:00:19] INFO: 通道 12 采集进度: 30 / 30
[2026-08-04 11:00:19] INFO: 通道 12 采集进度: 30 / 30
[2026-08-04 11:00:20] INFO: 通道 12 采集进度: 30 / 30
[2026-08-04 11:00:20] INFO: 通道 12 采集进度: 30 / 30
[2026-08-04 11:00:21] INFO: 通道 12 采集进度: 30 / 30
[2026-08-04 11:00:21] INFO: 通道 12 采集进度: 30 / 30
[2026-08-04 11:00:22] INFO: 通道 12 采集进度: 30 / 30
[2026-08-04 11:00:22] INFO: 通道 12 采集进度: 30 / 30
[2026-08-04 11:00:23] INFO: 通道 12 采集进度: 30 / 30
[2026-08-04 11:00:23] INFO: 通道 12 采集进度: 30 / 30
[2026-08-04 11:00:24] INFO: 通道 12 采集进度: 30 / 30
[2026-08-04 11:00:24] INFO: 通道 12 采集进度: 30 / 30
[2026-08-04 11:00:25] INFO: 通道 12 采集进度: 30 / 30
[2026-08-04 11:00:25] INFO: 通道 12 采集进度: 30 / 30
[2026-08-04 11:00:26] INFO: 通道 12 采集进度: 30 / 30
[2026-08-04 11:00:26] INFO: 通道 12 采集进度: 30 / 30
[2026-08-04 11:00:27] INFO: 通道 12 采集进度: 30 / 30
[2026-08-04 11:00:27] INFO: 通道 12 采集进度: 30 / 30
[2026-08-04 11:00:28] INFO: 通道 12 采集进度: 30 / 30
[2026-08-04 11:00:28] INFO: 通道 12 采集进度: 30 / 30
[2026-08-04 11:00:29] INFO: 通道 12 采集进度: 30 / 30
[2026-08-04 11:00:29] INFO: 通道 12 采集进度: 30 / 30
[2026-08-04 11:00:30] INFO: 通道 12 采集进度: 30 / 30
[2026-08-04 11:00:30] INFO: 通道 12 采集进度: 30 / 30
[2026-08-04 11:00:31] INFO: 通道 12 采集进度: 30 / 30
[2026-08-04 11:00:31] INFO: 通道 12 采集进度: 30 / 30
[2026-08-04 11:00:32] INFO: 通道 12 采集进度: 30 / 30
[2026-08-04 11:00:32] INFO: 通道 12 采集进度: 30 / 30
[2026-08-04 11:00:33] INFO: 通道 12 采集进度: 30 / 30
[2026-08-04 11:00:33] INFO: 通道 12 采集进度: 30 / 30
[2026-08-04 11:00:34] INFO: 通道 12 采集进度: 30 / 30
[2026-08-04 11:00:34] INFO: 通道 12 采集进度: 30 / 30
[2026-08-04 11:00:35] INFO: 通道 12 采集进度: 30 / 30
[2026-08-04 11:00:35] INFO: 通道 12 采集进度: 30 / 30
[2026-08-04 11:00:36] INFO: 通道 12 采集进度: 30 / 30
[2026-08-04 11:00:36] INFO: 通道 12 采集进度: 30 / 30
[2026-08-04 11:00:37] INFO: 通道 12 采集进度: 30 / 30
[2026-08-04 11:00:37] INFO: 通道 12 采集进度: 30 / 30
[2026-08-04 11:00:38] INFO: 通道 12 采集进度: 30 / 30
[2026-08-04 11:00:38] INFO: 通道 12 采集进度: 30 / 30
[2026-08-04 11:00:39] INFO: 通道 12 采集进度: 30 / 30
[2026-08-04 11:00:39] INFO: 通道 12 采集进度: 30 / 30
[2026-08-04 11:00:40] INFO: 通道 12 采集进度: 30 / 30
[2026-08-04 11:00:40] INFO: 通道 12 采集进度: 30 / 30
[2026-08-04 11:00:41] INFO: 通道 12 采集进度: 30 / 30
[2026-08-04 11:00:41] INFO: 通道 12 采集进度: 30 / 30
[2026-08-04 11:00:42] INFO: 通道 12 采集进度: 30 / 30
[2026-08-04 11:00:42] INFO: 通道 12 采集进度: 30 / 30
[2026-08-04 11:00:43] INFO: 通道 12 采集进度: 30 / 30
[2026-08-04 11:00:43] INFO: 通道 12 采集进度: 30 / 30
[2026-08-04 11:00:44] INFO: 通道 12 采集进度: 30 / 30
[2026-08-04 11:00:44] INFO: 通道 12 采集进度: 30 / 30
[2026-08-04 11:00:45] INFO: 通道 12 采集进度: 30 / 30
[2026-08-04 11:00:45] INFO: 通道 12 采集进度: 30 / 30
[2026-08-04 11:00:46] INFO: 通道 12 采集进度: 30 / 30
[2026-08-04 11:00:46] INFO: 通道 12 采集进度: 30 / 30
[2026-08-04 11:00:47] INFO: 通道 12 采集进度: 30 / 30
[2026-08-04 11:00:47] INFO: 通道 12 采集进度: 30 / 30
[2026-08-04 11:00:48] INFO: 通道 12 采集进度: 30 / 30
[2026-08-04 11:00:48] INFO: 通道 12 采集进度: 30 / 30
[2026-08-04 11:00:49] INFO: 通道 12 采集进度: 30 / 30
[2026-08-04 11:00:49] INFO: 通道 12 采集进度: 30 / 30
[2026-08-04 11:00:50] INFO: 通道 12 采集进度: 30 / 30
[2026-08-04 11:00:50] INFO: 通道 12 采集进度: 30 / 30
[2026-08-04 11:00:51] INFO: 通道 12 采集进度: 30 / 30
[2026-08-04 11:00:52] INFO: 通道 12 采集进度: 30 / 30
[2026-08-04 11:00:52] INFO: 通道 12 采集进度: 30 / 30
[2026-08-04 11:00:53] INFO: 通道 12 采集进度: 30 / 30
[2026-08-04 11:00:53] INFO: 通道 12 采集进度: 30 / 30
[2026-08-04 11:00:54] INFO: 通道 12 采集进度: 30 / 30
[2026-08-04 11:00:54] INFO: 通道 12 采集进度: 30 / 30
[2026-08-04 11:00:55] INFO: 通道 12 采集进度: 30 / 30
[2026-08-04 11:00:55] INFO: 通道 12 采集进度: 30 / 30
[2026-08-04 11:00:56] INFO: 通道 12 采集进度: 30 / 30
[2026-08-04 11:00:56] INFO: 通道 12 采集进度: 30 / 30
[2026-08-04 11:00:57] INFO: 通道 12 采集进度: 30 / 30
[2026-08-04 11:00:57] INFO: 通道 12 采集进度: 30 / 30
[2026-08-04 11:00:58] INFO: 通道 12 采集进度: 30 / 30
[2026-08-04 11:00:58] INFO: 通道 12 采集进度: 30 / 30
[2026-08-04 11:00:59] INFO: 通道 12 采集进度: 30 / 30
[2026-08-04 11:00:59] INFO: 通道 12 采集进度: 30 / 30
[2026-08-04 11:01:00] INFO: 通道 12 采集进度: 30 / 30
[2026-08-04 11:01:00] INFO: 通道 12 采集进度: 30 / 30
[2026-08-04 11:01:01] INFO: 通道 12 采集进度: 30 / 30
[2026-08-04 11:01:01] INFO: 通道 12 采集进度: 30 / 30
[2026-08-04 11:01:02] INFO: 通道 12 采集进度: 30 / 30
[2026-08-04 11:01:02] INFO: 通道 12 采集进度: 30 / 30
[2026-08-04 11:01:03] INFO: 通道 12 采集进度: 30 / 30
[2026-08-04 11:01:03] INFO: 通道 12 采集进度: 30 / 30
[2026-08-04 11:01:04] INFO: 通道 12 采集进度: 30 / 30
[2026-08-04 11:01:04] INFO: 通道 12 采集进度: 30 / 30
[2026-08-04 11:01:05] INFO: 通道 12 采集进度: 30 / 30
[2026-08-04 11:01:05] INFO: 通道 12 采集进度: 30 / 30
[2026-08-04 11:01:06] INFO: 通道 12 采集进度: 30 / 30
[2026-08-04 11:01:06] INFO: 通道 12 采集进度: 30 / 30
[2026-08-04 11:01:07] INFO: 通道 12 采集进度: 30 / 30
[2026-08-04 11:01:07] INFO: 通道 12 采集进度: 30 / 30
[2026-08-04 11:01:08] INFO: 通道 12 采集进度: 30 / 30
[2026-08-04 11:01:08] INFO: 通道 12 采集进度: 30 / 30
[2026-08-04 11:01:09] INFO: 通道 12 采集进度: 30 / 30
[2026-08-04 11:01:09] INFO: 通道 12 采集进度: 30 / 30
[2026-08-04 11:01:10] INFO: 通道 12 采集进度: 30 / 30
[2026-08-04 11:01:10] INFO: 通道 12 采集进度: 30 / 30
[2026-08-04 11:01:11] INFO: 通道 12 采集进度: 30 / 30
[2026-08-04 11:01:11] INFO: 通道 12 采集进度: 30 / 30
[2026-08-04 11:01:12] INFO: 通道 12 采集进度: 30 / 30
[2026-08-04 11:01:12] INFO: 通道 12 采集进度: 30 / 30
[2026-08-04 11:01:13] INFO: 通道 12 采集进度: 30 / 30
[2026-08-04 11:01:13] INFO: 通道 12 采集进度: 30 / 30
[2026-08-04 11:01:14] INFO: 通道 12 采集进度: 30 / 30
[2026-08-04 11:01:14] INFO: 通道 12 采集进度: 30 / 30
[2026-08-04 11:01:15] INFO: 通道 12 采集进度: 30 / 30
[2026-08-04 11:01:15] INFO: 通道 12 采集进度: 30 / 30
[2026-08-04 11:01:16] INFO: 通道 12 采集进度: 30 / 30
[2026-08-04 11:01:16] INFO: 通道 12 采集进度: 30 / 30
[2026-08-04 11:01:17] INFO: 通道 12 采集进度: 30 / 30
[2026-08-04 11:01:17] INFO: 通道 12 采集进度: 30 / 30
[2026-08-04 11:01:18] INFO: 通道 12 采集进度: 30 / 30
[2026-08-04 11:01:18] INFO: 通道 12 采集进度: 30 / 30
[2026-08-04 11:01:19] INFO: 通道 12 采集进度: 30 / 30
[2026-08-04 11:01:19] INFO: 通道 12 采集进度: 30 / 30
[2026-08-04 11:01:20] INFO: 通道 12 采集进度: 30 / 30
[2026-08-04 11:01:21] INFO: 通道 12 采集进度: 30 / 30
[2026-08-04 11:01:21] INFO: 通道 12 采集进度: 30 / 30
[2026-08-04 11:01:22] INFO: 通道 12 采集进度: 30 / 30
[2026-08-04 11:01:22] INFO: 通道 12 采集进度: 30 / 30
[2026-08-04 11:01:23] INFO: 通道 12 采集进度: 30 / 30
[2026-08-04 11:01:23] INFO: 通道 12 采集进度: 30 / 30
[2026-08-04 11:01:24] INFO: 通道 12 采集进度: 30 / 30
[2026-08-04 11:01:24] INFO: 通道 12 采集进度: 30 / 30
[2026-08-04 11:01:25] INFO: 通道 12 采集进度: 30 / 30
[2026-08-04 11:01:25] INFO: 通道 12 采集进度: 30 / 30
[2026-08-04 11:01:26] INFO: 通道 12 采集进度: 30 / 30
[2026-08-04 11:01:26] INFO: 通道 12 采集进度: 30 / 30
[2026-08-04 11:01:27] INFO: 通道 12 采集进度: 30 / 30
[2026-08-04 11:01:27] INFO: 通道 12 采集进度: 30 / 30
[2026-08-04 11:01:28] INFO: 通道 12 采集进度: 30 / 30
[2026-08-04 11:01:28] INFO: 通道 12 采集进度: 30 / 30
[2026-08-04 11:01:29] INFO: 通道 12 采集进度: 30 / 30
[2026-08-04 11:01:29] INFO: 通道 12 采集进度: 30 / 30
[2026-08-04 11:01:30] INFO: 通道 12 采集进度: 30 / 30
[2026-08-04 11:01:30] INFO: 通道 12 采集进度: 30 / 30
[2026-08-04 11:01:31] INFO: 通道 12 采集进度: 30 / 30
[2026-08-04 11:01:31] INFO: 通道 12 采集进度: 30 / 30
[2026-08-04 11:01:32] INFO: 通道 12 采集进度: 30 / 30
[2026-08-04 11:01:32] INFO: 通道 12 采集进度: 30 / 30
[2026-08-04 11:01:33] INFO: 通道 12 采集进度: 30 / 30
[2026-08-04 11:01:33] INFO: 通道 12 采集进度: 30 / 30
[2026-08-04 11:01:34] INFO: 通道 12 采集进度: 30 / 30
[2026-08-04 11:01:34] INFO: 通道 12 采集进度: 30 / 30
[2026-08-04 11:01:35] INFO: 通道 12 采集进度: 30 / 30
[2026-08-04 11:01:35] INFO: 通道 12 采集进度: 30 / 30
[2026-08-04 11:01:36] INFO: 通道 12 采集进度: 30 / 30
[2026-08-04 11:01:36] INFO: 通道 12 采集进度: 30 / 30
[2026-08-04 11:01:37] INFO: 通道 12 采集进度: 30 / 30
[2026-08-04 11:01:37] INFO: 通道 12 采集进度: 30 / 30
[2026-08-04 11:01:38] INFO: 通道 12 采集进度: 30 / 30
[2026-08-04 11:01:38] INFO: 通道 12 采集进度: 30 / 30
[2026-08-04 11:01:39] INFO: 通道 12 采集进度: 30 / 30
[2026-08-04 11:01:39] INFO: 通道 12 采集进度: 30 / 30
[2026-08-04 11:01:40] INFO: 通道 12 采集进度: 30 / 30
[2026-08-04 11:01:40] INFO: 通道 12 采集进度: 30 / 30
[2026-08-04 11:01:41] INFO: 通道 12 采集进度: 30 / 30
[2026-08-04 11:01:41] INFO: 通道 12 采集进度: 30 / 30
[2026-08-04 11:01:42] INFO: 通道 12 采集进度: 30 / 30
[2026-08-04 11:01:42] INFO: 通道 12 采集进度: 30 / 30
[2026-08-04 11:01:43] INFO: 通道 12 采集进度: 30 / 30
[2026-08-04 11:01:43] INFO: 通道 12 采集进度: 30 / 30
[2026-08-04 11:01:44] INFO: 通道 12 采集进度: 30 / 30
[2026-08-04 11:01:44] INFO: 通道 12 采集进度: 30 / 30
[2026-08-04 11:01:45] INFO: 通道 12 采集进度: 30 / 30
[2026-08-04 11:01:45] INFO: 通道 12 采集进度: 30 / 30
[2026-08-04 11:01:46] INFO: 通道 12 采集进度: 30 / 30
[2026-08-04 11:01:46] INFO: 通道 12 采集进度: 30 / 30
[2026-08-04 11:01:47] INFO: 通道 12 采集进度: 30 / 30
[2026-08-04 11:01:47] INFO: 通道 12 采集进度: 30 / 30
[2026-08-04 11:01:48] INFO: 通道 12 采集进度: 30 / 30
[2026-08-04 11:01:48] INFO: 通道 12 采集进度: 30 / 30
[2026-08-04 11:01:49] INFO: 通道 12 采集进度: 30 / 30
[2026-08-04 11:01:49] INFO: 通道 12 采集进度: 30 / 30
[2026-08-04 11:01:50] INFO: 通道 12 采集进度: 30 / 30
[2026-08-04 11:01:50] INFO: 通道 12 采集进度: 30 / 30
[2026-08-04 11:01:51] INFO: 通道 12 采集进度: 30 / 30
[2026-08-04 11:01:51] INFO: 通道 12 采集进度: 30 / 30
[2026-08-04 11:01:52] INFO: 通道 12 采集进度: 30 / 30
[2026-08-04 11:01:52] INFO: 通道 12 采集进度: 30 / 30
[2026-08-04 11:01:53] INFO: 通道 12 采集进度: 30 / 30
[2026-08-04 11:01:54] INFO: 通道 12 采集进度: 30 / 30
[2026-08-04 11:01:54] INFO: 通道 12 采集进度: 30 / 30
[2026-08-04 11:01:55] INFO: 通道 12 采集进度: 30 / 30
[2026-08-04 11:01:55] INFO: 通道 12 采集进度: 30 / 30
[2026-08-04 11:01:56] INFO: 通道 12 采集进度: 30 / 30
[2026-08-04 11:01:56] INFO: 通道 12 采集进度: 30 / 30
[2026-08-04 11:01:57] INFO: 通道 12 采集进度: 30 / 30
[2026-08-04 11:01:57] INFO: 通道 12 采集进度: 30 / 30
[2026-08-04 11:01:58] INFO: 通道 12 采集进度: 30 / 30
[2026-08-04 11:01:58] INFO: 通道 12 采集进度: 30 / 30
[2026-08-04 11:01:59] INFO: 通道 12 采集进度: 30 / 30
[2026-08-04 11:01:59] INFO: 通道 12 采集进度: 30 / 30
[2026-08-04 11:02:00] INFO: 通道 12 采集进度: 30 / 30
[2026-08-04 11:02:00] INFO: 通道 12 采集进度: 30 / 30
[2026-08-04 11:02:01] INFO: 通道 12 采集进度: 30 / 30
[2026-08-04 11:02:01] INFO: 通道 12 采集进度: 30 / 30
[2026-08-04 11:02:02] INFO: 通道 12 采集进度: 30 / 30
[2026-08-04 11:02:02] INFO: 通道 12 采集进度: 30 / 30
[2026-08-04 11:02:03] INFO: 通道 12 采集进度: 30 / 30
[2026-08-04 11:02:03] INFO: 通道 12 采集进度: 30 / 30
[2026-08-04 11:02:04] INFO: 通道 12 采集进度: 30 / 30
[2026-08-04 11:02:04] INFO: 通道 12 采集进度: 30 / 30
[2026-08-04 11:02:05] INFO: 通道 12 采集进度: 30 / 30
[2026-08-04 11:02:05] INFO: 通道 12 采集进度: 30 / 30
[2026-08-04 11:02:06] INFO: 通道 12 采集进度: 30 / 30
[2026-08-04 11:02:06] INFO: 通道 12 采集进度: 30 / 30
[2026-08-04 11:02:07] INFO: 通道 12 采集进度: 30 / 30
[2026-08-04 11:02:07] INFO: 通道 12 采集进度: 30 / 30
[2026-08-04 11:02:08] INFO: 通道 12 采集进度: 30 / 30
[2026-08-04 11:02:08] INFO: 通道 12 采集进度: 30 / 30
[2026-08-04 11:02:09] INFO: 通道 12 采集进度: 30 / 30
[2026-08-04 11:02:09] INFO: 通道 12 采集进度: 30 / 30
[2026-08-04 11:02:10] INFO: 通道 12 采集进度: 30 / 30
[2026-08-04 11:02:10] INFO: 通道 12 采集进度: 30 / 30
[2026-08-04 11:02:11] INFO: 通道 12 采集进度: 30 / 30
[2026-08-04 11:02:11] INFO: 通道 12 采集进度: 30 / 30
[2026-08-04 11:02:12] INFO: 通道 12 采集进度: 30 / 30
[2026-08-04 11:02:12] INFO: 通道 12 采集进度: 30 / 30
[2026-08-04 11:02:13] INFO: 通道 12 采集进度: 30 / 30
[2026-08-04 11:02:13] INFO: 通道 12 采集进度: 30 / 30
[2026-08-04 11:02:14] INFO: 通道 12 采集进度: 30 / 30
[2026-08-04 11:02:14] INFO: 通道 12 采集进度: 30 / 30
[2026-08-04 11:02:15] INFO: 通道 12 采集进度: 30 / 30
[2026-08-04 11:02:15] INFO: 通道 12 采集进度: 30 / 30
[2026-08-04 11:02:16] INFO: 通道 12 采集进度: 30 / 30
[2026-08-04 11:02:16] INFO: 通道 12 采集进度: 30 / 30
[2026-08-04 11:02:17] INFO: 通道 12 采集进度: 30 / 30
[2026-08-04 11:02:17] INFO: 通道 12 采集进度: 30 / 30
[2026-08-04 11:02:18] INFO: 通道 12 采集进度: 30 / 30
[2026-08-04 11:02:18] INFO: 通道 12 采集进度: 30 / 30
[2026-08-04 11:02:19] INFO: 通道 12 采集进度: 30 / 30
[2026-08-04 11:02:19] INFO: 通道 12 采集进度: 30 / 30
[2026-08-04 11:02:20] INFO: 通道 12 采集进度: 30 / 30
[2026-08-04 11:02:20] INFO: 通道 12 采集进度: 30 / 30
[2026-08-04 11:02:21] INFO: 通道 12 采集进度: 30 / 30
[2026-08-04 11:02:21] INFO: 通道 12 采集进度: 30 / 30
[2026-08-04 11:02:22] INFO: 通道 12 采集进度: 30 / 30
[2026-08-04 11:02:22] INFO: 通道 12 采集进度: 30 / 30
[2026-08-04 11:02:23] INFO: 通道 12 采集进度: 30 / 30
[2026-08-04 11:02:23] INFO: 通道 12 采集进度: 30 / 30
[2026-08-04 11:02:24] INFO: 通道 12 采集进度: 30 / 30
[2026-08-04 11:02:24] INFO: 通道 12 采集进度: 30 / 30
[2026-08-04 11:02:25] INFO: 通道 12 采集进度: 30 / 30
[2026-08-04 11:02:25] INFO: 通道 12 采集进度: 30 / 30
[2026-08-04 11:02:26] INFO: 通道 12 采集进度: 30 / 30
[2026-08-04 11:02:26] INFO: 通道 12 采集进度: 30 / 30
[2026-08-04 11:02:27] INFO: 通道 12 采集进度: 30 / 30
[2026-08-04 11:02:28] INFO: 通道 12 采集进度: 30 / 30
[2026-08-04 11:02:28] INFO: 通道 12 采集进度: 30 / 30
[2026-08-04 11:02:29] INFO: 通道 12 采集进度: 30 / 30
[2026-08-04 11:02:29] INFO: 通道 12 采集进度: 30 / 30
[2026-08-04 11:02:30] INFO: 通道 12 采集进度: 30 / 30
[2026-08-04 11:02:30] INFO: 通道 12 采集进度: 30 / 30
[2026-08-04 11:02:31] INFO: 通道 12 采集进度: 30 / 30
[2026-08-04 11:02:31] INFO: 通道 12 采集进度: 30 / 30
[2026-08-04 11:02:32] INFO: 通道 12 采集进度: 30 / 30
[2026-08-04 11:02:32] INFO: 通道 12 采集进度: 30 / 30
[2026-08-04 11:02:33] INFO: 通道 12 采集进度: 30 / 30
[2026-08-04 11:02:33] INFO: 通道 12 采集进度: 30 / 30
[2026-08-04 11:02:34] INFO: 通道 12 采集进度: 30 / 30
[2026-08-04 11:02:34] INFO: 通道 12 采集进度: 30 / 30
[2026-08-04 11:02:35] INFO: 通道 12 采集进度: 30 / 30
[2026-08-04 11:02:35] INFO: 通道 12 采集进度: 30 / 30
[2026-08-04 11:02:36] INFO: 通道 12 采集进度: 30 / 30
[2026-08-04 11:02:36] INFO: 通道 12 采集进度: 30 / 30
[2026-08-04 11:02:37] INFO: 通道 12 采集进度: 30 / 30
[2026-08-04 11:02:37] INFO: 通道 12 采集进度: 30 / 30
[2026-08-04 11:02:38] INFO: 通道 12 采集进度: 30 / 30
[2026-08-04 11:02:38] INFO: 通道 12 采集进度: 30 / 30
[2026-08-04 11:02:39] INFO: 通道 12 采集进度: 30 / 30
[2026-08-04 11:02:39] INFO: 通道 12 采集进度: 30 / 30
[2026-08-04 11:02:40] INFO: 通道 12 采集进度: 30 / 30
[2026-08-04 11:02:40] INFO: 通道 12 采集进度: 30 / 30
[2026-08-04 11:02:41] INFO: 通道 12 采集进度: 30 / 30
[2026-08-04 11:02:41] INFO: 通道 12 采集进度: 30 / 30
[2026-08-04 11:02:42] INFO: 通道 12 采集进度: 30 / 30
[2026-08-04 11:02:42] INFO: 通道 12 采集进度: 30 / 30
[2026-08-04 11:02:43] INFO: 通道 12 采集进度: 30 / 30
[2026-08-04 11:02:43] INFO: 通道 12 采集进度: 30 / 30
[2026-08-04 11:02:44] INFO: 通道 12 采集进度: 30 / 30
[2026-08-04 11:02:44] INFO: 通道 12 采集进度: 30 / 30
[2026-08-04 11:02:45] INFO: 通道 12 采集进度: 30 / 30
[2026-08-04 11:02:45] INFO: 通道 12 采集进度: 30 / 30
[2026-08-04 11:02:46] INFO: 通道 12 采集进度: 30 / 30
[2026-08-04 11:02:46] INFO: 通道 12 采集进度: 30 / 30
[2026-08-04 11:02:47] INFO: 通道 12 采集进度: 30 / 30
[2026-08-04 11:02:47] INFO: 通道 12 采集进度: 30 / 30
[2026-08-04 11:02:48] INFO: 通道 12 采集进度: 30 / 30
[2026-08-04 11:02:48] INFO: 通道 12 采集进度: 30 / 30
[2026-08-04 11:02:49] INFO: 通道 12 采集进度: 30 / 30
[2026-08-04 11:02:49] INFO: 通道 12 采集进度: 30 / 30
[2026-08-04 11:02:50] INFO: 通道 12 采集进度: 30 / 30
[2026-08-04 11:02:50] INFO: 通道 12 采集进度: 30 / 30
[2026-08-04 11:02:51] INFO: 通道 12 采集进度: 30 / 30
[2026-08-04 11:02:51] INFO: 通道 12 采集进度: 30 / 30
[2026-08-04 11:02:52] INFO: 通道 12 采集进度: 30 / 30
[2026-08-04 11:02:52] INFO: 通道 12 采集进度: 30 / 30
[2026-08-04 11:02:53] INFO: 通道 12 采集进度: 30 / 30
[2026-08-04 11:02:53] INFO: 通道 12 采集进度: 30 / 30
[2026-08-04 11:02:54] INFO: 通道 12 采集进度: 30 / 30
[2026-08-04 11:02:54] INFO: 通道 12 采集进度: 30 / 30
[2026-08-04 11:02:55] INFO: 通道 12 采集进度: 30 / 30
[2026-08-04 11:02:55] INFO: 通道 12 采集进度: 30 / 30
[2026-08-04 11:02:56] INFO: 通道 12 采集进度: 30 / 30
[2026-08-04 11:02:56] INFO: 通道 12 采集进度: 30 / 30
[2026-08-04 11:02:57] INFO: 通道 12 采集进度: 30 / 30
[2026-08-04 11:02:58] INFO: 通道 12 采集进度: 30 / 30
[2026-08-04 11:02:58] INFO: 通道 12 采集进度: 30 / 30
[2026-08-04 11:02:59] INFO: 通道 12 采集进度: 30 / 30
[2026-08-04 11:02:59] INFO: 通道 12 采集进度: 30 / 30
[2026-08-04 11:03:00] INFO: 通道 12 采集进度: 30 / 30
[2026-08-04 11:03:00] INFO: 通道 12 采集进度: 30 / 30
[2026-08-04 11:03:01] INFO: 通道 12 采集进度: 30 / 30
[2026-08-04 11:03:01] INFO: 通道 12 采集进度: 30 / 30
[2026-08-04 11:03:02] INFO: 通道 12 采集进度: 30 / 30
[2026-08-04 11:03:02] INFO: 通道 12 采集进度: 30 / 30
[2026-08-04 11:03:03] INFO: 通道 12 采集进度: 30 / 30
[2026-08-04 11:03:03] INFO: 通道 12 采集进度: 30 / 30
[2026-08-04 11:03:04] INFO: 通道 12 采集进度: 30 / 30
[2026-08-04 11:03:04] INFO: 通道 12 采集进度: 30 / 30
[2026-08-04 11:03:05] INFO: 通道 12 采集进度: 30 / 30
[2026-08-04 11:03:05] INFO: 通道 12 采集进度: 30 / 30
[2026-08-04 11:03:06] INFO: 通道 12 采集进度: 30 / 30
[2026-08-04 11:03:06] INFO: 通道 12 采集进度: 30 / 30
[2026-08-04 11:03:07] INFO: 通道 12 采集进度: 30 / 30
[2026-08-04 11:03:07] INFO: 通道 12 采集进度: 30 / 30
[2026-08-04 11:03:08] INFO: 通道 12 采集进度: 30 / 30
[2026-08-04 11:03:08] INFO: 通道 12 采集进度: 30 / 30
[2026-08-04 11:03:09] INFO: 通道 12 采集进度: 30 / 30
[2026-08-04 11:03:09] INFO: 通道 12 采集进度: 30 / 30
[2026-08-04 11:03:10] INFO: 通道 12 采集进度: 30 / 30
[2026-08-04 11:03:10] INFO: 通道 12 采集进度: 30 / 30
[2026-08-04 11:03:11] INFO: 通道 12 采集进度: 30 / 30
[2026-08-04 11:03:11] INFO: 通道 12 采集进度: 30 / 30
[2026-08-04 11:03:12] INFO: 通道 12 采集进度: 30 / 30
[2026-08-04 11:03:12] INFO: 通道 12 采集进度: 30 / 30
[2026-08-04 11:03:13] INFO: 通道 12 采集进度: 30 / 30
[2026-08-04 11:03:13] INFO: 通道 12 采集进度: 30 / 30
[2026-08-04 11:03:14] INFO: 通道 12 采集进度: 30 / 30
[2026-08-04 11:03:14] INFO: 通道 12 采集进度: 30 / 30
[2026-08-04 11:03:15] INFO: 通道 12 采集进度: 30 / 30
[2026-08-04 11:03:15] INFO: 通道 12 采集进度: 30 / 30
[2026-08-04 11:03:16] INFO: 通道 12 采集进度: 30 / 30
[2026-08-04 11:03:16] INFO: 通道 12 采集进度: 30 / 30
[2026-08-04 11:03:17] INFO: 通道 12 采集进度: 30 / 30
[2026-08-04 11:03:17] INFO: 通道 12 采集进度: 30 / 30
[2026-08-04 11:03:18] INFO: 通道 12 采集进度: 30 / 30
[2026-08-04 11:03:18] INFO: 通道 12 采集进度: 30 / 30
[2026-08-04 11:03:19] INFO: 通道 12 采集进度: 30 / 30
[2026-08-04 11:03:19] INFO: 通道 12 采集进度: 30 / 30
[2026-08-04 11:03:20] INFO: 通道 12 采集进度: 30 / 30
[2026-08-04 11:03:20] INFO: 通道 12 采集进度: 30 / 30
[2026-08-04 11:03:21] INFO: 通道 12 采集进度: 30 / 30
[2026-08-04 11:03:21] INFO: 通道 12 采集进度: 30 / 30
[2026-08-04 11:03:22] INFO: 通道 12 采集进度: 30 / 30
[2026-08-04 11:03:22] INFO: 通道 12 采集进度: 30 / 30
[2026-08-04 11:03:23] INFO: 通道 12 采集进度: 30 / 30
[2026-08-04 11:03:23] INFO: 通道 12 采集进度: 30 / 30
[2026-08-04 11:03:24] INFO: 通道 12 采集进度: 30 / 30
[2026-08-04 11:03:24] INFO: 通道 12 采集进度: 30 / 30
[2026-08-04 11:03:25] INFO: 通道 12 采集进度: 30 / 30
[2026-08-04 11:03:25] INFO: 通道 12 采集进度: 30 / 30
[2026-08-04 11:03:26] INFO: 通道 12 采集进度: 30 / 30
[2026-08-04 11:03:26] INFO: 通道 12 采集进度: 30 / 30
[2026-08-04 11:03:27] INFO: 通道 12 采集进度: 30 / 30
[2026-08-04 11:03:27] INFO: 通道 12 采集进度: 30 / 30
[2026-08-04 11:03:28] INFO: 通道 12 采集进度: 30 / 30
[2026-08-04 11:03:28] INFO: 通道 12 采集进度: 30 / 30
[2026-08-04 11:03:29] INFO: 通道 12 采集进度: 30 / 30
[2026-08-04 11:03:29] INFO: 通道 12 采集进度: 30 / 30
[2026-08-04 11:03:30] INFO: 通道 12 采集进度: 30 / 30
[2026-08-04 11:03:31] INFO: 通道 12 采集进度: 30 / 30
[2026-08-04 11:03:31] INFO: 通道 12 采集进度: 30 / 30
[2026-08-04 11:03:32] INFO: 通道 12 采集进度: 30 / 30
[2026-08-04 11:03:32] INFO: 通道 12 采集进度: 30 / 30
[2026-08-04 11:03:33] INFO: 通道 12 采集进度: 30 / 30
[2026-08-04 11:03:33] INFO: 通道 12 采集进度: 30 / 30
[2026-08-04 11:03:34] INFO: 通道 12 采集进度: 30 / 30
[2026-08-04 11:03:34] INFO: 通道 12 采集进度: 30 / 30
[2026-08-04 11:03:35] INFO: 通道 12 采集进度: 30 / 30
[2026-08-04 11:03:35] INFO: 通道 12 采集进度: 30 / 30
[2026-08-04 11:03:36] INFO: 通道 12 采集进度: 30 / 30
[2026-08-04 11:03:36] INFO: 通道 12 采集进度: 30 / 30
[2026-08-04 11:03:37] INFO: 通道 12 采集进度: 30 / 30
[2026-08-04 11:03:37] INFO: 通道 12 采集进度: 30 / 30
[2026-08-04 11:03:38] INFO: 通道 12 采集进度: 30 / 30
[2026-08-04 11:03:38] INFO: 通道 12 采集进度: 30 / 30
[2026-08-04 11:03:39] INFO: 通道 12 采集进度: 30 / 30
[2026-08-04 11:03:39] INFO: 通道 12 采集进度: 30 / 30
[2026-08-04 11:03:40] INFO: 通道 12 采集进度: 30 / 30
[2026-08-04 11:03:40] INFO: 通道 12 采集进度: 30 / 30
[2026-08-04 11:03:41] INFO: 通道 12 采集进度: 30 / 30
[2026-08-04 11:03:41] INFO: 通道 12 采集进度: 30 / 30
[2026-08-04 11:03:42] INFO: 通道 12 采集进度: 30 / 30
[2026-08-04 11:03:42] INFO: 通道 12 采集进度: 30 / 30
[2026-08-04 11:03:43] INFO: 通道 12 采集进度: 30 / 30
[2026-08-04 11:03:43] INFO: 通道 12 采集进度: 30 / 30
[2026-08-04 11:03:44] INFO: 通道 12 采集进度: 30 / 30
[2026-08-04 11:03:44] INFO: 通道 12 采集进度: 30 / 30
[2026-08-04 11:03:45] INFO: 通道 12 采集进度: 30 / 30
[2026-08-04 11:03:45] INFO: 通道 12 采集进度: 30 / 30
[2026-08-04 11:03:46] INFO: 通道 12 采集进度: 30 / 30
[2026-08-04 11:03:46] INFO: 通道 12 采集进度: 30 / 30
[2026-08-04 11:03:47] INFO: 通道 12 采集进度: 30 / 30
[2026-08-04 11:03:47] INFO: 通道 12 采集进度: 30 / 30
[2026-08-04 11:03:48] INFO: 通道 12 采集进度: 30 / 30
[2026-08-04 11:03:48] INFO: 通道 12 采集进度: 30 / 30
[2026-08-04 11:03:49] INFO: 通道 12 采集进度: 30 / 30
[2026-08-04 11:03:49] INFO: 通道 12 采集进度: 30 / 30
[2026-08-04 11:03:50] INFO: 通道 12 采集进度: 30 / 30
[2026-08-04 11:03:50] INFO: 通道 12 采集进度: 30 / 30
[2026-08-04 11:03:51] INFO: 通道 12 采集进度: 30 / 30
[2026-08-04 11:03:51] INFO: 通道 12 采集进度: 30 / 30
[2026-08-04 11:03:52] INFO: 通道 12 采集进度: 30 / 30
[2026-08-04 11:03:52] INFO: 通道 12 采集进度: 30 / 30
[2026-08-04 11:03:53] INFO: 通道 12 采集进度: 30 / 30
[2026-08-04 11:03:53] INFO: 通道 12 采集进度: 30 / 30
[2026-08-04 11:03:54] INFO: 通道 12 采集进度: 30 / 30
[2026-08-04 11:03:54] INFO: 通道 12 采集进度: 30 / 30
[2026-08-04 11:03:55] INFO: 通道 12 采集进度: 30 / 30
[2026-08-04 11:03:55] INFO: 通道 12 采集进度: 30 / 30
[2026-08-04 11:03:56] INFO: 通道 12 采集进度: 30 / 30
[2026-08-04 11:03:56] INFO: 通道 12 采集进度: 30 / 30
[2026-08-04 11:03:57] INFO: 通道 12 采集进度: 30 / 30
[2026-08-04 11:03:58] INFO: 通道 12 采集进度: 30 / 30
[2026-08-04 11:03:58] INFO: 通道 12 采集进度: 30 / 30
[2026-08-04 11:03:59] INFO: 通道 12 采集进度: 30 / 30
[2026-08-04 11:03:59] INFO: 通道 12 采集进度: 30 / 30
[2026-08-04 11:04:00] INFO: 通道 12 采集进度: 30 / 30
[2026-08-04 11:04:00] INFO: 通道 12 采集进度: 30 / 30
[2026-08-04 11:04:01] INFO: 通道 12 采集进度: 30 / 30
[2026-08-04 11:04:01] INFO: 通道 12 采集进度: 30 / 30
[2026-08-04 11:04:02] INFO: 通道 12 采集进度: 30 / 30
[2026-08-04 11:04:02] INFO: 通道 12 采集进度: 30 / 30
[2026-08-04 11:04:03] INFO: 通道 12 采集进度: 30 / 30
[2026-08-04 11:04:03] INFO: 通道 12 采集进度: 30 / 30
[2026-08-04 11:04:04] INFO: 通道 12 采集进度: 30 / 30
[2026-08-04 11:04:04] INFO: 通道 12 采集进度: 30 / 30
[2026-08-04 11:04:05] INFO: 通道 12 采集进度: 30 / 30
[2026-08-04 11:04:05] INFO: 通道 12 采集进度: 30 / 30
[2026-08-04 11:04:06] INFO: 通道 12 采集进度: 30 / 30
[2026-08-04 11:04:06] INFO: 通道 12 采集进度: 30 / 30
[2026-08-04 11:04:07] INFO: 通道 12 采集进度: 30 / 30
[2026-08-04 11:04:07] INFO: 通道 12 采集进度: 30 / 30
[2026-08-04 11:04:08] INFO: 通道 12 采集进度: 30 / 30
[2026-08-04 11:04:08] INFO: 通道 12 采集进度: 30 / 30
[2026-08-04 11:04:09] INFO: 通道 12 采集进度: 30 / 30
[2026-08-04 11:04:09] INFO: 通道 12 采集进度: 30 / 30
[2026-08-04 11:04:10] INFO: 通道 12 采集进度: 30 / 30
[2026-08-04 11:04:10] INFO: 通道 12 采集进度: 30 / 30
[2026-08-04 11:04:11] INFO: 通道 12 采集进度: 30 / 30
[2026-08-04 11:04:11] INFO: 通道 12 采集进度: 30 / 30
[2026-08-04 11:04:12] INFO: 通道 12 采集进度: 30 / 30
[2026-08-04 11:04:12] INFO: 通道 12 采集进度: 30 / 30
[2026-08-04 11:04:13] INFO: 通道 12 采集进度: 30 / 30
[2026-08-04 11:04:13] INFO: 通道 12 采集进度: 30 / 30
[2026-08-04 11:04:14] INFO: 通道 12 采集进度: 30 / 30
[2026-08-04 11:04:14] INFO: 通道 12 采集进度: 30 / 30
[2026-08-04 11:04:15] INFO: 通道 12 采集进度: 30 / 30
[2026-08-04 11:04:15] INFO: 通道 12 采集进度: 30 / 30
[2026-08-04 11:04:16] INFO: 通道 12 采集进度: 30 / 30
[2026-08-04 11:04:16] INFO: 通道 12 采集进度: 30 / 30
[2026-08-04 11:04:17] INFO: 通道 12 采集进度: 30 / 30
[2026-08-04 11:04:17] INFO: 通道 12 采集进度: 30 / 30
[2026-08-04 11:04:18] INFO: 通道 12 采集进度: 30 / 30
[2026-08-04 11:04:18] INFO: 通道 12 采集进度: 30 / 30
[2026-08-04 11:04:19] INFO: 通道 12 采集进度: 30 / 30
[2026-08-04 11:04:19] INFO: 通道 12 采集进度: 30 / 30
[2026-08-04 11:04:20] INFO: 通道 12 采集进度: 30 / 30
[2026-08-04 11:04:20] INFO: 通道 12 采集进度: 30 / 30
[2026-08-04 11:04:21] INFO: 通道 12 采集进度: 30 / 30
[2026-08-04 11:04:21] INFO: 通道 12 采集进度: 30 / 30
[2026-08-04 11:04:22] INFO: 通道 12 采集进度: 30 / 30
[2026-08-04 11:04:22] INFO: 通道 12 采集进度: 30 / 30
[2026-08-04 11:04:23] INFO: 通道 12 采集进度: 30 / 30
[2026-08-04 11:04:23] INFO: 通道 12 采集进度: 30 / 30
[2026-08-04 11:04:24] INFO: 通道 12 采集进度: 30 / 30
[2026-08-04 11:04:24] INFO: 通道 12 采集进度: 30 / 30
[2026-08-04 11:04:25] INFO: 通道 12 采集进度: 30 / 30
[2026-08-04 11:04:26] INFO: 通道 12 采集进度: 30 / 30
[2026-08-04 11:04:26] INFO: 通道 12 采集进度: 30 / 30
[2026-08-04 11:04:27] INFO: 通道 12 采集进度: 30 / 30
[2026-08-04 11:04:27] INFO: 通道 12 采集进度: 30 / 30
[2026-08-04 11:04:28] INFO: 通道 12 采集进度: 30 / 30
[2026-08-04 11:04:28] INFO: 通道 12 采集进度: 30 / 30
[2026-08-04 11:04:29] INFO: 通道 12 采集进度: 30 / 30
[2026-08-04 11:04:29] INFO: 通道 12 采集进度: 30 / 30
[2026-08-04 11:04:30] INFO: 通道 12 采集进度: 30 / 30
[2026-08-04 11:04:30] INFO: 通道 12 采集进度: 30 / 30
[2026-08-04 11:04:31] INFO: 通道 12 采集进度: 30 / 30
[2026-08-04 11:04:31] INFO: 通道 12 采集进度: 30 / 30
[2026-08-04 11:04:32] INFO: 通道 12 采集进度: 30 / 30
[2026-08-04 11:04:32] INFO: 通道 12 采集进度: 30 / 30
[2026-08-04 11:04:33] INFO: 通道 12 采集进度: 30 / 30
[2026-08-04 11:04:33] INFO: 通道 12 采集进度: 30 / 30
[2026-08-04 11:04:34] INFO: 通道 12 采集进度: 30 / 30
[2026-08-04 11:04:34] INFO: 通道 12 采集进度: 30 / 30
[2026-08-04 11:04:35] INFO: 通道 12 采集进度: 30 / 30
[2026-08-04 11:04:35] INFO: 通道 12 采集进度: 30 / 30
[2026-08-04 11:04:36] INFO: 通道 12 采集进度: 30 / 30
[2026-08-04 11:04:36] INFO: 通道 12 采集进度: 30 / 30
[2026-08-04 11:04:37] INFO: 通道 12 采集进度: 30 / 30
[2026-08-04 11:04:37] INFO: 通道 12 采集进度: 30 / 30
[2026-08-04 11:04:38] INFO: 通道 12 采集进度: 30 / 30
[2026-08-04 11:04:38] INFO: 通道 12 采集进度: 30 / 30
[2026-08-04 11:04:39] INFO: 通道 12 采集进度: 30 / 30
[2026-08-04 11:04:39] INFO: 通道 12 采集进度: 30 / 30
[2026-08-04 11:04:40] INFO: 通道 12 采集进度: 30 / 30
[2026-08-04 11:04:40] INFO: 通道 12 采集进度: 30 / 30
[2026-08-04 11:04:41] INFO: 通道 12 采集进度: 30 / 30
[2026-08-04 11:04:41] INFO: 通道 12 采集进度: 30 / 30
[2026-08-04 11:04:42] INFO: 通道 12 采集进度: 30 / 30
[2026-08-04 11:04:42] INFO: 通道 12 采集进度: 30 / 30
[2026-08-04 11:04:43] INFO: 通道 12 采集进度: 30 / 30
[2026-08-04 11:04:43] INFO: 通道 12 采集进度: 30 / 30
[2026-08-04 11:04:44] INFO: 通道 12 采集进度: 30 / 30
[2026-08-04 11:04:44] INFO: 通道 12 采集进度: 30 / 30
[2026-08-04 11:04:45] INFO: 通道 12 采集进度: 30 / 30
[2026-08-04 11:04:45] INFO: 通道 12 采集进度: 30 / 30
[2026-08-04 11:04:46] INFO: 通道 12 采集进度: 30 / 30
[2026-08-04 11:04:46] INFO: 通道 12 采集进度: 30 / 30
[2026-08-04 11:04:47] INFO: 通道 12 采集进度: 30 / 30
[2026-08-04 11:04:47] INFO: 通道 12 采集进度: 30 / 30
[2026-08-04 11:04:48] INFO: 通道 12 采集进度: 30 / 30
[2026-08-04 11:04:48] INFO: 通道 12 采集进度: 30 / 30
[2026-08-04 11:04:49] INFO: 通道 12 采集进度: 30 / 30
[2026-08-04 11:04:49] INFO: 通道 12 采集进度: 30 / 30
[2026-08-04 11:04:50] INFO: 通道 12 采集进度: 30 / 30
[2026-08-04 11:04:50] INFO: 通道 12 采集进度: 30 / 30
[2026-08-04 11:04:51] INFO: 通道 12 采集进度: 30 / 30
[2026-08-04 11:04:51] INFO: 通道 12 采集进度: 30 / 30
[2026-08-04 11:04:52] INFO: 通道 12 采集进度: 30 / 30
[2026-08-04 11:04:52] INFO: 通道 12 采集进度: 30 / 30
[2026-08-04 11:04:53] INFO: 通道 12 采集进度: 30 / 30
[2026-08-04 11:04:53] INFO: 通道 12 采集进度: 30 / 30
[2026-08-04 11:04:54] INFO: 通道 12 采集进度: 30 / 30
[2026-08-04 11:04:54] INFO: 通道 12 采集进度: 30 / 30
[2026-08-04 11:04:55] INFO: 通道 12 采集进度: 30 / 30
[2026-08-04 11:04:55] INFO: 通道 12 采集进度: 30 / 30
[2026-08-04 11:04:56] INFO: 通道 12 采集进度: 30 / 30
[2026-08-04 11:04:57] INFO: 通道 12 采集进度: 30 / 30
[2026-08-04 11:04:57] INFO: 通道 12 采集进度: 30 / 30
[2026-08-04 11:04:58] INFO: 通道 12 采集进度: 30 / 30
[2026-08-04 11:04:58] INFO: 通道 12 采集进度: 30 / 30
[2026-08-04 11:04:59] INFO: 通道 12 采集进度: 30 / 30
[2026-08-04 11:04:59] INFO: 通道 12 采集进度: 30 / 30
[2026-08-04 11:05:00] INFO: 通道 12 采集进度: 30 / 30
[2026-08-04 11:05:00] INFO: 通道 12 采集进度: 30 / 30
[2026-08-04 11:05:01] INFO: 通道 12 采集进度: 30 / 30
[2026-08-04 11:05:01] INFO: 通道 12 采集进度: 30 / 30
[2026-08-04 11:05:02] INFO: 通道 12 采集进度: 30 / 30
[2026-08-04 11:05:02] INFO: 通道 12 采集进度: 30 / 30
[2026-08-04 11:05:03] INFO: 通道 12 采集进度: 30 / 30
[2026-08-04 11:05:03] INFO: 通道 12 采集进度: 30 / 30
[2026-08-04 11:05:04] INFO: 通道 12 采集进度: 30 / 30
[2026-08-04 11:05:04] INFO: 通道 12 采集进度: 30 / 30
[2026-08-04 11:05:05] INFO: 通道 12 采集进度: 30 / 30
[2026-08-04 11:05:05] INFO: 通道 12 采集进度: 30 / 30
[2026-08-04 11:05:06] INFO: 通道 12 采集进度: 30 / 30
[2026-08-04 11:05:06] INFO: 通道 12 采集进度: 30 / 30
[2026-08-04 11:05:07] INFO: 通道 12 采集进度: 30 / 30
[2026-08-04 11:05:07] INFO: 通道 12 采集进度: 30 / 30
[2026-08-04 11:05:08] INFO: 通道 12 采集进度: 30 / 30
[2026-08-04 11:05:08] INFO: 通道 12 采集进度: 30 / 30
[2026-08-04 11:05:09] INFO: 通道 12 采集进度: 30 / 30
[2026-08-04 11:05:09] INFO: 通道 12 采集进度: 30 / 30
[2026-08-04 11:05:10] INFO: 通道 12 采集进度: 30 / 30
[2026-08-04 11:05:10] INFO: 通道 12 采集进度: 30 / 30
[2026-08-04 11:05:11] INFO: 通道 12 采集进度: 30 / 30
[2026-08-04 11:05:11] INFO: 通道 12 采集进度: 30 / 30
[2026-08-04 11:05:12] INFO: 通道 12 采集进度: 30 / 30
[2026-08-04 11:05:12] INFO: 通道 12 采集进度: 30 / 30
[2026-08-04 11:05:13] INFO: 通道 12 采集进度: 30 / 30
[2026-08-04 11:05:13] INFO: 通道 12 采集进度: 30 / 30
[2026-08-04 11:05:14] INFO: 通道 12 采集进度: 30 / 30
[2026-08-04 11:05:14] INFO: 通道 12 采集进度: 30 / 30
[2026-08-04 11:05:15] INFO: 通道 12 采集进度: 30 / 30
[2026-08-04 11:05:15] INFO: 通道 12 采集进度: 30 / 30
[2026-08-04 11:05:16] INFO: 通道 12 采集进度: 30 / 30
[2026-08-04 11:05:16] INFO: 通道 12 采集进度: 30 / 30
[2026-08-04 11:05:17] INFO: 通道 12 采集进度: 30 / 30
[2026-08-04 11:05:17] INFO: 通道 12 采集进度: 30 / 30
[2026-08-04 11:05:18] INFO: 通道 12 采集进度: 30 / 30
[2026-08-04 11:05:18] INFO: 通道 12 采集进度: 30 / 30
[2026-08-04 11:05:19] INFO: 通道 12 采集进度: 30 / 30
[2026-08-04 11:05:19] INFO: 通道 12 采集进度: 30 / 30
[2026-08-04 11:05:20] INFO: 通道 12 采集进度: 30 / 30
[2026-08-04 11:05:20] INFO: 通道 12 采集进度: 30 / 30
[2026-08-04 11:05:21] INFO: 通道 12 采集进度: 30 / 30
[2026-08-04 11:05:21] INFO: 通道 12 采集进度: 30 / 30
[2026-08-04 11:05:22] INFO: 通道 12 采集进度: 30 / 30
[2026-08-04 11:05:22] INFO: 通道 12 采集进度: 30 / 30
[2026-08-04 11:05:23] INFO: 通道 12 采集进度: 30 / 30
[2026-08-04 11:05:23] INFO: 通道 12 采集进度: 30 / 30
[2026-08-04 11:05:24] INFO: 通道 12 采集进度: 30 / 30
[2026-08-04 11:05:24] INFO: 通道 12 采集进度: 30 / 30
[2026-08-04 11:05:25] INFO: 通道 12 采集进度: 30 / 30
[2026-08-04 11:05:25] INFO: 通道 12 采集进度: 30 / 30
[2026-08-04 11:05:26] INFO: 通道 12 采集进度: 30 / 30
[2026-08-04 11:05:26] INFO: 通道 12 采集进度: 30 / 30
[2026-08-04 11:05:27] INFO: 通道 12 采集进度: 30 / 30
[2026-08-04 11:05:27] INFO: 通道 12 采集进度: 30 / 30
[2026-08-04 11:05:28] INFO: 通道 12 采集进度: 30 / 30
[2026-08-04 11:05:28] INFO: 通道 12 采集进度: 30 / 30
[2026-08-04 11:05:29] INFO: 通道 12 采集进度: 30 / 30
[2026-08-04 11:05:30] INFO: 通道 12 采集进度: 30 / 30
[2026-08-04 11:05:30] INFO: 通道 12 采集进度: 30 / 30
[2026-08-04 11:05:31] INFO: 通道 12 采集进度: 30 / 30
[2026-08-04 11:05:31] INFO: 通道 12 采集进度: 30 / 30
[2026-08-04 11:05:32] INFO: 通道 12 采集进度: 30 / 30
[2026-08-04 11:05:32] INFO: 通道 12 采集进度: 30 / 30
[2026-08-04 11:05:33] INFO: 通道 12 采集进度: 30 / 30
[2026-08-04 11:05:33] INFO: 通道 12 采集进度: 30 / 30
[2026-08-04 11:05:34] INFO: 通道 12 采集进度: 30 / 30
[2026-08-04 11:05:34] INFO: 通道 12 采集进度: 30 / 30
[2026-08-04 11:05:35] INFO: 通道 12 采集进度: 30 / 30
[2026-08-04 11:05:35] INFO: 通道 12 采集进度: 30 / 30
[2026-08-04 11:05:36] INFO: 通道 12 采集进度: 30 / 30
[2026-08-04 11:05:36] INFO: 通道 12 采集进度: 30 / 30
[2026-08-04 11:05:37] INFO: 通道 12 采集进度: 30 / 30
[2026-08-04 11:05:37] INFO: 通道 12 采集进度: 30 / 30
[2026-08-04 11:05:38] INFO: 通道 12 采集进度: 30 / 30
[2026-08-04 11:05:38] INFO: 通道 12 采集进度: 30 / 30
[2026-08-04 11:05:39] INFO: 通道 12 采集进度: 30 / 30
[2026-08-04 11:05:39] INFO: 通道 12 采集进度: 30 / 30
[2026-08-04 11:05:40] INFO: 通道 12 采集进度: 30 / 30
[2026-08-04 11:05:40] INFO: 通道 12 采集进度: 30 / 30
[2026-08-04 11:05:41] INFO: 通道 12 采集进度: 30 / 30
[2026-08-04 11:05:41] INFO: 通道 12 采集进度: 30 / 30
[2026-08-04 11:05:42] INFO: 通道 12 采集进度: 30 / 30
[2026-08-04 11:05:42] INFO: 通道 12 采集进度: 30 / 30
[2026-08-04 11:05:43] INFO: 通道 12 采集进度: 30 / 30
[2026-08-04 11:05:43] INFO: 通道 12 采集进度: 30 / 30
[2026-08-04 11:05:44] INFO: 通道 12 采集进度: 30 / 30
[2026-08-04 11:05:44] INFO: 通道 12 采集进度: 30 / 30
[2026-08-04 11:05:45] INFO: 通道 12 采集进度: 30 / 30
[2026-08-04 11:05:45] INFO: 通道 12 采集进度: 30 / 30
[2026-08-04 11:05:46] INFO: 通道 12 采集进度: 30 / 30
[2026-08-04 11:05:46] INFO: 通道 12 采集进度: 30 / 30
[2026-08-04 11:05:47] INFO: 通道 12 采集进度: 30 / 30
[2026-08-04 11:05:47] INFO: 通道 12 采集进度: 30 / 30
[2026-08-04 11:05:48] INFO: 通道 12 采集进度: 30 / 30
[2026-08-04 11:05:48] INFO: 通道 12 采集进度: 30 / 30
[2026-08-04 11:05:49] INFO: 通道 12 采集进度: 30 / 30
[2026-08-04 11:05:49] INFO: 通道 12 采集进度: 30 / 30
[2026-08-04 11:05:50] INFO: 通道 12 采集进度: 30 / 30
[2026-08-04 11:05:50] INFO: 通道 12 采集进度: 30 / 30
[2026-08-04 11:05:51] INFO: 通道 12 采集进度: 30 / 30
[2026-08-04 11:05:51] INFO: 通道 12 采集进度: 30 / 30
[2026-08-04 11:05:52] INFO: 通道 12 采集进度: 30 / 30
[2026-08-04 11:05:52] INFO: 通道 12 采集进度: 30 / 30
[2026-08-04 11:05:53] INFO: 通道 12 采集进度: 30 / 30
[2026-08-04 11:05:53] INFO: 通道 12 采集进度: 30 / 30
[2026-08-04 11:05:54] INFO: 通道 12 采集进度: 30 / 30
[2026-08-04 11:05:54] INFO: 通道 12 采集进度: 30 / 30
[2026-08-04 11:05:55] INFO: 通道 12 采集进度: 30 / 30
[2026-08-04 11:05:55] INFO: 通道 12 采集进度: 30 / 30
[2026-08-04 11:05:56] INFO: 通道 12 采集进度: 30 / 30
[2026-08-04 11:05:56] INFO: 通道 12 采集进度: 30 / 30
[2026-08-04 11:05:57] INFO: 通道 12 采集进度: 30 / 30
[2026-08-04 11:05:57] INFO: 通道 12 采集进度: 30 / 30
[2026-08-04 11:05:58] INFO: 通道 12 采集进度: 30 / 30
[2026-08-04 11:05:58] INFO: 通道 12 采集进度: 30 / 30
[2026-08-04 11:05:59] INFO: 通道 12 采集进度: 30 / 30
[2026-08-04 11:06:00] INFO: 通道 12 采集进度: 30 / 30
[2026-08-04 11:06:00] INFO: 通道 12 采集进度: 30 / 30
[2026-08-04 11:06:01] INFO: 通道 12 采集进度: 30 / 30
[2026-08-04 11:06:01] INFO: 通道 12 采集进度: 30 / 30
[2026-08-04 11:06:02] INFO: 通道 12 采集进度: 30 / 30
[2026-08-04 11:06:02] INFO: 通道 12 采集进度: 30 / 30
[2026-08-04 11:06:03] INFO: 通道 12 采集进度: 30 / 30
[2026-08-04 11:06:03] INFO: 通道 12 采集进度: 30 / 30
[2026-08-04 11:06:04] INFO: 通道 12 采集进度: 30 / 30
[2026-08-04 11:06:04] INFO: 通道 12 采集进度: 30 / 30
[2026-08-04 11:06:05] INFO: 通道 12 采集进度: 30 / 30
[2026-08-04 11:06:05] INFO: 通道 12 采集进度: 30 / 30
[2026-08-04 11:06:06] INFO: 通道 12 采集进度: 30 / 30
[2026-08-04 11:06:06] INFO: 通道 12 采集进度: 30 / 30
[2026-08-04 11:06:07] INFO: 通道 12 采集进度: 30 / 30
[2026-08-04 11:06:07] INFO: 通道 12 采集进度: 30 / 30
[2026-08-04 11:06:08] INFO: 通道 12 采集进度: 30 / 30
[2026-08-04 11:06:08] INFO: 通道 12 采集进度: 30 / 30
[2026-08-04 11:06:09] INFO: 通道 12 采集进度: 30 / 30
[2026-08-04 11:06:09] INFO: 通道 12 采集进度: 30 / 30
[2026-08-04 11:06:10] INFO: 通道 12 采集进度: 30 / 30
[2026-08-04 11:06:10] INFO: 通道 12 采集进度: 30 / 30
[2026-08-04 11:06:11] INFO: 通道 12 采集进度: 30 / 30
[2026-08-04 11:06:11] INFO: 通道 12 采集进度: 30 / 30
[2026-08-04 11:06:12] INFO: 通道 12 采集进度: 30 / 30
[2026-08-04 11:06:12] INFO: 通道 12 采集进度: 30 / 30
[2026-08-04 11:06:13] INFO: 通道 12 采集进度: 30 / 30
[2026-08-04 11:06:13] INFO: 通道 12 采集进度: 30 / 30
[2026-08-04 11:06:14] INFO: 通道 12 采集进度: 30 / 30
[2026-08-04 11:06:14] INFO: 通道 12 采集进度: 30 / 30
[2026-08-04 11:06:15] INFO: 通道 12 采集进度: 30 / 30
[2026-08-04 11:06:15] INFO: 通道 12 采集进度: 30 / 30
[2026-08-04 11:06:16] INFO: 通道 12 采集进度: 30 / 30
[2026-08-04 11:06:16] INFO: 通道 12 采集进度: 30 / 30
[2026-08-04 11:06:17] INFO: 通道 12 采集进度: 30 / 30
[2026-08-04 11:06:17] INFO: 通道 12 采集进度: 30 / 30
[2026-08-04 11:06:18] INFO: 通道 12 采集进度: 30 / 30
[2026-08-04 11:06:18] INFO: 通道 12 采集进度: 30 / 30
[2026-08-04 11:06:19] INFO: 通道 12 采集进度: 30 / 30
[2026-08-04 11:06:19] INFO: 通道 12 采集进度: 30 / 30
[2026-08-04 11:06:20] INFO: 通道 12 采集进度: 30 / 30
[2026-08-04 11:06:20] INFO: 通道 12 采集进度: 30 / 30
[2026-08-04 11:06:21] INFO: 通道 12 采集进度: 30 / 30
[2026-08-04 11:06:21] INFO: 通道 12 采集进度: 30 / 30
[2026-08-04 11:06:22] INFO: 通道 12 采集进度: 30 / 30
[2026-08-04 11:06:22] INFO: 通道 12 采集进度: 30 / 30
[2026-08-04 11:06:23] INFO: 通道 12 采集进度: 30 / 30
[2026-08-04 11:06:23] INFO: 通道 12 采集进度: 30 / 30
[2026-08-04 11:06:24] INFO: 通道 12 采集进度: 30 / 30
[2026-08-04 11:06:24] INFO: 通道 12 采集进度: 30 / 30
[2026-08-04 11:06:25] INFO: 通道 12 采集进度: 30 / 30
[2026-08-04 11:06:25] INFO: 通道 12 采集进度: 30 / 30
[2026-08-04 11:06:26] INFO: 通道 12 采集进度: 30 / 30
[2026-08-04 11:06:26] INFO: 通道 12 采集进度: 30 / 30
[2026-08-04 11:06:27] INFO: 通道 12 采集进度: 30 / 30
[2026-08-04 11:06:27] INFO: 通道 12 采集进度: 30 / 30
[2026-08-04 11:06:28] INFO: 通道 12 采集进度: 30 / 30
[2026-08-04 11:06:28] INFO: 通道 12 采集进度: 30 / 30
[2026-08-04 11:06:29] INFO: 通道 12 采集进度: 30 / 30
[2026-08-04 11:06:29] INFO: 通道 12 采集进度: 30 / 30
[2026-08-04 11:06:30] INFO: 通道 12 采集进度: 30 / 30
[2026-08-04 11:06:30] INFO: 通道 12 采集进度: 30 / 30
[2026-08-04 11:06:31] INFO: 通道 12 采集进度: 30 / 30
[2026-08-04 11:06:31] INFO: 通道 12 采集进度: 30 / 30
[2026-08-04 11:06:32] INFO: 通道 12 采集进度: 30 / 30
[2026-08-04 11:06:32] INFO: 通道 12 采集进度: 30 / 30
[2026-08-04 11:06:33] INFO: 通道 12 采集进度: 30 / 30
[2026-08-04 11:06:33] INFO: 通道 12 采集进度: 30 / 30
[2026-08-04 11:06:34] INFO: 通道 12 采集进度: 30 / 30
[2026-08-04 11:06:34] INFO: 通道 12 采集进度: 30 / 30
[2026-08-04 11:06:35] INFO: 通道 12 采集进度: 30 / 30
[2026-08-04 11:06:36] INFO: 通道 12 采集进度: 30 / 30
[2026-08-04 11:06:36] INFO: 通道 12 采集进度: 30 / 30
[2026-08-04 11:06:37] INFO: 通道 12 采集进度: 30 / 30
[2026-08-04 11:06:37] INFO: ?? 虚拟光度计断开
[2026-08-04 11:06:38] INFO: 程序正常退出，日志系统关闭
