[2026-08-04 09:34:52] INFO: 程序启动，日志系统初始化成功
[2026-08-04 09:34:52] INFO: 主窗口初始化完成
[2026-08-04 09:34:52] INFO: TCP控制服务器已启动，端口8888
[2026-08-04 09:34:53] INFO: ? 已连接虚拟光度计 (二进制协议)
[2026-08-04 09:34:55] INFO: 滤波窗口大小调整为 6
[2026-08-04 09:34:56] INFO: 滤波窗口大小调整为 7
[2026-08-04 09:34:56] INFO: 滤波窗口大小调整为 6
[2026-08-04 09:34:56] INFO: 滤波窗口大小调整为 5
[2026-08-04 09:34:58] INFO: 滤波窗口大小调整为 6
[2026-08-04 09:34:58] INFO: 滤波窗口大小调整为 7
[2026-08-04 09:35:00] INFO: 用户点击“开始测试”
[2026-08-04 09:35:00] INFO: 测试流程启动，进入预热状态
[2026-08-04 09:35:01] INFO: 采集进度: 0 / 30
[2026-08-04 09:35:01] INFO: 采集进度: 0 / 30
[2026-08-04 09:35:02] INFO: 采集进度: 0 / 30
[2026-08-04 09:35:02] INFO: 采集进度: 0 / 30
[2026-08-04 09:35:02] INFO: 预热完成，进入采集状态
[2026-08-04 09:35:05] INFO: 采集进度: 5 / 30
[2026-08-04 09:35:07] INFO: 采集进度: 10 / 30
[2026-08-04 09:35:10] INFO: 采集进度: 15 / 30
[2026-08-04 09:35:12] INFO: 采集进度: 20 / 30
[2026-08-04 09:35:15] INFO: 采集进度: 25 / 30
[2026-08-04 09:35:17] INFO: 测试完成！平均OD: 0.9373，浓度: 4.20 mmol/L
[2026-08-04 09:35:17] INFO: 测试记录已保存到数据库
[2026-08-04 09:35:17] INFO: 计算完成，进入完成状态
[2026-08-04 09:35:17] INFO: 采集进度: 30 / 30
[2026-08-04 09:35:20] INFO: 用户点击“复位”
[2026-08-04 09:35:20] INFO: 测试已复位
[2026-08-04 09:35:21] INFO: 滤波窗口大小调整为 8
[2026-08-04 09:35:21] INFO: 滤波窗口大小调整为 9
[2026-08-04 09:35:21] INFO: 滤波窗口大小调整为 10
[2026-08-04 09:35:21] INFO: 滤波窗口大小调整为 11
[2026-08-04 09:35:21] INFO: 滤波窗口大小调整为 12
[2026-08-04 09:35:22] INFO: 滤波窗口大小调整为 13
[2026-08-04 09:35:22] INFO: 滤波窗口大小调整为 14
[2026-08-04 09:35:22] INFO: 滤波窗口大小调整为 15
[2026-08-04 09:35:23] INFO: 用户点击“开始测试”
[2026-08-04 09:35:23] INFO: 测试流程启动，进入预热状态
[2026-08-04 09:35:23] INFO: 采集进度: 0 / 30
[2026-08-04 09:35:24] INFO: 采集进度: 0 / 30
[2026-08-04 09:35:24] INFO: 采集进度: 0 / 30
[2026-08-04 09:35:25] INFO: 采集进度: 0 / 30
[2026-08-04 09:35:25] INFO: 预热完成，进入采集状态
[2026-08-04 09:35:28] INFO: 采集进度: 5 / 30
[2026-08-04 09:35:30] INFO: 采集进度: 10 / 30
[2026-08-04 09:35:33] INFO: 采集进度: 15 / 30
[2026-08-04 09:35:35] INFO: 采集进度: 20 / 30
[2026-08-04 09:35:38] INFO: 采集进度: 25 / 30
[2026-08-04 09:35:40] INFO: 测试完成！平均OD: 1.0878，浓度: 4.97 mmol/L
[2026-08-04 09:35:40] INFO: 测试记录已保存到数据库
[2026-08-04 09:35:40] INFO: 计算完成，进入完成状态
[2026-08-04 09:35:40] INFO: 采集进度: 30 / 30
[2026-08-04 09:35:48] INFO: 平滑滤波 禁用
[2026-08-04 09:35:51] INFO: 平滑滤波 启用
[2026-08-04 09:35:51] INFO: 平滑滤波 禁用
[2026-08-04 09:35:52] INFO: 平滑滤波 启用
[2026-08-04 09:35:53] INFO: 平滑滤波 禁用
[2026-08-04 09:35:53] INFO: 平滑滤波 启用
[2026-08-04 09:35:54] INFO: 平滑滤波 禁用
[2026-08-04 09:35:56] INFO: 用户点击“复位”
[2026-08-04 09:35:56] INFO: 测试已复位
[2026-08-04 09:35:57] INFO: 用户点击“开始测试”
[2026-08-04 09:35:57] INFO: 测试流程启动，进入预热状态
[2026-08-04 09:35:57] INFO: 采集进度: 0 / 30
[2026-08-04 09:35:57] INFO: 采集进度: 0 / 30
[2026-08-04 09:35:58] INFO: 采集进度: 0 / 30
[2026-08-04 09:35:58] INFO: 采集进度: 0 / 30
[2026-08-04 09:35:59] INFO: 平滑滤波 启用
[2026-08-04 09:35:59] INFO: 预热完成，进入采集状态
[2026-08-04 09:36:00] INFO: 平滑滤波 禁用
[2026-08-04 09:36:00] INFO: 平滑滤波 启用
[2026-08-04 09:36:01] INFO: 采集进度: 5 / 30
[2026-08-04 09:36:03] INFO: 平滑滤波 禁用
[2026-08-04 09:36:03] INFO: 平滑滤波 启用
[2026-08-04 09:36:04] INFO: 采集进度: 10 / 30
[2026-08-04 09:36:05] INFO: 平滑滤波 禁用
[2026-08-04 09:36:06] INFO: 采集进度: 15 / 30
[2026-08-04 09:36:06] INFO: 平滑滤波 启用
[2026-08-04 09:36:09] INFO: 采集进度: 20 / 30
[2026-08-04 09:36:11] INFO: 采集进度: 25 / 30
[2026-08-04 09:36:14] INFO: 测试完成！平均OD: 0.9879，浓度: 4.46 mmol/L
[2026-08-04 09:36:14] INFO: 测试记录已保存到数据库
[2026-08-04 09:36:14] INFO: 计算完成，进入完成状态
[2026-08-04 09:36:14] INFO: 采集进度: 30 / 30
[2026-08-04 09:36:15] INFO: 平滑滤波 禁用
[2026-08-04 09:36:15] INFO: 平滑滤波 启用
[2026-08-04 09:36:18] INFO: 平滑滤波 禁用
[2026-08-04 09:36:25] INFO: 用户点击“复位”
[2026-08-04 09:36:25] INFO: 测试已复位
[2026-08-04 09:36:26] INFO: 程序正常退出，日志系统关闭
