[2026-08-04 10:14:18] INFO: 程序启动，日志系统初始化成功
[2026-08-04 10:14:18] INFO: 主窗口初始化完成
[2026-08-04 10:14:18] INFO: TCP控制服务器已启动，端口8888
[2026-08-04 10:14:18] INFO: 正在连接LIS服务器 127.0.0.1:9997...
[2026-08-04 10:14:18] INFO: ? 已连接虚拟光度计 (二进制协议)
[2026-08-04 10:14:22] ERROR: LIS错误: Connection refused
[2026-08-04 10:14:25] INFO: 用户点击“开始测试”
[2026-08-04 10:14:25] INFO: 通道 8 采集进度: 0 / 30
[2026-08-04 10:14:25] INFO: 通道 8 采集进度: 0 / 30
[2026-08-04 10:14:26] INFO: 通道 8 采集进度: 0 / 30
[2026-08-04 10:14:26] INFO: 通道 8 采集进度: 0 / 30
[2026-08-04 10:14:27] INFO: 用户点击“复位”
[2026-08-04 10:14:46] INFO: 用户点击“开始测试”
[2026-08-04 10:14:47] INFO: 通道 21 采集进度: 0 / 30
[2026-08-04 10:14:47] INFO: 通道 21 采集进度: 0 / 30
[2026-08-04 10:14:48] INFO: 通道 21 采集进度: 0 / 30
[2026-08-04 10:14:48] INFO: 通道 21 采集进度: 0 / 30
[2026-08-04 10:14:51] INFO: 通道 21 采集进度: 5 / 30
[2026-08-04 10:14:53] INFO: 通道 21 采集进度: 10 / 30
[2026-08-04 10:14:54] INFO: 用户点击“复位”
[2026-08-04 10:14:57] INFO: 程序正常退出，日志系统关闭
