[2026-08-03 21:23:59] INFO: 程序启动，日志系统初始化成功
[2026-08-03 21:23:59] INFO: 主窗口初始化完成
[2026-08-03 21:23:59] INFO: TCP控制服务器已启动，端口8888
[2026-08-03 21:24:00] INFO: ? 已连接虚拟光度计 (二进制协议)
[2026-08-03 21:24:02] INFO: 用户点击“开始测试”
[2026-08-03 21:24:02] INFO: 测试流程启动，进入预热状态
[2026-08-03 21:24:02] INFO: 采集进度: 0 / 30
[2026-08-03 21:24:02] INFO: 采集进度: 0 / 30
[2026-08-03 21:24:03] INFO: 采集进度: 0 / 30
[2026-08-03 21:24:03] INFO: 采集进度: 0 / 30
[2026-08-03 21:24:04] INFO: 预热完成，进入采集状态
[2026-08-03 21:24:06] INFO: 采集进度: 5 / 30
[2026-08-03 21:24:09] INFO: 采集进度: 10 / 30
[2026-08-03 21:24:11] INFO: 采集进度: 15 / 30
[2026-08-03 21:24:14] INFO: 采集进度: 20 / 30
[2026-08-03 21:24:16] INFO: 采集进度: 25 / 30
[2026-08-03 21:24:19] INFO: 测试完成！平均OD: 1.2242，浓度: 5.67 mmol/L
[2026-08-03 21:24:19] INFO: 计算完成，进入完成状态
[2026-08-03 21:24:19] INFO: 采集进度: 30 / 30
[2026-08-03 21:24:21] INFO: 用户点击导出PDF报告
[2026-08-03 21:24:24] INFO: PDF页面尺寸: 2145 x 3174
[2026-08-03 21:24:25] INFO: 曲线截图已嵌入，尺寸: 721x220
[2026-08-03 21:24:25] INFO: PDF报告已生成: C:/Users/22836/Desktop/Report_20260803_212421.pdf
[2026-08-03 21:25:07] INFO: 用户点击导出PDF报告
[2026-08-03 21:25:11] INFO: PDF页面尺寸: 2145 x 3174
[2026-08-03 21:25:11] INFO: 曲线截图已嵌入，尺寸: 721x220
[2026-08-03 21:25:11] INFO: PDF报告已生成: C:/Users/22836/Desktop/Report_20260803_212507.pdf
[2026-08-03 21:27:42] INFO: 程序正常退出，日志系统关闭
