[2026-08-03 18:39:52] INFO: 程序启动，日志系统初始化成功
[2026-08-03 18:39:52] INFO: 主窗口初始化完成
[2026-08-03 18:39:52] INFO: TCP控制服务器已启动，端口8888
[2026-08-03 18:39:53] INFO: ? 已连接虚拟光度计 (二进制协议)
[2026-08-03 18:39:56] INFO: 用户点击“开始测试”
[2026-08-03 18:39:56] INFO: 测试流程启动，进入预热状态
[2026-08-03 18:39:56] INFO: 采集进度: 0 / 30
[2026-08-03 18:39:56] INFO: 采集进度: 0 / 30
[2026-08-03 18:39:57] INFO: 采集进度: 0 / 30
[2026-08-03 18:39:57] INFO: 采集进度: 0 / 30
[2026-08-03 18:39:58] INFO: 预热完成，进入采集状态
[2026-08-03 18:40:00] INFO: 采集进度: 5 / 30
[2026-08-03 18:40:02] INFO: 采集进度: 10 / 30
[2026-08-03 18:40:05] INFO: 采集进度: 15 / 30
[2026-08-03 18:40:07] INFO: 采集进度: 20 / 30
[2026-08-03 18:40:10] INFO: 采集进度: 25 / 30
[2026-08-03 18:40:12] INFO: 测试完成！平均OD: 1.1872，浓度: 5.48 mmol/L
[2026-08-03 18:40:12] INFO: 计算完成，进入完成状态
[2026-08-03 18:40:12] INFO: 采集进度: 30 / 30
[2026-08-03 18:40:27] INFO: 程序正常退出，日志系统关闭
