[2026-08-04 10:17:16] INFO: 程序启动，日志系统初始化成功
[2026-08-04 10:17:16] INFO: 主窗口初始化完成
[2026-08-04 10:17:16] INFO: TCP控制服务器已启动，端口8888
[2026-08-04 10:17:17] INFO: 正在连接LIS服务器 127.0.0.1:9997...
[2026-08-04 10:17:17] INFO: ? 已连接虚拟光度计 (二进制协议)
[2026-08-04 10:17:18] INFO: 用户点击“开始测试”
[2026-08-04 10:17:21] ERROR: LIS错误: Connection refused
[2026-08-04 10:17:29] INFO: 用户点击“开始测试”
[2026-08-04 10:17:30] INFO: 用户点击“开始测试”
[2026-08-04 10:17:31] INFO: 用户点击“开始测试”
[2026-08-04 10:17:32] INFO: 用户点击“开始测试”
[2026-08-04 10:17:32] INFO: 用户点击“开始测试”
[2026-08-04 10:17:32] INFO: 用户点击“开始测试”
[2026-08-04 10:17:32] INFO: 用户点击“开始测试”
[2026-08-04 10:17:33] INFO: 用户点击“复位”
[2026-08-04 10:17:34] INFO: 用户点击“开始测试”
[2026-08-04 10:17:40] INFO: 用户点击“开始测试”
[2026-08-04 10:17:41] INFO: 用户点击“复位”
[2026-08-04 10:17:42] INFO: 用户点击“开始测试”
[2026-08-04 10:17:45] INFO: 程序正常退出，日志系统关闭
