[2026-08-03 21:40:49] INFO: 程序启动，日志系统初始化成功
[2026-08-03 21:40:49] INFO: 主窗口初始化完成
[2026-08-03 21:40:49] INFO: TCP控制服务器已启动，端口8888
[2026-08-03 21:40:49] INFO: ? 已连接虚拟光度计 (二进制协议)
[2026-08-03 21:40:52] INFO: 用户点击“开始测试”
[2026-08-03 21:40:52] INFO: 测试流程启动，进入预热状态
[2026-08-03 21:40:52] INFO: 采集进度: 0 / 30
[2026-08-03 21:40:52] INFO: 采集进度: 0 / 30
[2026-08-03 21:40:53] INFO: 采集进度: 0 / 30
[2026-08-03 21:40:53] INFO: 采集进度: 0 / 30
[2026-08-03 21:40:54] INFO: 预热完成，进入采集状态
[2026-08-03 21:40:56] INFO: 采集进度: 5 / 30
[2026-08-03 21:40:58] INFO: 采集进度: 10 / 30
[2026-08-03 21:41:01] INFO: 采集进度: 15 / 30
[2026-08-03 21:41:04] INFO: 采集进度: 20 / 30
[2026-08-03 21:41:06] INFO: 采集进度: 25 / 30
[2026-08-03 21:41:09] INFO: 测试完成！平均OD: 1.2240，浓度: 5.67 mmol/L
[2026-08-03 21:41:09] INFO: 计算完成，进入完成状态
[2026-08-03 21:41:09] INFO: 采集进度: 30 / 30
[2026-08-03 21:41:10] INFO: 用户点击导出PDF报告
[2026-08-03 21:41:13] INFO: PDF页面尺寸: 2145 x 3174
[2026-08-03 21:41:13] INFO: 曲线截图已嵌入，尺寸: 721x220
[2026-08-03 21:41:14] INFO: PDF报告已生成: C:/Users/22836/Desktop/Report_20260803_214110.pdf
[2026-08-03 21:42:21] INFO: 程序正常退出，日志系统关闭
