[2026-08-03 19:27:56] INFO: 程序启动，日志系统初始化成功
[2026-08-03 19:27:56] INFO: 主窗口初始化完成
[2026-08-03 19:27:56] INFO: TCP控制服务器已启动，端口8888
[2026-08-03 19:27:57] INFO: ? 已连接虚拟光度计 (二进制协议)
[2026-08-03 19:27:59] INFO: 用户点击“开始测试”
[2026-08-03 19:27:59] INFO: 测试流程启动，进入预热状态
[2026-08-03 19:27:59] INFO: 采集进度: 0 / 30
[2026-08-03 19:27:59] INFO: 采集进度: 0 / 30
[2026-08-03 19:28:00] INFO: 采集进度: 0 / 30
[2026-08-03 19:28:00] INFO: 采集进度: 0 / 30
[2026-08-03 19:28:01] INFO: 预热完成，进入采集状态
[2026-08-03 19:28:03] INFO: 采集进度: 5 / 30
[2026-08-03 19:28:05] INFO: 采集进度: 10 / 30
[2026-08-03 19:28:08] INFO: 采集进度: 15 / 30
[2026-08-03 19:28:10] INFO: 采集进度: 20 / 30
[2026-08-03 19:28:13] INFO: 采集进度: 25 / 30
[2026-08-03 19:28:16] INFO: 测试完成！平均OD: 1.2599，浓度: 5.86 mmol/L
[2026-08-03 19:28:16] INFO: 计算完成，进入完成状态
[2026-08-03 19:28:16] INFO: 采集进度: 30 / 30
[2026-08-03 19:28:21] INFO: 用户点击导出PDF报告
[2026-08-03 19:28:24] INFO: PDF报告已生成: C:/Users/22836/Desktop/Report_20260803_192821.pdf
[2026-08-03 19:31:31] INFO: 程序正常退出，日志系统关闭
